Component: ARM Compiler 5.05 update 1 (build 106) Tool: armlink [4d0efa]

==============================================================================

Section Cross References

    main.o(.text) refers to sys.o(.text) for SystemHardwareDriverInit
    main.o(.text) refers to systick.o(.text) for SysTick_Init
    main.o(.text) refers to taskmanage.o(.text) for TaskCreateFunction
    main.o(.text) refers to tasks.o(.text) for vTaskStartScheduler
    system_stm32f10x.o(.text) refers to system_stm32f10x.o(.data) for .data
    led.o(.text) refers to stm32f10x_rcc.o(.text) for RCC_APB2PeriphClockCmd
    led.o(.text) refers to stm32f10x_gpio.o(.text) for GPIO_Init
    led.o(.text) refers to fflt_clz.o(x$fpl$ffltu) for __aeabi_ui2f
    led.o(.text) refers to fdiv.o(x$fpl$fdiv) for __aeabi_fdiv
    pwr.o(.text) refers to stm32f10x_rcc.o(.text) for RCC_APB2PeriphClockCmd
    pwr.o(.text) refers to stm32f10x_gpio.o(.text) for GPIO_Init
    handle.o(.text) refers to stm32f10x_rcc.o(.text) for RCC_APB2PeriphClockCmd
    handle.o(.text) refers to stm32f10x_gpio.o(.text) for GPIO_Init
    handle.o(.text) refers to stm32f10x_adc.o(.text) for ADC_DeInit
    handle.o(.text) refers to delay.o(.text) for delay_ms
    lcd.o(.text) refers to lcd_init.o(.text) for LCD_Address_Set
    lcd.o(.text) refers to lcd.o(.constdata) for .constdata
    lcd.o(.text) refers to fmul.o(x$fpl$fmul) for __aeabi_fmul
    lcd.o(.text) refers to ffixu.o(x$fpl$ffixu) for __aeabi_f2uiz
    lcd_init.o(.text) refers to stm32f10x_rcc.o(.text) for RCC_APB2PeriphClockCmd
    lcd_init.o(.text) refers to stm32f10x_gpio.o(.text) for GPIO_PinRemapConfig
    lcd_init.o(.text) refers to delay.o(.text) for delay_ms
    charger.o(.text) refers to stm32f10x_rcc.o(.text) for RCC_APB2PeriphClockCmd
    charger.o(.text) refers to stm32f10x_gpio.o(.text) for GPIO_Init
    charger.o(.text) refers to stm32f10x_adc.o(.text) for ADC_DeInit
    charger.o(.text) refers to delay.o(.text) for delay_ms
    key.o(.text) refers to stm32f10x_rcc.o(.text) for RCC_APB2PeriphClockCmd
    key.o(.text) refers to stm32f10x_gpio.o(.text) for GPIO_Init
    key.o(.text) refers to delay.o(.text) for delay_ms
    key.o(.text) refers to key.o(.data) for .data
    delay.o(.text) refers to tasks.o(.text) for xTaskGetSchedulerState
    delay.o(.text) refers to port.o(.text) for xPortSysTickHandler
    delay.o(.text) refers to misc.o(.text) for SysTick_CLKSourceConfig
    delay.o(.text) refers to system_stm32f10x.o(.data) for SystemCoreClock
    delay.o(.text) refers to delay.o(.data) for .data
    sys.o(.text) refers to misc.o(.text) for NVIC_PriorityGroupConfig
    sys.o(.text) refers to pwr.o(.text) for Power_Init
    sys.o(.text) refers to delay.o(.text) for delay_init
    sys.o(.text) refers to usart.o(.text) for UART4_Config
    sys.o(.text) refers to led.o(.text) for LED_Init
    sys.o(.text) refers to handle.o(.text) for Handle_Init
    sys.o(.text) refers to charger.o(.text) for Charger_Init
    sys.o(.text) refers to key.o(.text) for KEY_Init
    sys.o(.text) refers to lcd_init.o(.text) for LCD_Init
    sys.o(.text) refers to lcd.o(.text) for LCD_Fill
    sys.o(.text) refers to picture.o(.constdata) for gImage_Picture
    sys.o(.text) refers to picture.o(.constdata) for gImage_Mode
    sys.o(.text) refers to picture.o(.constdata) for gImage_Order
    sys.o(.text) refers to picture.o(.constdata) for gImage_Handle
    sys.o(.text) refers to picture.o(.constdata) for gImage_Stop
    usart.o(.text) refers (Special) to use_no_semi_2.o(.text) for __use_no_semihosting
    usart.o(.text) refers to stm32f10x_rcc.o(.text) for RCC_APB1PeriphClockCmd
    usart.o(.text) refers to stm32f10x_gpio.o(.text) for GPIO_Init
    usart.o(.text) refers to stm32f10x_usart.o(.text) for USART_Init
    usart.o(.data) refers (Special) to use_no_semi_2.o(.text) for __use_no_semihosting
    systick.o(.text) refers to misc.o(.text) for SysTick_CLKSourceConfig
    systick.o(.text) refers to tasks.o(.text) for xTaskGetSchedulerState
    systick.o(.text) refers to delay.o(.text) for delay_us
    systick.o(.text) refers to system_stm32f10x.o(.data) for SystemCoreClock
    systick.o(.text) refers to systick.o(.data) for .data
    startup_stm32f10x_hd.o(STACK) refers (Special) to heapauxi.o(.text) for __use_two_region_memory
    startup_stm32f10x_hd.o(HEAP) refers (Special) to heapauxi.o(.text) for __use_two_region_memory
    startup_stm32f10x_hd.o(RESET) refers (Special) to heapauxi.o(.text) for __use_two_region_memory
    startup_stm32f10x_hd.o(RESET) refers to startup_stm32f10x_hd.o(STACK) for __initial_sp
    startup_stm32f10x_hd.o(RESET) refers to startup_stm32f10x_hd.o(.text) for Reset_Handler
    startup_stm32f10x_hd.o(RESET) refers to stm32f10x_it.o(.text) for NMI_Handler
    startup_stm32f10x_hd.o(RESET) refers to port.o(.emb_text) for SVC_Handler
    startup_stm32f10x_hd.o(RESET) refers to delay.o(.text) for SysTick_Handler
[...]
    CL$$btod_d2e                             0x08005d80   Section       62  btod.o(CL$$btod_d2e)
    CL$$btod_d2e_denorm_low                  0x08005dbe   Section       70  btod.o(CL$$btod_d2e_denorm_low)
    CL$$btod_d2e_norm_op1                    0x08005e04   Section       96  btod.o(CL$$btod_d2e_norm_op1)
    CL$$btod_div_common                      0x08005e64   Section      824  btod.o(CL$$btod_div_common)
    CL$$btod_e2e                             0x0800619c   Section      198  btod.o(CL$$btod_e2e)
    CL$$btod_ediv                            0x08006262   Section       40  btod.o(CL$$btod_ediv)
    CL$$btod_emul                            0x0800628a   Section       40  btod.o(CL$$btod_emul)
    CL$$btod_mult_common                     0x080062b2   Section      580  btod.o(CL$$btod_mult_common)
    i.__ARM_fpclassify                       0x080064f6   Section        0  fpclassify.o(i.__ARM_fpclassify)
    i._is_digit                              0x0800651e   Section        0  __printf_wp.o(i._is_digit)
    locale$$code                             0x0800652c   Section       44  lc_numeric_c.o(locale$$code)
    x$fpl$dretinf                            0x08006558   Section       12  dretinf.o(x$fpl$dretinf)
    x$fpl$f2d                                0x08006564   Section       86  f2d.o(x$fpl$f2d)
    x$fpl$fcheck1                            0x080065bc   Section       12  fcheck1.o(x$fpl$fcheck1)
    x$fpl$fdiv                               0x080065c8   Section      388  fdiv.o(x$fpl$fdiv)
    _fdiv1                                   0x080065c9   Thumb Code     0  fdiv.o(x$fpl$fdiv)
    x$fpl$ffixu                              0x0800674c   Section       62  ffixu.o(x$fpl$ffixu)
    x$fpl$ffltu                              0x0800678c   Section       38  fflt_clz.o(x$fpl$ffltu)
    x$fpl$fmul                               0x080067b4   Section      258  fmul.o(x$fpl$fmul)
    x$fpl$fnaninf                            0x080068b6   Section      140  fnaninf.o(x$fpl$fnaninf)
    x$fpl$fretinf                            0x08006942   Section       10  fretinf.o(x$fpl$fretinf)
    x$fpl$printf1                            0x0800694c   Section        4  printf1.o(x$fpl$printf1)
    x$fpl$retnan                             0x08006950   Section      100  retnan.o(x$fpl$retnan)
    x$fpl$scalbnf                            0x080069b4   Section       76  scalbnf.o(x$fpl$scalbnf)
    x$fpl$trapveneer                         0x08006a00   Section       48  trapv.o(x$fpl$trapveneer)
    .constdata                               0x08006a30   Section    13896  lcd.o(.constdata)
    x$fpl$usenofp                            0x08006a30   Section        0  usenofp.o(x$fpl$usenofp)
    .constdata                               0x0800a078   Section    12800  picture.o(.constdata)
    .constdata                               0x0800d278   Section     2520  picture.o(.constdata)
    .constdata                               0x0800dc50   Section     2520  picture.o(.constdata)
    .constdata                               0x0800e628   Section     1440  picture.o(.constdata)
    .constdata                               0x0800ebc8   Section     1440  picture.o(.constdata)
    .constdata                               0x0800f168   Section     1440  picture.o(.constdata)
    .constdata                               0x0800f708   Section     1440  picture.o(.constdata)
    .constdata                               0x0800fca8   Section     1440  picture.o(.constdata)
    .constdata                               0x08010248   Section     1440  picture.o(.constdata)
    .constdata                               0x080107e8   Section     1440  picture.o(.constdata)
    .constdata                               0x08010d88   Section      148  bigflt0.o(.constdata)
    tenpwrs_x                                0x08010d88   Data          60  bigflt0.o(.constdata)
    tenpwrs_i                                0x08010dc4   Data          64  bigflt0.o(.constdata)
    locale$$data                             0x08010e3c   Section       28  lc_numeric_c.o(locale$$data)
    __lcnum_c_name                           0x08010e40   Data           2  lc_numeric_c.o(locale$$data)
    __lcnum_c_start                          0x08010e48   Data           0  lc_numeric_c.o(locale$$data)
    __lcnum_c_point                          0x08010e54   Data           0  lc_numeric_c.o(locale$$data)
    __lcnum_c_thousands                      0x08010e56   Data           0  lc_numeric_c.o(locale$$data)
    __lcnum_c_grouping                       0x08010e57   Data           0  lc_numeric_c.o(locale$$data)
    __lcnum_c_end                            0x08010e58   Data           0  lc_numeric_c.o(locale$$data)
    .data                                    0x20000000   Section       20  system_stm32f10x.o(.data)
    .data                                    0x20000014   Section        1  key.o(.data)
    key_up                                   0x20000014   Data           1  key.o(.data)
    .data                                    0x20000016   Section        4  delay.o(.data)
    fac_us                                   0x20000016   Data           1  delay.o(.data)
    fac_ms                                   0x20000018   Data           2  delay.o(.data)
    .data                                    0x2000001c   Section        4  usart.o(.data)
    .data                                    0x20000020   Section        4  systick.o(.data)
    fac_us                                   0x20000020   Data           1  systick.o(.data)
    fac_ms                                   0x20000022   Data           2  systick.o(.data)
    .data                                    0x20000024   Section       20  stm32f10x_rcc.o(.data)
    ADCPrescTable                            0x20000024   Data           4  stm32f10x_rcc.o(.data)
    APBAHBPrescTable                         0x20000028   Data          16  stm32f10x_rcc.o(.data)
    .data                                    0x20000038   Section       60  tasks.o(.data)
    uxDeletedTasksWaitingCleanUp             0x2000003c   Data           4  tasks.o(.data)
    uxCurrentNumberOfTasks                   0x20000040   Data           4  tasks.o(.data)
    xTickCount                               0x20000044   Data           4  tasks.o(.data)
    uxTopReadyPriority                       0x20000048   Data           4  tasks.o(.data)
    xSchedulerRunning                        0x2000004c   Data           4  tasks.o(.data)
    uxPendedTicks                            0x20000050   Data           4  tasks.o(.data)
    xYieldPending                            0x20000054   Data           4  tasks.o(.data)
    xNumOfOverflows                          0x20000058   Data           4  tasks.o(.data)
    uxTaskNumber                             0x2000005c   Data           4  tasks.o(.data)
    xNextTaskUnblockTime                     0x20000060   Data           4  tasks.o(.data)
    xIdleTaskHandle                          0x20000064   Data           4  tasks.o(.data)
    uxSchedulerSuspended                     0x20000068   Data           4  tasks.o(.data)
    pxDelayedTaskList                        0x2000006c   Data           4  tasks.o(.data)
    pxOverflowDelayedTaskList                0x20000070   Data           4  tasks.o(.data)
    .data                                    0x20000074   Section       20  timers.o(.data)
    xTimerQueue                              0x20000074   Data           4  timers.o(.data)
    xTimerTaskHandle                         0x20000078   Data           4  timers.o(.data)
    xLastTime                                0x2000007c   Data           4  timers.o(.data)
    pxCurrentTimerList                       0x20000080   Data           4  timers.o(.data)
    pxOverflowTimerList                      0x20000084   Data           4  timers.o(.data)
    .data                                    0x20000088   Section       12  port.o(.data)
    ucMaxSysCallPriority                     0x20000088   Data           1  port.o(.data)
    uxCriticalNesting                        0x2000008c   Data           4  port.o(.data)
    ulMaxPRIGROUPValue                       0x20000090   Data           4  port.o(.data)
    .data                                    0x20000094   Section       24  heap_4.o(.data)
    pxEnd                                    0x20000094   Data           4  heap_4.o(.data)
    xFreeBytesRemaining                      0x20000098   Data           4  heap_4.o(.data)
    xMinimumEverFreeBytesRemaining           0x2000009c   Data           4  heap_4.o(.data)
    xBlockAllocatedBit                       0x200000a0   Data           4  heap_4.o(.data)
    xStart                                   0x200000a4   Data           8  heap_4.o(.data)
    .data                                    0x200000ac   Section       48  taskmanage.o(.data)
    .bss                                     0x200000dc   Section       64  queue.o(.bss)
    .bss                                     0x2000011c   Section      740  tasks.o(.bss)
    pxReadyTasksLists                        0x2000011c   Data         640  tasks.o(.bss)
    xDelayedTaskList1                        0x2000039c   Data          20  tasks.o(.bss)
    xDelayedTaskList2                        0x200003b0   Data          20  tasks.o(.bss)
    xPendingReadyList                        0x200003c4   Data          20  tasks.o(.bss)
    xTasksWaitingTermination                 0x200003d8   Data          20  tasks.o(.bss)
    xSuspendedTaskList                       0x200003ec   Data          20  tasks.o(.bss)
    .bss                                     0x20000400   Section       40  timers.o(.bss)
    xActiveTimerList1                        0x20000400   Data          20  timers.o(.bss)
    xActiveTimerList2                        0x20000414   Data          20  timers.o(.bss)
    .bss                                     0x20000428   Section    20480  heap_4.o(.bss)
    ucHeap                                   0x20000428   Data       20480  heap_4.o(.bss)
    .bss                                     0x20005428   Section       96  libspace.o(.bss)
    HEAP                                     0x20005488   Section      512  startup_stm32f10x_hd.o(HEAP)
    Heap_Mem                                 0x20005488   Data         512  startup_stm32f10x_hd.o(HEAP)
    STACK                                    0x20005688   Section     1024  startup_stm32f10x_hd.o(STACK)
    Stack_Mem                                0x20005688   Data        1024  startup_stm32f10x_hd.o(STACK)
    __initial_sp                             0x20005a88   Data           0  startup_stm32f10x_hd.o(STACK)

    Global Symbols

    Symbol Name                              Value     Ov Type        Size  Object(Section)

    BuildAttributes$$THM_ISAv4$P$D$K$B$S$PE$A:L22UL41UL21$X:L11$S22US41US21$IEEE1$IW$USESV6$~STKCKD$USESV7$~SHL$OTIME$ROPI$IEEEJ$EBA8$UX$STANDARDLIB$REQ8$PRES8$EABIv2 0x00000000   Number         0  anon$$obj.o ABSOLUTE
    __ARM_use_no_argv                        0x00000000   Number         0  main.o ABSOLUTE
    _printf_flags                            0x00000000   Number         0  printf_stubs.o ABSOLUTE
    _printf_return_value                     0x00000000   Number         0  printf_stubs.o ABSOLUTE
    _printf_sizespec                         0x00000000   Number         0  printf_stubs.o ABSOLUTE
    _printf_widthprec                        0x00000000   Number         0  printf_stubs.o ABSOLUTE
    __ARM_exceptions_init                     - Undefined Weak Reference
    __alloca_initialize                       - Undefined Weak Reference
    __arm_preinit_                            - Undefined Weak Reference
    __cpp_initialize__aeabi_                  - Undefined Weak Reference
    __cxa_finalize                            - Undefined Weak Reference
    __sigvec_lookup                           - Undefined Weak Reference
    _atexit_init                              - Undefined Weak Reference
    _call_atexit_fns                          - Undefined Weak Reference
    _clock_init                               - Undefined Weak Reference
    _fp_trap_init                             - Undefined Weak Reference
    _fp_trap_shutdown                         - Undefined Weak Reference
    _get_lc_collate                           - Undefined Weak Reference
    _get_lc_ctype                             - Undefined Weak Reference
    _get_lc_monetary                          - Undefined Weak Reference
    _get_lc_time                              - Undefined Weak Reference
    _getenv_init                              - Undefined Weak Reference
    _handle_redirection                       - Undefined Weak Reference
    _init_alloc                               - Undefined Weak Reference
    _init_user_alloc                          - Undefined Weak Reference
    _initio                                   - Undefined Weak Reference
    _mutex_acquire                            - Undefined Weak Reference
    _mutex_release                            - Undefined Weak Reference
    _printf_mbtowc                            - Undefined Weak Reference
    _printf_truncate_signed                   - Undefined Weak Reference
    _printf_truncate_unsigned                 - Undefined Weak Reference
    _rand_init                                - Undefined Weak Reference
    _signal_finish                            - Undefined Weak Reference
    _signal_init                              - Undefined Weak Reference
    _terminate_alloc                          - Undefined Weak Reference
    _terminate_user_alloc                     - Undefined Weak Reference
    _terminateio                              - Undefined Weak Reference
    __Vectors_Size                           0x00000130   Number         0  startup_stm32f10x_hd.o ABSOLUTE
    __Vectors                                0x08000000   Data           4  startup_stm32f10x_hd.o(RESET)
    __Vectors_End                            0x08000130   Data           0  startup_stm32f10x_hd.o(RESET)
    __main                                   0x08000131   Thumb Code     8  __main.o(!!!main)
    __scatterload                            0x08000139   Thumb Code     0  __scatter.o(!!!scatter)
    __scatterload_rt2                        0x08000139   Thumb Code    44  __scatter.o(!!!scatter)
    __scatterload_rt2_thumb_only             0x08000139   Thumb Code     0  __scatter.o(!!!scatter)
    __scatterload_null                       0x08000147   Thumb Code     0  __scatter.o(!!!scatter)
    __scatterload_copy                       0x0800016d   Thumb Code    26  __scatter_copy.o(!!handler_copy)
    __scatterload_zeroinit                   0x08000189   Thumb Code    28  __scatter_zi.o(!!handler_zi)
    _printf_f                                0x080001a5   Thumb Code     0  _printf_f.o(.ARM.Collect$$_printf_percent$$00000003)
    _printf_percent                          0x080001a5   Thumb Code     0  _printf_percent.o(.ARM.Collect$$_printf_percent$$00000000)
    _printf_d                                0x080001ab   Thumb Code     0  _printf_d.o(.ARM.Collect$$_printf_percent$$00000009)
    _printf_u                                0x080001b1   Thumb Code     0  _printf_u.o(.ARM.Collect$$_printf_percent$$0000000A)
    _printf_c                                0x080001b7   Thumb Code     0  _printf_c.o(.ARM.Collect$$_printf_percent$$00000013)
    _printf_s                                0x080001bd   Thumb Code     0  _printf_s.o(.ARM.Collect$$_printf_percent$$00000014)
    _printf_percent_end                      0x080001c3   Thumb Code     0  _printf_percent_end.o(.ARM.Collect$$_printf_percent$$00000017)
    __rt_lib_init                            0x080001c7   Thumb Code     0  libinit.o(.ARM.Collect$$libinit$$00000000)
    __rt_lib_init_fp_1                       0x080001c9   Thumb Code     0  libinit2.o(.ARM.Collect$$libinit$$00000002)
    __rt_lib_init_heap_1                     0x080001c9   Thumb Code     0  libinit2.o(.ARM.Collect$$libinit$$0000000A)
    __rt_lib_init_lc_common                  0x080001c9   Thumb Code     0  libinit2.o(.ARM.Collect$$libinit$$0000000F)
    __rt_lib_init_preinit_1                  0x080001c9   Thumb Code     0  libinit2.o(.ARM.Collect$$libinit$$00000004)
    __rt_lib_init_rand_1                     0x080001c9   Thumb Code     0  libinit2.o(.ARM.Collect$$libinit$$0000000E)
    __rt_lib_init_user_alloc_1               0x080001c9   Thumb Code     0  libinit2.o(.ARM.Collect$$libinit$$0000000C)
    __rt_lib_init_lc_collate_1               0x080001cf   Thumb Code     0  libinit2.o(.ARM.Collect$$libinit$$00000011)
    __rt_lib_init_lc_ctype_1                 0x080001cf   Thumb Code     0  libinit2.o(.ARM.Collect$$libinit$$00000013)
    __rt_lib_init_lc_monetary_1              0x080001cf   Thumb Code     0  libinit2.o(.ARM.Collect$$libinit$$00000015)
    __rt_lib_init_lc_numeric_2               0x080001cf   Thumb Code     0  libinit2.o(.ARM.Collect$$libinit$$00000016)
    __rt_lib_init_alloca_1                   0x080001d9   Thumb Code     0  libinit2.o(.ARM.Collect$$libinit$$0000002E)
    __rt_lib_init_argv_1                     0x080001d9   Thumb Code     0  libinit2.o(.ARM.Collect$$libinit$$0000002C)
    __rt_lib_init_atexit_1                   0x080001d9   Thumb Code     0  libinit2.o(.ARM.Collect$$libinit$$0000001B)
    __rt_lib_init_clock_1                    0x080001d9   Thumb Code     0  libinit2.o(.ARM.Collect$$libinit$$00000021)
    __rt_lib_init_cpp_1                      0x080001d9   Thumb Code     0  libinit2.o(.ARM.Collect$$libinit$$00000032)
    __rt_lib_init_exceptions_1               0x080001d9   Thumb Code     0  libinit2.o(.ARM.Collect$$libinit$$00000030)
    __rt_lib_init_fp_trap_1                  0x080001d9   Thumb Code     0  libinit2.o(.ARM.Collect$$libinit$$0000001F)
    __rt_lib_init_getenv_1                   0x080001d9   Thumb Code     0  libinit2.o(.ARM.Collect$$libinit$$00000023)
    __rt_lib_init_lc_numeric_1               0x080001d9   Thumb Code     0  libinit2.o(.ARM.Collect$$libinit$$00000017)
    __rt_lib_init_lc_time_1                  0x080001d9   Thumb Code     0  libinit2.o(.ARM.Collect$$libinit$$00000019)
    __rt_lib_init_return                     0x080001d9   Thumb Code     0  libinit2.o(.ARM.Collect$$libinit$$00000033)
    __rt_lib_init_signal_1                   0x080001d9   Thumb Code     0  libinit2.o(.ARM.Collect$$libinit$$0000001D)
    __rt_lib_init_stdio_1                    0x080001d9   Thumb Code     0  libinit2.o(.ARM.Collect$$libinit$$00000025)
    __rt_lib_shutdown                        0x080001db   Thumb Code     0  libshutdown.o(.ARM.Collect$$libshutdown$$00000000)
    __rt_lib_shutdown_fp_trap_1              0x080001dd   Thumb Code     0  libshutdown2.o(.ARM.Collect$$libshutdown$$00000006)
    __rt_lib_shutdown_heap_1                 0x080001dd   Thumb Code     0  libshutdown2.o(.ARM.Collect$$libshutdown$$0000000E)
    __rt_lib_shutdown_return                 0x080001dd   Thumb Code     0  libshutdown2.o(.ARM.Collect$$libshutdown$$0000000F)
    __rt_lib_shutdown_signal_1               0x080001dd   Thumb Code     0  libshutdown2.o(.ARM.Collect$$libshutdown$$00000009)
    __rt_lib_shutdown_stdio_1                0x080001dd   Thumb Code     0  libshutdown2.o(.ARM.Collect$$libshutdown$$00000003)
    __rt_lib_shutdown_user_alloc_1           0x080001dd   Thumb Code     0  libshutdown2.o(.ARM.Collect$$libshutdown$$0000000B)
    __rt_entry                               0x080001df   Thumb Code     0  __rtentry.o(.ARM.Collect$$rtentry$$00000000)
    __rt_entry_presh_1                       0x080001df   Thumb Code     0  __rtentry2.o(.ARM.Collect$$rtentry$$00000002)
    __rt_entry_sh                            0x080001df   Thumb Code     0  __rtentry4.o(.ARM.Collect$$rtentry$$00000004)
    __rt_entry_li                            0x080001e5   Thumb Code     0  __rtentry2.o(.ARM.Collect$$rtentry$$0000000A)
    __rt_entry_postsh_1                      0x080001e5   Thumb Code     0  __rtentry2.o(.ARM.Collect$$rtentry$$00000009)
    __rt_entry_main                          0x080001e9   Thumb Code     0  __rtentry2.o(.ARM.Collect$$rtentry$$0000000D)
    __rt_entry_postli_1                      0x080001e9   Thumb Code     0  __rtentry2.o(.ARM.Collect$$rtentry$$0000000C)
    __rt_exit                                0x080001f1   Thumb Code     0  rtexit.o(.ARM.Collect$$rtexit$$00000000)
    __rt_exit_ls                             0x080001f3   Thumb Code     0  rtexit2.o(.ARM.Collect$$rtexit$$00000003)
    __rt_exit_prels_1                        0x080001f3   Thumb Code     0  rtexit2.o(.ARM.Collect$$rtexit$$00000002)
    __rt_exit_exit                           0x080001f7   Thumb Code     0  rtexit2.o(.ARM.Collect$$rtexit$$00000004)
    SVC_Handler                              0x080001fd   Thumb Code    32  port.o(.emb_text)
    __asm___6_port_c_39a90d8d__prvStartFirstTask 0x08000221   Thumb Code    28  port.o(.emb_text)
    PendSV_Handler                           0x08000241   Thumb Code    72  port.o(.emb_text)
    vPortGetIPSR                             0x0800028d   Thumb Code     6  port.o(.emb_text)
    main                                     0x08000293   Thumb Code    20  main.o(.text)
    NMI_Handler                              0x080002a7   Thumb Code     2  stm32f10x_it.o(.text)
    HardFault_Handler                        0x080002a9   Thumb Code     2  stm32f10x_it.o(.text)
    MemManage_Handler                        0x080002ab   Thumb Code     2  stm32f10x_it.o(.text)
    BusFault_Handler                         0x080002ad   Thumb Code     2  stm32f10x_it.o(.text)
    UsageFault_Handler                       0x080002af   Thumb Code     2  stm32f10x_it.o(.text)
    DebugMon_Handler                         0x080002b1   Thumb Code     2  stm32f10x_it.o(.text)
    SystemInit                               0x08000355   Thumb Code    64  system_stm32f10x.o(.text)
    SystemCoreClockUpdate                    0x08000395   Thumb Code    86  system_stm32f10x.o(.text)
    LED_Init                                 0x0800040d   Thumb Code   110  led.o(.text)
    Charger_Disp                             0x0800047b   Thumb Code   136  led.o(.text)
    Power_Init                               0x08000515   Thumb Code    52  pwr.o(.text)
    Power_On                                 0x08000549   Thumb Code     8  pwr.o(.text)
    Power_Off                                0x08000551   Thumb Code     8  pwr.o(.text)
    TFT_Power_On                             0x08000559   Thumb Code     8  pwr.o(.text)
    TFT_Power_Off                            0x08000561   Thumb Code     8  pwr.o(.text)
    Handle_Init                              0x08000571   Thumb Code   144  handle.o(.text)
    Get_Adc                                  0x08000601   Thumb Code    46  handle.o(.text)
    Get_Adc_Average                          0x0800062f   Thumb Code    46  handle.o(.text)
    LCD_Fill                                 0x08000669   Thumb Code    62  lcd.o(.text)
    LCD_DrawPoint                            0x080006a7   Thumb Code    22  lcd.o(.text)
    LCD_DrawLine                             0x080006bd   Thumb Code   152  lcd.o(.text)
    LCD_DrawRectangle                        0x08000755   Thumb Code    68  lcd.o(.text)
    Draw_Circle                              0x08000799   Thumb Code   186  lcd.o(.text)
    LCD_ShowChinese32x32                     0x08000853   Thumb Code   234  lcd.o(.text)
    LCD_ShowChinese24x24                     0x0800093d   Thumb Code   238  lcd.o(.text)
    LCD_ShowChinese16x16                     0x08000a2b   Thumb Code   232  lcd.o(.text)
    LCD_ShowChinese12x12                     0x08000b13   Thumb Code   238  lcd.o(.text)
    LCD_ShowChinese                          0x08000c01   Thumb Code   140  lcd.o(.text)
    LCD_ShowChar                             0x08000c8d   Thumb Code   250  lcd.o(.text)
    LCD_ShowString                           0x08000d87   Thumb Code    56  lcd.o(.text)
    mypow                                    0x08000dbf   Thumb Code    16  lcd.o(.text)
    LCD_ShowIntNum                           0x08000dcf   Thumb Code   122  lcd.o(.text)
    LCD_ShowFloatNum1                        0x08000e49   Thumb Code   142  lcd.o(.text)
    LCD_ShowPicture                          0x08000ed7   Thumb Code    80  lcd.o(.text)
    LCD_GPIO_Init                            0x08000f3d   Thumb Code    78  lcd_init.o(.text)
    LCD_Writ_Bus                             0x08000f8b   Thumb Code    82  lcd_init.o(.text)
    LCD_WR_DATA8                             0x08000fdd   Thumb Code     2  lcd_init.o(.text)
    LCD_WR_DATA                              0x08000fdf   Thumb Code    18  lcd_init.o(.text)
    LCD_WR_REG                               0x08000ff1   Thumb Code    32  lcd_init.o(.text)
    LCD_Address_Set                          0x08001011   Thumb Code    64  lcd_init.o(.text)
    LCD_Init                                 0x08001051   Thumb Code   556  lcd_init.o(.text)
    Charger_Init                             0x08001285   Thumb Code   126  charger.o(.text)
    Get_Adc_CHG                              0x08001303   Thumb Code    46  charger.o(.text)
    Get_Adc_Average_CHG                      0x08001331   Thumb Code    46  charger.o(.text)
    KEY_Init                                 0x08001369   Thumb Code    34  key.o(.text)
    KEY_Scan                                 0x0800138b   Thumb Code   264  key.o(.text)
    SysTick_Handler                          0x0800149d   Thumb Code    20  delay.o(.text)
    delay_init                               0x080014b1   Thumb Code    60  delay.o(.text)
    delay_us                                 0x080014ed   Thumb Code    48  delay.o(.text)
    delay_ms                                 0x0800151d   Thumb Code    50  delay.o(.text)
    delay_xms                                0x0800154f   Thumb Code    26  delay.o(.text)
    NVIC_Configuration                       0x08001575   Thumb Code     8  sys.o(.text)
    SystemHardwareDriverInit                 0x0800157d   Thumb Code   154  sys.o(.text)
    _sys_exit                                0x0800162d   Thumb Code     2  usart.o(.text)
    fputc                                    0x0800162f   Thumb Code    18  usart.o(.text)
    UART4_Config                             0x08001641   Thumb Code   120  usart.o(.text)
    SysTick_Init                             0x080016c1   Thumb Code    60  systick.o(.text)
    tick_delay_us                            0x080016fd   Thumb Code    48  systick.o(.text)
    tick_delay_ms                            0x0800172d   Thumb Code    52  systick.o(.text)
    tick_delay_xms                           0x08001761   Thumb Code    26  systick.o(.text)
    Reset_Handler                            0x08001789   Thumb Code     8  startup_stm32f10x_hd.o(.text)
    ADC1_2_IRQHandler                        0x080017a3   Thumb Code     0  startup_stm32f10x_hd.o(.text)
    ADC3_IRQHandler                          0x080017a3   Thumb Code     0  startup_stm32f10x_hd.o(.text)
    CAN1_RX1_IRQHandler                      0x080017a3   Thumb Code     0  startup_stm32f10x_hd.o(.text)
    CAN1_SCE_IRQHandler                      0x080017a3   Thumb Code     0  startup_stm32f10x_hd.o(.text)
    DMA1_Channel1_IRQHandler                 0x080017a3   Thumb Code     0  startup_stm32f10x_hd.o(.text)
    DMA1_Channel2_IRQHandler                 0x080017a3   Thumb Code     0  startup_stm32f10x_hd.o(.text)
    DMA1_Channel3_IRQHandler                 0x080017a3   Thumb Code     0  startup_stm32f10x_hd.o(.text)
    DMA1_Channel4_IRQHandler                 0x080017a3   Thumb Code     0  startup_stm32f10x_hd.o(.text)
    DMA1_Channel5_IRQHandler                 0x080017a3   Thumb Code     0  startup_stm32f10x_hd.o(.text)
    DMA1_Channel6_IRQHandler                 0x080017a3   Thumb Code     0  startup_stm32f10x_hd.o(.text)
    DMA1_Channel7_IRQHandler                 0x080017a3   Thumb Code     0  startup_stm32f10x_hd.o(.text)
    DMA2_Channel1_IRQHandler                 0x080017a3   Thumb Code     0  startup_stm32f10x_hd.o(.text)
    DMA2_Channel2_IRQHandler                 0x080017a3   Thumb Code     0  startup_stm32f10x_hd.o(.text)
    DMA2_Channel3_IRQHandler                 0x080017a3   Thumb Code     0  startup_stm32f10x_hd.o(.text)
    DMA2_Channel4_5_IRQHandler               0x080017a3   Thumb Code     0  startup_stm32f10x_hd.o(.text)
    EXTI0_IRQHandler                         0x080017a3   Thumb Code     0  startup_stm32f10x_hd.o(.text)
    EXTI15_10_IRQHandler                     0x080017a3   Thumb Code     0  startup_stm32f10x_hd.o(.text)
    EXTI1_IRQHandler                         0x080017a3   Thumb Code     0  startup_stm32f10x_hd.o(.text)
    EXTI2_IRQHandler                         0x080017a3   Thumb Code     0  startup_stm32f10x_hd.o(.text)
    EXTI3_IRQHandler                         0x080017a3   Thumb Code     0  startup_stm32f10x_hd.o(.text)
    EXTI4_IRQHandler                         0x080017a3   Thumb Code     0  startup_stm32f10x_hd.o(.text)
    EXTI9_5_IRQHandler                       0x080017a3   Thumb Code     0  startup_stm32f10x_hd.o(.text)
    FLASH_IRQHandler                         0x080017a3   Thumb Code     0  startup_stm32f10x_hd.o(.text)
    FSMC_IRQHandler                          0x080017a3   Thumb Code     0  startup_stm32f10x_hd.o(.text)
    I2C1_ER_IRQHandler                       0x080017a3   Thumb Code     0  startup_stm32f10x_hd.o(.text)
    I2C1_EV_IRQHandler                       0x080017a3   Thumb Code     0  startup_stm32f10x_hd.o(.text)
    I2C2_ER_IRQHandler                       0x080017a3   Thumb Code     0  startup_stm32f10x_hd.o(.text)
    I2C2_EV_IRQHandler                       0x080017a3   Thumb Code     0  startup_stm32f10x_hd.o(.text)
    PVD_IRQHandler                           0x080017a3   Thumb Code     0  startup_stm32f10x_hd.o(.text)
    RCC_IRQHandler                           0x080017a3   Thumb Code     0  startup_stm32f10x_hd.o(.text)
    RTCAlarm_IRQHandler                      0x080017a3   Thumb Code     0  startup_stm32f10x_hd.o(.text)
    RTC_IRQHandler                           0x080017a3   Thumb Code     0  startup_stm32f10x_hd.o(.text)
    SDIO_IRQHandler                          0x080017a3   Thumb Code     0  startup_stm32f10x_hd.o(.text)
    SPI1_IRQHandler                          0x080017a3   Thumb Code     0  startup_stm32f10x_hd.o(.text)
    SPI2_IRQHandler                          0x080017a3   Thumb Code     0  startup_stm32f10x_hd.o(.text)
    SPI3_IRQHandler                          0x080017a3   Thumb Code     0  startup_stm32f10x_hd.o(.text)
    TAMPER_IRQHandler                        0x080017a3   Thumb Code     0  startup_stm32f10x_hd.o(.text)
    TIM1_BRK_IRQHandler                      0x080017a3   Thumb Code     0  startup_stm32f10x_hd.o(.text)
    TIM1_CC_IRQHandler                       0x080017a3   Thumb Code     0  startup_stm32f10x_hd.o(.text)
    TIM1_TRG_COM_IRQHandler                  0x080017a3   Thumb Code     0  startup_stm32f10x_hd.o(.text)
    TIM1_UP_IRQHandler                       0x080017a3   Thumb Code     0  startup_stm32f10x_hd.o(.text)
    TIM2_IRQHandler                          0x080017a3   Thumb Code     0  startup_stm32f10x_hd.o(.text)
    TIM3_IRQHandler                          0x080017a3   Thumb Code     0  startup_stm32f10x_hd.o(.text)
    TIM4_IRQHandler                          0x080017a3   Thumb Code     0  startup_stm32f10x_hd.o(.text)
    TIM5_IRQHandler                          0x080017a3   Thumb Code     0  startup_stm32f10x_hd.o(.text)
    TIM6_IRQHandler                          0x080017a3   Thumb Code     0  startup_stm32f10x_hd.o(.text)
    TIM7_IRQHandler                          0x080017a3   Thumb Code     0  startup_stm32f10x_hd.o(.text)
    TIM8_BRK_IRQHandler                      0x080017a3   Thumb Code     0  startup_stm32f10x_hd.o(.text)
    TIM8_CC_IRQHandler                       0x080017a3   Thumb Code     0  startup_stm32f10x_hd.o(.text)
    TIM8_TRG_COM_IRQHandler                  0x080017a3   Thumb Code     0  startup_stm32f10x_hd.o(.text)
    TIM8_UP_IRQHandler                       0x080017a3   Thumb Code     0  startup_stm32f10x_hd.o(.text)
    UART4_IRQHandler                         0x080017a3   Thumb Code     0  startup_stm32f10x_hd.o(.text)
    UART5_IRQHandler                         0x080017a3   Thumb Code     0  startup_stm32f10x_hd.o(.text)
    USART1_IRQHandler                        0x080017a3   Thumb Code     0  startup_stm32f10x_hd.o(.text)
    USART2_IRQHandler                        0x080017a3   Thumb Code     0  startup_stm32f10x_hd.o(.text)
    USART3_IRQHandler                        0x080017a3   Thumb Code     0  startup_stm32f10x_hd.o(.text)
    USBWakeUp_IRQHandler                     0x080017a3   Thumb Code     0  startup_stm32f10x_hd.o(.text)
    USB_HP_CAN1_TX_IRQHandler                0x080017a3   Thumb Code     0  startup_stm32f10x_hd.o(.text)
    USB_LP_CAN1_RX0_IRQHandler               0x080017a3   Thumb Code     0  startup_stm32f10x_hd.o(.text)
    WWDG_IRQHandler                          0x080017a3   Thumb Code     0  startup_stm32f10x_hd.o(.text)
    __user_initial_stackheap                 0x080017a5   Thumb Code     0  startup_stm32f10x_hd.o(.text)
    NVIC_PriorityGroupConfig                 0x080017c9   Thumb Code    10  misc.o(.text)
    NVIC_Init                                0x080017d3   Thumb Code    94  misc.o(.text)
    NVIC_SetVectorTable                      0x08001831   Thumb Code    14  misc.o(.text)
    NVIC_SystemLPConfig                      0x0800183f   Thumb Code    20  misc.o(.text)
    SysTick_CLKSourceConfig                  0x08001853   Thumb Code    24  misc.o(.text)
    GPIO_DeInit                              0x08001879   Thumb Code   152  stm32f10x_gpio.o(.text)
    GPIO_AFIODeInit                          0x08001911   Thumb Code    22  stm32f10x_gpio.o(.text)
    GPIO_Init                                0x08001927   Thumb Code   156  stm32f10x_gpio.o(.text)
    GPIO_StructInit                          0x080019c3   Thumb Code    16  stm32f10x_gpio.o(.text)
    GPIO_ReadInputDataBit                    0x080019d3   Thumb Code    14  stm32f10x_gpio.o(.text)
    GPIO_ReadInputData                       0x080019e1   Thumb Code     6  stm32f10x_gpio.o(.text)
    GPIO_ReadOutputDataBit                   0x080019e7   Thumb Code    14  stm32f10x_gpio.o(.text)
    GPIO_ReadOutputData                      0x080019f5   Thumb Code     6  stm32f10x_gpio.o(.text)
    GPIO_SetBits                             0x080019fb   Thumb Code     4  stm32f10x_gpio.o(.text)
    GPIO_ResetBits                           0x080019ff   Thumb Code     4  stm32f10x_gpio.o(.text)
    GPIO_WriteBit                            0x08001a03   Thumb Code    10  stm32f10x_gpio.o(.text)
    GPIO_Write                               0x08001a0d   Thumb Code     4  stm32f10x_gpio.o(.text)
    GPIO_PinLockConfig                       0x08001a11   Thumb Code    16  stm32f10x_gpio.o(.text)
    GPIO_EventOutputConfig                   0x08001a21   Thumb Code    22  stm32f10x_gpio.o(.text)
    GPIO_EventOutputCmd                      0x08001a37   Thumb Code     6  stm32f10x_gpio.o(.text)
    GPIO_PinRemapConfig                      0x08001a3d   Thumb Code    82  stm32f10x_gpio.o(.text)
    GPIO_EXTILineConfig                      0x08001a8f   Thumb Code    34  stm32f10x_gpio.o(.text)
    GPIO_ETH_MediaInterfaceConfig            0x08001ab1   Thumb Code     8  stm32f10x_gpio.o(.text)
    RCC_DeInit                               0x08001add   Thumb Code    50  stm32f10x_rcc.o(.text)
    RCC_HSEConfig                            0x08001b0f   Thumb Code    48  stm32f10x_rcc.o(.text)
    RCC_GetFlagStatus                        0x08001b3f   Thumb Code    42  stm32f10x_rcc.o(.text)
    RCC_WaitForHSEStartUp                    0x08001b69   Thumb Code    44  stm32f10x_rcc.o(.text)
    RCC_AdjustHSICalibrationValue            0x08001b95   Thumb Code    16  stm32f10x_rcc.o(.text)
    RCC_HSICmd                               0x08001ba5   Thumb Code     6  stm32f10x_rcc.o(.text)
    RCC_PLLConfig                            0x08001bab   Thumb Code    16  stm32f10x_rcc.o(.text)
    RCC_PLLCmd                               0x08001bbb   Thumb Code     6  stm32f10x_rcc.o(.text)
    RCC_SYSCLKConfig                         0x08001bc1   Thumb Code    14  stm32f10x_rcc.o(.text)
    RCC_GetSYSCLKSource                      0x08001bcf   Thumb Code    10  stm32f10x_rcc.o(.text)
    RCC_HCLKConfig                           0x08001bd9   Thumb Code    14  stm32f10x_rcc.o(.text)
    RCC_PCLK1Config                          0x08001be7   Thumb Code    14  stm32f10x_rcc.o(.text)
    RCC_PCLK2Config                          0x08001bf5   Thumb Code    16  stm32f10x_rcc.o(.text)
    RCC_ITConfig                             0x08001c05   Thumb Code    18  stm32f10x_rcc.o(.text)
    RCC_USBCLKConfig                         0x08001c17   Thumb Code     8  stm32f10x_rcc.o(.text)
    RCC_ADCCLKConfig                         0x08001c1f   Thumb Code    14  stm32f10x_rcc.o(.text)
    RCC_LSEConfig                            0x08001c2d   Thumb Code    28  stm32f10x_rcc.o(.text)
    RCC_LSICmd                               0x08001c49   Thumb Code     6  stm32f10x_rcc.o(.text)
    RCC_RTCCLKConfig                         0x08001c4f   Thumb Code    10  stm32f10x_rcc.o(.text)
    RCC_RTCCLKCmd                            0x08001c59   Thumb Code     8  stm32f10x_rcc.o(.text)
    RCC_GetClocksFreq                        0x08001c61   Thumb Code   132  stm32f10x_rcc.o(.text)
    RCC_AHBPeriphClockCmd                    0x08001ce5   Thumb Code    18  stm32f10x_rcc.o(.text)
    RCC_APB2PeriphClockCmd                   0x08001cf7   Thumb Code    18  stm32f10x_rcc.o(.text)
    RCC_APB1PeriphClockCmd                   0x08001d09   Thumb Code    18  stm32f10x_rcc.o(.text)
    RCC_APB2PeriphResetCmd                   0x08001d1b   Thumb Code    18  stm32f10x_rcc.o(.text)
    RCC_APB1PeriphResetCmd                   0x08001d2d   Thumb Code    18  stm32f10x_rcc.o(.text)
    RCC_BackupResetCmd                       0x08001d3f   Thumb Code     8  stm32f10x_rcc.o(.text)
    RCC_ClockSecuritySystemCmd               0x08001d47   Thumb Code     6  stm32f10x_rcc.o(.text)
    RCC_MCOConfig                            0x08001d4d   Thumb Code     6  stm32f10x_rcc.o(.text)
    RCC_ClearFlag                            0x08001d53   Thumb Code    12  stm32f10x_rcc.o(.text)
    RCC_GetITStatus                          0x08001d5f   Thumb Code    16  stm32f10x_rcc.o(.text)
    RCC_ClearITPendingBit                    0x08001d6f   Thumb Code     6  stm32f10x_rcc.o(.text)
    USART_DeInit                             0x08001d95   Thumb Code    96  stm32f10x_usart.o(.text)
    USART_Init                               0x08001df5   Thumb Code   166  stm32f10x_usart.o(.text)
    USART_StructInit                         0x08001e9b   Thumb Code    22  stm32f10x_usart.o(.text)
    USART_ClockInit                          0x08001eb1   Thumb Code    30  stm32f10x_usart.o(.text)
    USART_ClockStructInit                    0x08001ecf   Thumb Code    12  stm32f10x_usart.o(.text)
    USART_Cmd                                0x08001edb   Thumb Code    20  stm32f10x_usart.o(.text)
    USART_ITConfig                           0x08001eef   Thumb Code    48  stm32f10x_usart.o(.text)
    USART_DMACmd                             0x08001f1f   Thumb Code    16  stm32f10x_usart.o(.text)
    USART_SetAddress                         0x08001f2f   Thumb Code    16  stm32f10x_usart.o(.text)
    USART_WakeUpConfig                       0x08001f3f   Thumb Code    16  stm32f10x_usart.o(.text)
    USART_ReceiverWakeUpCmd                  0x08001f4f   Thumb Code    20  stm32f10x_usart.o(.text)
    USART_LINBreakDetectLengthConfig         0x08001f63   Thumb Code    16  stm32f10x_usart.o(.text)
    USART_LINCmd                             0x08001f73   Thumb Code    20  stm32f10x_usart.o(.text)
    USART_SendData                           0x08001f87   Thumb Code     8  stm32f10x_usart.o(.text)
    USART_ReceiveData                        0x08001f8f   Thumb Code     8  stm32f10x_usart.o(.text)
    USART_SendBreak                          0x08001f97   Thumb Code    10  stm32f10x_usart.o(.text)
    USART_SetGuardTime                       0x08001fa1   Thumb Code    16  stm32f10x_usart.o(.text)
    USART_SetPrescaler                       0x08001fb1   Thumb Code    16  stm32f10x_usart.o(.text)
    USART_SmartCardCmd                       0x08001fc1   Thumb Code    20  stm32f10x_usart.o(.text)
    USART_SmartCardNACKCmd                   0x08001fd5   Thumb Code    20  stm32f10x_usart.o(.text)
    USART_HalfDuplexCmd                      0x08001fe9   Thumb Code    20  stm32f10x_usart.o(.text)
    USART_OverSampling8Cmd                   0x08001ffd   Thumb Code    20  stm32f10x_usart.o(.text)
    USART_OneBitMethodCmd                    0x08002011   Thumb Code    20  stm32f10x_usart.o(.text)
    USART_IrDAConfig                         0x08002025   Thumb Code    16  stm32f10x_usart.o(.text)
    USART_IrDACmd                            0x08002035   Thumb Code    20  stm32f10x_usart.o(.text)
    USART_GetFlagStatus                      0x08002049   Thumb Code    14  stm32f10x_usart.o(.text)
    USART_ClearFlag                          0x08002057   Thumb Code     6  stm32f10x_usart.o(.text)
    USART_GetITStatus                        0x0800205d   Thumb Code    62  stm32f10x_usart.o(.text)
    USART_ClearITPendingBit                  0x0800209b   Thumb Code    12  stm32f10x_usart.o(.text)
    ADC_DeInit                               0x080020bd   Thumb Code    56  stm32f10x_adc.o(.text)
    ADC_Init                                 0x080020f5   Thumb Code    62  stm32f10x_adc.o(.text)
    ADC_StructInit                           0x08002133   Thumb Code    18  stm32f10x_adc.o(.text)
    ADC_Cmd                                  0x08002145   Thumb Code    20  stm32f10x_adc.o(.text)
    ADC_DMACmd                               0x08002159   Thumb Code    20  stm32f10x_adc.o(.text)
    ADC_ITConfig                             0x0800216d   Thumb Code    18  stm32f10x_adc.o(.text)
    ADC_ResetCalibration                     0x0800217f   Thumb Code    10  stm32f10x_adc.o(.text)
    ADC_GetResetCalibrationStatus            0x08002189   Thumb Code    14  stm32f10x_adc.o(.text)
    ADC_StartCalibration                     0x08002197   Thumb Code    10  stm32f10x_adc.o(.text)
    ADC_GetCalibrationStatus                 0x080021a1   Thumb Code    14  stm32f10x_adc.o(.text)
    ADC_SoftwareStartConvCmd                 0x080021af   Thumb Code    20  stm32f10x_adc.o(.text)
    ADC_GetSoftwareStartConvStatus           0x080021c3   Thumb Code    14  stm32f10x_adc.o(.text)
    ADC_DiscModeChannelCountConfig           0x080021d1   Thumb Code    16  stm32f10x_adc.o(.text)
    ADC_DiscModeCmd                          0x080021e1   Thumb Code    20  stm32f10x_adc.o(.text)
    ADC_RegularChannelConfig                 0x080021f5   Thumb Code   116  stm32f10x_adc.o(.text)
    ADC_ExternalTrigConvCmd                  0x08002269   Thumb Code    20  stm32f10x_adc.o(.text)
    ADC_GetConversionValue                   0x0800227d   Thumb Code     6  stm32f10x_adc.o(.text)
    ADC_GetDualModeConversionValue           0x08002283   Thumb Code     8  stm32f10x_adc.o(.text)
    ADC_AutoInjectedConvCmd                  0x0800228b   Thumb Code    20  stm32f10x_adc.o(.text)
    ADC_InjectedDiscModeCmd                  0x0800229f   Thumb Code    20  stm32f10x_adc.o(.text)
    ADC_ExternalTrigInjectedConvConfig       0x080022b3   Thumb Code    12  stm32f10x_adc.o(.text)
    ADC_ExternalTrigInjectedConvCmd          0x080022bf   Thumb Code    20  stm32f10x_adc.o(.text)
    ADC_SoftwareStartInjectedConvCmd         0x080022d3   Thumb Code    20  stm32f10x_adc.o(.text)
    ADC_GetSoftwareStartInjectedConvCmdStatus 0x080022e7   Thumb Code    14  stm32f10x_adc.o(.text)
    ADC_InjectedChannelConfig                0x080022f5   Thumb Code    74  stm32f10x_adc.o(.text)
    ADC_InjectedSequencerLengthConfig        0x0800233f   Thumb Code    16  stm32f10x_adc.o(.text)
    ADC_SetInjectedOffset                    0x0800234f   Thumb Code    10  stm32f10x_adc.o(.text)
    ADC_GetInjectedConversionValue           0x08002359   Thumb Code    14  stm32f10x_adc.o(.text)
    ADC_AnalogWatchdogCmd                    0x08002367   Thumb Code    12  stm32f10x_adc.o(.text)
    ADC_AnalogWatchdogThresholdsConfig       0x08002373   Thumb Code     6  stm32f10x_adc.o(.text)
    ADC_AnalogWatchdogSingleChannelConfig    0x08002379   Thumb Code    12  stm32f10x_adc.o(.text)
    ADC_TempSensorVrefintCmd                 0x08002385   Thumb Code    24  stm32f10x_adc.o(.text)
    ADC_GetFlagStatus                        0x0800239d   Thumb Code    14  stm32f10x_adc.o(.text)
    ADC_ClearFlag                            0x080023ab   Thumb Code     6  stm32f10x_adc.o(.text)
    ADC_GetITStatus                          0x080023b1   Thumb Code    28  stm32f10x_adc.o(.text)
    ADC_ClearITPendingBit                    0x080023cd   Thumb Code     8  stm32f10x_adc.o(.text)
    vListInitialise                          0x080023ed   Thumb Code    22  list.o(.text)
    vListInitialiseItem                      0x08002403   Thumb Code     6  list.o(.text)
    vListInsertEnd                           0x08002409   Thumb Code    24  list.o(.text)
    vListInsert                              0x08002421   Thumb Code    48  list.o(.text)
    uxListRemove                             0x08002451   Thumb Code    36  list.o(.text)
    xQueueGenericReset                       0x08002475   Thumb Code   128  queue.o(.text)
    xQueueGenericCreate                      0x080024f5   Thumb Code    82  queue.o(.text)
    xQueueGenericSend                        0x08002695   Thumb Code   350  queue.o(.text)
    xQueueCreateMutex                        0x080027f3   Thumb Code    36  queue.o(.text)
    xQueueGiveMutexRecursive                 0x08002817   Thumb Code    98  queue.o(.text)
    xQueueGenericReceive                     0x0800289f   Thumb Code   356  queue.o(.text)
    xQueueTakeMutexRecursive                 0x08002a03   Thumb Code    68  queue.o(.text)
    xQueueCreateCountingSemaphore            0x08002a47   Thumb Code    62  queue.o(.text)
    xQueueGenericSendFromISR                 0x08002a85   Thumb Code   200  queue.o(.text)
    xQueueGiveFromISR                        0x08002b4d   Thumb Code   172  queue.o(.text)
    xQueueReceiveFromISR                     0x08002bf9   Thumb Code   150  queue.o(.text)
    xQueuePeekFromISR                        0x08002c8f   Thumb Code   114  queue.o(.text)
    uxQueueMessagesWaiting                   0x08002d01   Thumb Code    36  queue.o(.text)
    uxQueueSpacesAvailable                   0x08002d25   Thumb Code    40  queue.o(.text)
    uxQueueMessagesWaitingFromISR            0x08002d4d   Thumb Code    26  queue.o(.text)
    vQueueUnregisterQueue                    0x08002d67   Thumb Code    36  queue.o(.text)
    vQueueDelete                             0x08002d8b   Thumb Code    38  queue.o(.text)
    uxQueueGetQueueNumber                    0x08002db1   Thumb Code     4  queue.o(.text)
    vQueueSetQueueNumber                     0x08002db5   Thumb Code     4  queue.o(.text)
    ucQueueGetQueueType                      0x08002db9   Thumb Code     6  queue.o(.text)
    xQueueIsQueueEmptyFromISR                0x08002dbf   Thumb Code    34  queue.o(.text)
    xQueueIsQueueFullFromISR                 0x08002de1   Thumb Code    38  queue.o(.text)
    vQueueAddToRegistry                      0x08002e07   Thumb Code    32  queue.o(.text)
    pcQueueGetName                           0x08002e27   Thumb Code    34  queue.o(.text)
    vQueueWaitForMessageRestricted           0x08002e49   Thumb Code    68  queue.o(.text)
    xQueueCreateSet                          0x08002e8d   Thumb Code     8  queue.o(.text)
    xQueueAddToSet                           0x08002e95   Thumb Code    34  queue.o(.text)
    xQueueRemoveFromSet                      0x08002eb7   Thumb Code    34  queue.o(.text)
    xQueueSelectFromSet                      0x08002ed9   Thumb Code    18  queue.o(.text)
    xQueueSelectFromSetFromISR               0x08002eeb   Thumb Code    18  queue.o(.text)
    xTaskCreate                              0x08002fe1   Thumb Code    86  tasks.o(.text)
    vTaskDelete                              0x08003037   Thumb Code   154  tasks.o(.text)
    xTaskIncrementTick                       0x080030d1   Thumb Code   186  tasks.o(.text)
    xTaskResumeAll                           0x0800318b   Thumb Code   182  tasks.o(.text)
    vTaskSuspendAll                          0x080032a7   Thumb Code    10  tasks.o(.text)
    vTaskDelayUntil                          0x080032b1   Thumb Code   180  tasks.o(.text)
    vTaskDelay                               0x08003365   Thumb Code    66  tasks.o(.text)
    eTaskGetState                            0x080033a7   Thumb Code    94  tasks.o(.text)
    uxTaskPriorityGet                        0x08003405   Thumb Code    24  tasks.o(.text)
    uxTaskPriorityGetFromISR                 0x0800341d   Thumb Code    40  tasks.o(.text)
    vTaskPrioritySet                         0x08003445   Thumb Code   184  tasks.o(.text)
    vTaskSwitchContext                       0x080034fd   Thumb Code    84  tasks.o(.text)
    vTaskSuspend                             0x08003551   Thumb Code   156  tasks.o(.text)
    vTaskResume                              0x0800361d   Thumb Code   116  tasks.o(.text)
    xTaskResumeFromISR                       0x08003691   Thumb Code   126  tasks.o(.text)
    vTaskStartScheduler                      0x0800372d   Thumb Code   130  tasks.o(.text)
    vTaskEndScheduler                        0x080037af   Thumb Code    24  tasks.o(.text)
    xTaskGetTickCount                        0x080037c7   Thumb Code     6  tasks.o(.text)
    xTaskGetTickCountFromISR                 0x080037cd   Thumb Code    12  tasks.o(.text)
    uxTaskGetNumberOfTasks                   0x080037d9   Thumb Code     6  tasks.o(.text)
    pcTaskGetName                            0x080037df   Thumb Code    38  tasks.o(.text)
    vTaskGetInfo                             0x08003805   Thumb Code   126  tasks.o(.text)
    uxTaskGetSystemState                     0x080038d7   Thumb Code   156  tasks.o(.text)
    vTaskPlaceOnEventList                    0x08003973   Thumb Code    46  tasks.o(.text)
    vTaskPlaceOnUnorderedEventList           0x080039a1   Thumb Code    78  tasks.o(.text)
    vTaskPlaceOnEventListRestricted          0x080039ef   Thumb Code    54  tasks.o(.text)
    xTaskRemoveFromEventList                 0x08003a25   Thumb Code   106  tasks.o(.text)
    xTaskRemoveFromUnorderedEventList        0x08003a8f   Thumb Code   116  tasks.o(.text)
    vTaskSetTimeOutState                     0x08003b03   Thumb Code    34  tasks.o(.text)
    xTaskCheckForTimeOut                     0x08003b25   Thumb Code   114  tasks.o(.text)
    vTaskMissedYield                         0x08003b97   Thumb Code     8  tasks.o(.text)
    uxTaskGetTaskNumber                      0x08003b9f   Thumb Code     8  tasks.o(.text)
    vTaskSetTaskNumber                       0x08003ba7   Thumb Code     8  tasks.o(.text)
    xTaskGetCurrentTaskHandle                0x08003baf   Thumb Code     6  tasks.o(.text)
    xTaskGetSchedulerState                   0x08003bb5   Thumb Code    22  tasks.o(.text)
    vTaskPriorityInherit                     0x08003bcb   Thumb Code   124  tasks.o(.text)
    xTaskPriorityDisinherit                  0x08003c47   Thumb Code   144  tasks.o(.text)
    vTaskList                                0x08003cd7   Thumb Code   188  tasks.o(.text)
    uxTaskResetEventItemValue                0x08003d93   Thumb Code    20  tasks.o(.text)
    pvTaskIncrementMutexHeldCount            0x08003da7   Thumb Code    18  tasks.o(.text)
    ulTaskNotifyTake                         0x08003db9   Thumb Code    96  tasks.o(.text)
    xTaskNotifyWait                          0x08003e19   Thumb Code   128  tasks.o(.text)
    xTaskGenericNotify                       0x08003e99   Thumb Code   190  tasks.o(.text)
    xTaskGenericNotifyFromISR                0x08003f57   Thumb Code   256  tasks.o(.text)
    vTaskNotifyGiveFromISR                   0x08004057   Thumb Code   168  tasks.o(.text)
    xTaskNotifyStateClear                    0x080040ff   Thumb Code    44  tasks.o(.text)
    xTimerGenericCommand                     0x080042a1   Thumb Code    98  timers.o(.text)
    xTimerCreateTimerTask                    0x08004427   Thumb Code    58  timers.o(.text)
    xTimerCreate                             0x08004461   Thumb Code    72  timers.o(.text)
    xTimerGetTimerDaemonTaskHandle           0x080044a9   Thumb Code    24  timers.o(.text)
    xTimerGetPeriod                          0x080044c1   Thumb Code    22  timers.o(.text)
    xTimerGetExpiryTime                      0x080044d7   Thumb Code    22  timers.o(.text)
    pcTimerGetName                           0x080044ed   Thumb Code    22  timers.o(.text)
    xTimerIsTimerActive                      0x08004503   Thumb Code    40  timers.o(.text)
    pvTimerGetTimerID                        0x0800452b   Thumb Code    32  timers.o(.text)
    vTimerSetTimerID                         0x0800454b   Thumb Code    34  timers.o(.text)
    xTimerPendFunctionCallFromISR            0x0800456d   Thumb Code    34  timers.o(.text)
    xTimerPendFunctionCall                   0x0800458f   Thumb Code    60  timers.o(.text)
    pxPortInitialiseStack                    0x080047a7   Thumb Code    32  port.o(.text)
    vPortSetupTimerInterrupt                 0x080047c7   Thumb Code    26  port.o(.text)
    xPortStartScheduler                      0x080047e1   Thumb Code   108  port.o(.text)
    vPortEndScheduler                        0x0800484d   Thumb Code    24  port.o(.text)
    vPortEnterCritical                       0x08004865   Thumb Code    52  port.o(.text)
    vPortExitCritical                        0x08004899   Thumb Code    34  port.o(.text)
    xPortSysTickHandler                      0x080048bb   Thumb Code    40  port.o(.text)
    vPortValidateInterruptPriority           0x080048e3   Thumb Code    72  port.o(.text)
    pvPortMalloc                             0x080049c5   Thumb Code   214  heap_4.o(.text)
    vPortFree                                0x08004a9b   Thumb Code    96  heap_4.o(.text)
    xPortGetFreeHeapSize                     0x08004afb   Thumb Code     8  heap_4.o(.text)
    xPortGetMinimumEverFreeHeapSize          0x08004b03   Thumb Code     8  heap_4.o(.text)
    vPortInitialiseBlocks                    0x08004b0b   Thumb Code     2  heap_4.o(.text)
    key_task                                 0x08004b91   Thumb Code    56  taskmanage.o(.text)
    charger_task                             0x08004bc9   Thumb Code    56  taskmanage.o(.text)
    lcd_task                                 0x08004c01   Thumb Code   240  taskmanage.o(.text)
    handle_task                              0x08004cf1   Thumb Code   128  taskmanage.o(.text)
    uart_task                                0x08004d71   Thumb Code   206  taskmanage.o(.text)
    led_task                                 0x08004e3f   Thumb Code    36  taskmanage.o(.text)
    start_task                               0x08004e63   Thumb Code   566  taskmanage.o(.text)
    TaskCreateFunction                       0x08005099   Thumb Code    26  taskmanage.o(.text)
    __use_no_semihosting                     0x080050c5   Thumb Code     2  use_no_semi_2.o(.text)
    __2printf                                0x080050c9   Thumb Code    20  noretval__2printf.o(.text)
    __2sprintf                               0x080050e1   Thumb Code    34  noretval__2sprintf.o(.text)
    _printf_pre_padding                      0x08005109   Thumb Code    44  _printf_pad.o(.text)
    _printf_post_padding                     0x08005135   Thumb Code    34  _printf_pad.o(.text)
    _printf_str                              0x08005157   Thumb Code    82  _printf_str.o(.text)
    _printf_int_dec                          0x080051a9   Thumb Code   104  _printf_dec.o(.text)
    __printf                                 0x08005221   Thumb Code   270  __printf_wp.o(.text)
    strcpy                                   0x0800532f   Thumb Code    72  strcpy.o(.text)
    strlen                                   0x08005377   Thumb Code    62  strlen.o(.text)
    __aeabi_memcpy                           0x080053b5   Thumb Code     0  rt_memcpy_v6.o(.text)
    __rt_memcpy                              0x080053b5   Thumb Code   138  rt_memcpy_v6.o(.text)
    _memcpy_lastbytes                        0x0800541b   Thumb Code     0  rt_memcpy_v6.o(.text)
    __aeabi_memset                           0x0800543f   Thumb Code    16  aeabi_memset.o(.text)
    __use_two_region_memory                  0x0800544f   Thumb Code     2  heapauxi.o(.text)
    __rt_heap_escrow$2region                 0x08005451   Thumb Code     2  heapauxi.o(.text)
    __rt_heap_expand$2region                 0x08005453   Thumb Code     2  heapauxi.o(.text)
    __I$use$semihosting                      0x08005455   Thumb Code     0  use_no_semi.o(.text)
    __use_no_semihosting_swi                 0x08005455   Thumb Code     2  use_no_semi.o(.text)
    _printf_int_common                       0x08005457   Thumb Code   178  _printf_intcommon.o(.text)
    __lib_sel_fp_printf                      0x08005509   Thumb Code     2  _printf_fp_dec.o(.text)
    _printf_fp_dec_real                      0x080056b7   Thumb Code   620  _printf_fp_dec.o(.text)
    _printf_char_common                      0x0800592f   Thumb Code    32  _printf_char_common.o(.text)
    _sputc                                   0x08005955   Thumb Code    10  _sputc.o(.text)
    _printf_cs_common                        0x0800595f   Thumb Code    20  _printf_char.o(.text)
    _printf_char                             0x08005973   Thumb Code    16  _printf_char.o(.text)
    _printf_string                           0x08005983   Thumb Code     8  _printf_char.o(.text)
    _printf_char_file                        0x0800598d   Thumb Code    32  _printf_char_file.o(.text)
    __aeabi_memcpy4                          0x080059b1   Thumb Code     0  rt_memcpy_w.o(.text)
    __aeabi_memcpy8                          0x080059b1   Thumb Code     0  rt_memcpy_w.o(.text)
    __rt_memcpy_w                            0x080059b1   Thumb Code   100  rt_memcpy_w.o(.text)
    _memcpy_lastbytes_aligned                0x080059f9   Thumb Code     0  rt_memcpy_w.o(.text)
    __aeabi_memclr                           0x08005a15   Thumb Code     0  rt_memclr.o(.text)
    __rt_memclr                              0x08005a15   Thumb Code    68  rt_memclr.o(.text)
    _memset                                  0x08005a19   Thumb Code     0  rt_memclr.o(.text)
    __rt_locale                              0x08005a59   Thumb Code     8  rt_locale_intlibspace.o(.text)
    _ll_udiv10                               0x08005a61   Thumb Code   138  lludiv10.o(.text)
    _printf_fp_infnan                        0x08005aed   Thumb Code   112  _printf_fp_infnan.o(.text)
    _btod_etento                             0x08005b6d   Thumb Code   216  bigflt0.o(.text)
    ferror                                   0x08005c49   Thumb Code     8  ferror.o(.text)
    __aeabi_memclr4                          0x08005c51   Thumb Code     0  rt_memclr_w.o(.text)
    __aeabi_memclr8                          0x08005c51   Thumb Code     0  rt_memclr_w.o(.text)
    __rt_memclr_w                            0x08005c51   Thumb Code    78  rt_memclr_w.o(.text)
    _memset_w                                0x08005c55   Thumb Code     0  rt_memclr_w.o(.text)
    __user_libspace                          0x08005ca1   Thumb Code     8  libspace.o(.text)
    __user_perproc_libspace                  0x08005ca1   Thumb Code     0  libspace.o(.text)
    __user_perthread_libspace                0x08005ca1   Thumb Code     0  libspace.o(.text)
    __user_setup_stackheap                   0x08005ca9   Thumb Code    74  sys_stackheap_outer.o(.text)
    exit                                     0x08005cf3   Thumb Code    12  exit.o(.text)
    strcmp                                   0x08005d01   Thumb Code   128  strcmpv7m.o(.text)
    _btod_d2e                                0x08005d81   Thumb Code    62  btod.o(CL$$btod_d2e)
    _d2e_denorm_low                          0x08005dbf   Thumb Code    70  btod.o(CL$$btod_d2e_denorm_low)
    _d2e_norm_op1                            0x08005e05   Thumb Code    96  btod.o(CL$$btod_d2e_norm_op1)
    __btod_div_common                        0x08005e65   Thumb Code   696  btod.o(CL$$btod_div_common)
    _e2e                                     0x0800619d   Thumb Code   198  btod.o(CL$$btod_e2e)
    _btod_ediv                               0x08006263   Thumb Code    40  btod.o(CL$$btod_ediv)
    _btod_emul                               0x0800628b   Thumb Code    40  btod.o(CL$$btod_emul)
    __btod_mult_common                       0x080062b3   Thumb Code   580  btod.o(CL$$btod_mult_common)
    __ARM_fpclassify                         0x080064f7   Thumb Code    40  fpclassify.o(i.__ARM_fpclassify)
    _is_digit                                0x0800651f   Thumb Code    14  __printf_wp.o(i._is_digit)
    _get_lc_numeric                          0x0800652d   Thumb Code    44  lc_numeric_c.o(locale$$code)
    __fpl_dretinf                            0x08006559   Thumb Code    12  dretinf.o(x$fpl$dretinf)
    __aeabi_f2d                              0x08006565   Thumb Code     0  f2d.o(x$fpl$f2d)
    _f2d                                     0x08006565   Thumb Code    86  f2d.o(x$fpl$f2d)
    __fpl_fcheck_NaN1                        0x080065bd   Thumb Code     6  fcheck1.o(x$fpl$fcheck1)
    __aeabi_fdiv                             0x080065c9   Thumb Code     0  fdiv.o(x$fpl$fdiv)
    _fdiv                                    0x080065c9   Thumb Code   384  fdiv.o(x$fpl$fdiv)
    __aeabi_f2uiz                            0x0800674d   Thumb Code     0  ffixu.o(x$fpl$ffixu)
    _ffixu                                   0x0800674d   Thumb Code    62  ffixu.o(x$fpl$ffixu)
    __aeabi_ui2f                             0x0800678d   Thumb Code     0  fflt_clz.o(x$fpl$ffltu)
    _ffltu                                   0x0800678d   Thumb Code    38  fflt_clz.o(x$fpl$ffltu)
    __aeabi_fmul                             0x080067b5   Thumb Code     0  fmul.o(x$fpl$fmul)
    _fmul                                    0x080067b5   Thumb Code   258  fmul.o(x$fpl$fmul)
    __fpl_fnaninf                            0x080068b7   Thumb Code   140  fnaninf.o(x$fpl$fnaninf)
    __fpl_fretinf                            0x08006943   Thumb Code    10  fretinf.o(x$fpl$fretinf)
    _printf_fp_dec                           0x0800694d   Thumb Code     4  printf1.o(x$fpl$printf1)
    __fpl_return_NaN                         0x08006951   Thumb Code   100  retnan.o(x$fpl$retnan)
    __ARM_scalbnf                            0x080069b5   Thumb Code    76  scalbnf.o(x$fpl$scalbnf)
    __fpl_cmpreturn                          0x08006a01   Thumb Code    48  trapv.o(x$fpl$trapveneer)
    __I$use$fp                               0x08006a30   Number         0  usenofp.o(x$fpl$usenofp)
    ascii_1206                               0x08006a30   Data        1140  lcd.o(.constdata)
    ascii_1608                               0x08006ea4   Data        1520  lcd.o(.constdata)
    ascii_2412                               0x08007494   Data        4560  lcd.o(.constdata)
    ascii_3216                               0x08008664   Data        6080  lcd.o(.constdata)
    tfont12                                  0x08009e24   Data          52  lcd.o(.constdata)
    tfont16                                  0x08009e58   Data         136  lcd.o(.constdata)
    tfont24                                  0x08009ee0   Data         148  lcd.o(.constdata)
    tfont32                                  0x08009f74   Data         260  lcd.o(.constdata)
    gImage_Picture                           0x0800a078   Data       12800  picture.o(.constdata)
    gImage_Mode                              0x0800d278   Data        2520  picture.o(.constdata)
    gImage_Order                             0x0800dc50   Data        2520  picture.o(.constdata)
    gImage_Handle                            0x0800e628   Data        1440  picture.o(.constdata)
    gImage_IMU                               0x0800ebc8   Data        1440  picture.o(.constdata)
    gImage_Stop                              0x0800f168   Data        1440  picture.o(.constdata)
    gImage_Left                              0x0800f708   Data        1440  picture.o(.constdata)
    gImage_Right                             0x0800fca8   Data        1440  picture.o(.constdata)
    gImage_Forward                           0x08010248   Data        1440  picture.o(.constdata)
    gImage_Back                              0x080107e8   Data        1440  picture.o(.constdata)
    Region$$Table$$Base                      0x08010e1c   Number         0  anon$$obj.o(Region$$Table)
    Region$$Table$$Limit                     0x08010e3c   Number         0  anon$$obj.o(Region$$Table)
    SystemCoreClock                          0x20000000   Data           4  system_stm32f10x.o(.data)
    AHBPrescTable                            0x20000004   Data          16  system_stm32f10x.o(.data)
    __stdout                                 0x2000001c   Data           4  usart.o(.data)
    pxCurrentTCB                             0x20000038   Data           4  tasks.o(.data)
    StartTask_Handler                        0x200000ac   Data           4  taskmanage.o(.data)
    LEDTask_Handler                          0x200000b0   Data           4  taskmanage.o(.data)
    UARTTask_Handler                         0x200000b4   Data           4  taskmanage.o(.data)
    HANDLETask_Handler                       0x200000b8   Data           4  taskmanage.o(.data)
    LCDTask_Handler                          0x200000bc   Data           4  taskmanage.o(.data)
    CHARGERTask_Handler                      0x200000c0   Data           4  taskmanage.o(.data)
    KEYTask_Handler                          0x200000c4   Data           4  taskmanage.o(.data)
    Handle_LX_Queue                          0x200000c8   Data           4  taskmanage.o(.data)
    Handle_LY_Queue                          0x200000cc   Data           4  taskmanage.o(.data)
    Handle_RX_Queue                          0x200000d0   Data           4  taskmanage.o(.data)
    Handle_RY_Queue                          0x200000d4   Data           4  taskmanage.o(.data)
    KEY1_Queue                               0x200000d8   Data           4  taskmanage.o(.data)
    xQueueRegistry                           0x200000dc   Data          64  queue.o(.bss)
    __libspace_start                         0x20005428   Data          96  libspace.o(.bss)
    __temporary_stack_top$libspace           0x20005488   Data           0  libspace.o(.bss)



==============================================================================

Memory Map of the image

  Image Entry point : 0x08000131

  Load Region LR_IROM1 (Base: 0x08000000, Size: 0x00010f34, Max: 0x00040000, ABSOLUTE)

    Execution Region ER_IROM1 (Base: 0x08000000, Size: 0x00010e58, Max: 0x00040000, ABSOLUTE)

    Base Addr    Size         Type   Attr      Idx    E Section Name        Object

    0x08000000   0x00000130   Data   RO          434    RESET               startup_stm32f10x_hd.o
    0x08000130   0x00000008   Code   RO          986  * !!!main             c_w.l(__main.o)
    0x08000138   0x00000034   Code   RO         1243    !!!scatter          c_w.l(__scatter.o)
    0x0800016c   0x0000001a   Code   RO         1245    !!handler_copy      c_w.l(__scatter_copy.o)
    0x08000186   0x00000002   PAD
    0x08000188   0x0000001c   Code   RO         1247    !!handler_zi        c_w.l(__scatter_zi.o)
    0x080001a4   0x00000000   Code   RO          975    .ARM.Collect$$_printf_percent$$00000000  c_w.l(_printf_percent.o)
    0x080001a4   0x00000006   Code   RO          974    .ARM.Collect$$_printf_percent$$00000003  c_w.l(_printf_f.o)
    0x080001aa   0x00000006   Code   RO          972    .ARM.Collect$$_printf_percent$$00000009  c_w.l(_printf_d.o)
    0x080001b0   0x00000006   Code   RO          973    .ARM.Collect$$_printf_percent$$0000000A  c_w.l(_printf_u.o)
    0x080001b6   0x00000006   Code   RO          970    .ARM.Collect$$_printf_percent$$00000013  c_w.l(_printf_c.o)
    0x080001bc   0x00000006   Code   RO          971    .ARM.Collect$$_printf_percent$$00000014  c_w.l(_printf_s.o)
    0x080001c2   0x00000004   Code   RO         1025    .ARM.Collect$$_printf_percent$$00000017  c_w.l(_printf_percent_end.o)
    0x080001c6   0x00000002   Code   RO         1119    .ARM.Collect$$libinit$$00000000  c_w.l(libinit.o)
    0x080001c8   0x00000000   Code   RO         1121    .ARM.Collect$$libinit$$00000002  c_w.l(libinit2.o)
    0x080001c8   0x00000000   Code   RO         1123    .ARM.Collect$$libinit$$00000004  c_w.l(libinit2.o)
    0x080001c8   0x00000000   Code   RO         1126    .ARM.Collect$$libinit$$0000000A  c_w.l(libinit2.o)
    0x080001c8   0x00000000   Code   RO         1128    .ARM.Collect$$libinit$$0000000C  c_w.l(libinit2.o)
    0x080001c8   0x00000000   Code   RO         1130    .ARM.Collect$$libinit$$0000000E  c_w.l(libinit2.o)
    0x080001c8   0x00000006   Code   RO         1131    .ARM.Collect$$libinit$$0000000F  c_w.l(libinit2.o)
    0x080001ce   0x00000000   Code   RO         1133    .ARM.Collect$$libinit$$00000011  c_w.l(libinit2.o)
    0x080001ce   0x00000000   Code   RO         1135    .ARM.Collect$$libinit$$00000013  c_w.l(libinit2.o)
    0x080001ce   0x00000000   Code   RO         1137    .ARM.Collect$$libinit$$00000015  c_w.l(libinit2.o)
    0x080001ce   0x0000000a   Code   RO         1138    .ARM.Collect$$libinit$$00000016  c_w.l(libinit2.o)
    0x080001d8   0x00000000   Code   RO         1139    .ARM.Collect$$libinit$$00000017  c_w.l(libinit2.o)
    0x080001d8   0x00000000   Code   RO         1141    .ARM.Collect$$libinit$$00000019  c_w.l(libinit2.o)
    0x080001d8   0x00000000   Code   RO         1143    .ARM.Collect$$libinit$$0000001B  c_w.l(libinit2.o)
    0x080001d8   0x00000000   Code   RO         1145    .ARM.Collect$$libinit$$0000001D  c_w.l(libinit2.o)
    0x080001d8   0x00000000   Code   RO         1147    .ARM.Collect$$libinit$$0000001F  c_w.l(libinit2.o)
    0x080001d8   0x00000000   Code   RO         1149    .ARM.Collect$$libinit$$00000021  c_w.l(libinit2.o)
    0x080001d8   0x00000000   Code   RO         1151    .ARM.Collect$$libinit$$00000023  c_w.l(libinit2.o)
    0x080001d8   0x00000000   Code   RO         1153    .ARM.Collect$$libinit$$00000025  c_w.l(libinit2.o)
    0x080001d8   0x00000000   Code   RO         1157    .ARM.Collect$$libinit$$0000002C  c_w.l(libinit2.o)
    0x080001d8   0x00000000   Code   RO         1159    .ARM.Collect$$libinit$$0000002E  c_w.l(libinit2.o)
    0x080001d8   0x00000000   Code   RO         1161    .ARM.Collect$$libinit$$00000030  c_w.l(libinit2.o)
    0x080001d8   0x00000000   Code   RO         1163    .ARM.Collect$$libinit$$00000032  c_w.l(libinit2.o)
    0x080001d8   0x00000002   Code   RO         1164    .ARM.Collect$$libinit$$00000033  c_w.l(libinit2.o)
    0x080001da   0x00000002   Code   RO         1194    .ARM.Collect$$libshutdown$$00000000  c_w.l(libshutdown.o)
    0x080001dc   0x00000000   Code   RO         1204    .ARM.Collect$$libshutdown$$00000003  c_w.l(libshutdown2.o)
    0x080001dc   0x00000000   Code   RO         1207    .ARM.Collect$$libshutdown$$00000006  c_w.l(libshutdown2.o)
    0x080001dc   0x00000000   Code   RO         1210    .ARM.Collect$$libshutdown$$00000009  c_w.l(libshutdown2.o)
    0x080001dc   0x00000000   Code   RO         1212    .ARM.Collect$$libshutdown$$0000000B  c_w.l(libshutdown2.o)
    0x080001dc   0x00000000   Code   RO         1215    .ARM.Collect$$libshutdown$$0000000E  c_w.l(libshutdown2.o)
    0x080001dc   0x00000002   Code   RO         1216    .ARM.Collect$$libshutdown$$0000000F  c_w.l(libshutdown2.o)
    0x080001de   0x00000000   Code   RO         1012    .ARM.Collect$$rtentry$$00000000  c_w.l(__rtentry.o)
    0x080001de   0x00000000   Code   RO         1040    .ARM.Collect$$rtentry$$00000002  c_w.l(__rtentry2.o)
    0x080001de   0x00000006   Code   RO         1052    .ARM.Collect$$rtentry$$00000004  c_w.l(__rtentry4.o)
    0x080001e4   0x00000000   Code   RO         1042    .ARM.Collect$$rtentry$$00000009  c_w.l(__rtentry2.o)
    0x080001e4   0x00000004   Code   RO         1043    .ARM.Collect$$rtentry$$0000000A  c_w.l(__rtentry2.o)
    0x080001e8   0x00000000   Code   RO         1045    .ARM.Collect$$rtentry$$0000000C  c_w.l(__rtentry2.o)
    0x080001e8   0x00000008   Code   RO         1046    .ARM.Collect$$rtentry$$0000000D  c_w.l(__rtentry2.o)
    0x080001f0   0x00000002   Code   RO         1167    .ARM.Collect$$rtexit$$00000000  c_w.l(rtexit.o)
    0x080001f2   0x00000000   Code   RO         1174    .ARM.Collect$$rtexit$$00000002  c_w.l(rtexit2.o)
    0x080001f2   0x00000004   Code   RO         1175    .ARM.Collect$$rtexit$$00000003  c_w.l(rtexit2.o)
    0x080001f6   0x00000006   Code   RO         1176    .ARM.Collect$$rtexit$$00000004  c_w.l(rtexit2.o)
    0x080001fc   0x00000096   Code   RO          869    .emb_text           port.o
    0x08000292   0x00000014   Code   RO            1    .text               main.o
    0x080002a6   0x0000000c   Code   RO          184    .text               stm32f10x_it.o
    0x080002b2   0x00000002   PAD
    0x080002b4   0x00000158   Code   RO          225    .text               system_stm32f10x.o
    0x0800040c   0x00000108   Code   RO          243    .text               led.o
    0x08000514   0x0000005c   Code   RO          255    .text               pwr.o
    0x08000570   0x000000f8   Code   RO          267    .text               handle.o
    0x08000668   0x000008d4   Code   RO          279    .text               lcd.o
    0x08000f3c   0x00000348   Code   RO          298    .text               lcd_init.o
    0x08001284   0x000000e4   Code   RO          332    .text               charger.o
    0x08001368   0x00000134   Code   RO          344    .text               key.o
    0x0800149c   0x000000d8   Code   RO          357    .text               delay.o
    0x08001574   0x000000b8   Code   RO          371    .text               sys.o
    0x0800162c   0x00000094   Code   RO          388    .text               usart.o
    0x080016c0   0x000000c8   Code   RO          407    .text               systick.o
    0x08001788   0x00000040   Code   RO          435    .text               startup_stm32f10x_hd.o
    0x080017c8   0x000000b0   Code   RO          439    .text               misc.o
    0x08001878   0x00000264   Code   RO          451    .text               stm32f10x_gpio.o
    0x08001adc   0x000002b8   Code   RO          463    .text               stm32f10x_rcc.o
    0x08001d94   0x00000328   Code   RO          477    .text               stm32f10x_usart.o
    0x080020bc   0x00000330   Code   RO          489    .text               stm32f10x_adc.o
    0x080023ec   0x00000088   Code   RO          791    .text               list.o
    0x08002474   0x00000aac   Code   RO          803    .text               queue.o
    0x08002f20   0x0000134c   Code   RO          822    .text               tasks.o
    0x0800426c   0x00000518   Code   RO          854    .text               timers.o
    0x08004784   0x000001f8   Code   RO          870    .text               port.o
    0x0800497c   0x00000214   Code   RO          900    .text               heap_4.o
    0x08004b90   0x00000534   Code   RO          915    .text               taskmanage.o
    0x080050c4   0x00000002   Code   RO          932    .text               c_w.l(use_no_semi_2.o)
    0x080050c6   0x00000002   PAD
    0x080050c8   0x00000018   Code   RO          938    .text               c_w.l(noretval__2printf.o)
    0x080050e0   0x00000028   Code   RO          940    .text               c_w.l(noretval__2sprintf.o)
    0x08005108   0x0000004e   Code   RO          944    .text               c_w.l(_printf_pad.o)
    0x08005156   0x00000052   Code   RO          946    .text               c_w.l(_printf_str.o)
    0x080051a8   0x00000078   Code   RO          948    .text               c_w.l(_printf_dec.o)
    0x08005220   0x0000010e   Code   RO          958    .text               c_w.l(__printf_wp.o)
    0x0800532e   0x00000048   Code   RO          976    .text               c_w.l(strcpy.o)
    0x08005376   0x0000003e   Code   RO          978    .text               c_w.l(strlen.o)
    0x080053b4   0x0000008a   Code   RO          980    .text               c_w.l(rt_memcpy_v6.o)
    0x0800543e   0x00000010   Code   RO          982    .text               c_w.l(aeabi_memset.o)
    0x0800544e   0x00000006   Code   RO          984    .text               c_w.l(heapauxi.o)
    0x08005454   0x00000002   Code   RO         1010    .text               c_w.l(use_no_semi.o)
    0x08005456   0x000000b2   Code   RO         1013    .text               c_w.l(_printf_intcommon.o)
    0x08005508   0x0000041a   Code   RO         1015    .text               c_w.l(_printf_fp_dec.o)
    0x08005922   0x00000002   PAD
    0x08005924   0x00000030   Code   RO         1017    .text               c_w.l(_printf_char_common.o)
    0x08005954   0x0000000a   Code   RO         1019    .text               c_w.l(_sputc.o)
    0x0800595e   0x0000002c   Code   RO         1021    .text               c_w.l(_printf_char.o)
    0x0800598a   0x00000002   PAD
    0x0800598c   0x00000024   Code   RO         1023    .text               c_w.l(_printf_char_file.o)
    0x080059b0   0x00000064   Code   RO         1026    .text               c_w.l(rt_memcpy_w.o)
    0x08005a14   0x00000044   Code   RO         1028    .text               c_w.l(rt_memclr.o)
    0x08005a58   0x00000008   Code   RO         1057    .text               c_w.l(rt_locale_intlibspace.o)
    0x08005a60   0x0000008a   Code   RO         1059    .text               c_w.l(lludiv10.o)
    0x08005aea   0x00000002   PAD
    0x08005aec   0x00000080   Code   RO         1061    .text               c_w.l(_printf_fp_infnan.o)
    0x08005b6c   0x000000dc   Code   RO         1065    .text               c_w.l(bigflt0.o)
    0x08005c48   0x00000008   Code   RO         1090    .text               c_w.l(ferror.o)
    0x08005c50   0x0000004e   Code   RO         1097    .text               c_w.l(rt_memclr_w.o)
    0x08005c9e   0x00000002   PAD
    0x08005ca0   0x00000008   Code   RO         1105    .text               c_w.l(libspace.o)
    0x08005ca8   0x0000004a   Code   RO         1108    .text               c_w.l(sys_stackheap_outer.o)
    0x08005cf2   0x0000000c   Code   RO         1110    .text               c_w.l(exit.o)
    0x08005cfe   0x00000002   PAD
    0x08005d00   0x00000080   Code   RO         1112    .text               c_w.l(strcmpv7m.o)
    0x08005d80   0x0000003e   Code   RO         1068    CL$$btod_d2e        c_w.l(btod.o)
    0x08005dbe   0x00000046   Code   RO         1070    CL$$btod_d2e_denorm_low  c_w.l(btod.o)
    0x08005e04   0x00000060   Code   RO         1069    CL$$btod_d2e_norm_op1  c_w.l(btod.o)
    0x08005e64   0x00000338   Code   RO         1078    CL$$btod_div_common  c_w.l(btod.o)
    0x0800619c   0x000000c6   Code   RO         1075    CL$$btod_e2e        c_w.l(btod.o)
    0x08006262   0x00000028   Code   RO         1072    CL$$btod_ediv       c_w.l(btod.o)
    0x0800628a   0x00000028   Code   RO         1071    CL$$btod_emul       c_w.l(btod.o)
    0x080062b2   0x00000244   Code   RO         1077    CL$$btod_mult_common  c_w.l(btod.o)
    0x080064f6   0x00000028   Code   RO         1103    i.__ARM_fpclassify  m_ws.l(fpclassify.o)
    0x0800651e   0x0000000e   Code   RO          960    i._is_digit         c_w.l(__printf_wp.o)
    0x0800652c   0x0000002c   Code   RO         1095    locale$$code        c_w.l(lc_numeric_c.o)
    0x08006558   0x0000000c   Code   RO         1030    x$fpl$dretinf       fz_ws.l(dretinf.o)
    0x08006564   0x00000056   Code   RO          988    x$fpl$f2d           fz_ws.l(f2d.o)
    0x080065ba   0x00000002   PAD
    0x080065bc   0x0000000c   Code   RO         1032    x$fpl$fcheck1       fz_ws.l(fcheck1.o)
    0x080065c8   0x00000184   Code   RO          991    x$fpl$fdiv          fz_ws.l(fdiv.o)
    0x0800674c   0x0000003e   Code   RO          994    x$fpl$ffixu         fz_ws.l(ffixu.o)
    0x0800678a   0x00000002   PAD
    0x0800678c   0x00000026   Code   RO          998    x$fpl$ffltu         fz_ws.l(fflt_clz.o)
    0x080067b2   0x00000002   PAD
    0x080067b4   0x00000102   Code   RO         1004    x$fpl$fmul          fz_ws.l(fmul.o)
    0x080068b6   0x0000008c   Code   RO         1034    x$fpl$fnaninf       fz_ws.l(fnaninf.o)
    0x08006942   0x0000000a   Code   RO         1036    x$fpl$fretinf       fz_ws.l(fretinf.o)
    0x0800694c   0x00000004   Code   RO         1006    x$fpl$printf1       fz_ws.l(printf1.o)
    0x08006950   0x00000064   Code   RO         1101    x$fpl$retnan        fz_ws.l(retnan.o)
    0x080069b4   0x0000004c   Code   RO         1008    x$fpl$scalbnf       fz_ws.l(scalbnf.o)
    0x08006a00   0x00000030   Code   RO         1165    x$fpl$trapveneer    fz_ws.l(trapv.o)
    0x08006a30   0x00000000   Code   RO         1038    x$fpl$usenofp       fz_ws.l(usenofp.o)
    0x08006a30   0x00003648   Data   RO          280    .constdata          lcd.o
    0x0800a078   0x00003200   Data   RO          311    .constdata          picture.o
    0x0800d278   0x000009d8   Data   RO          312    .constdata          picture.o
    0x0800dc50   0x000009d8   Data   RO          313    .constdata          picture.o
    0x0800e628   0x000005a0   Data   RO          314    .constdata          picture.o
    0x0800ebc8   0x000005a0   Data   RO          315    .constdata          picture.o
    0x0800f168   0x000005a0   Data   RO          316    .constdata          picture.o
    0x0800f708   0x000005a0   Data   RO          317    .constdata          picture.o
    0x0800fca8   0x000005a0   Data   RO          318    .constdata          picture.o
    0x08010248   0x000005a0   Data   RO          319    .constdata          picture.o
    0x080107e8   0x000005a0   Data   RO          320    .constdata          picture.o
    0x08010d88   0x00000094   Data   RO         1066    .constdata          c_w.l(bigflt0.o)
    0x08010e1c   0x00000020   Data   RO         1241    Region$$Table       anon$$obj.o
    0x08010e3c   0x0000001c   Data   RO         1094    locale$$data        c_w.l(lc_numeric_c.o)


    Execution Region RW_IRAM1 (Base: 0x20000000, Size: 0x00005a88, Max: 0x0000c000, ABSOLUTE)

    Base Addr    Size         Type   Attr      Idx    E Section Name        Object

    0x20000000   0x00000014   Data   RW          226    .data               system_stm32f10x.o
    0x20000014   0x00000001   Data   RW          345    .data               key.o
    0x20000015   0x00000001   PAD
    0x20000016   0x00000004   Data   RW          358    .data               delay.o
    0x2000001a   0x00000002   PAD
    0x2000001c   0x00000004   Data   RW          389    .data               usart.o
    0x20000020   0x00000004   Data   RW          408    .data               systick.o
    0x20000024   0x00000014   Data   RW          464    .data               stm32f10x_rcc.o
    0x20000038   0x0000003c   Data   RW          824    .data               tasks.o
    0x20000074   0x00000014   Data   RW          856    .data               timers.o
    0x20000088   0x0000000c   Data   RW          871    .data               port.o
    0x20000094   0x00000018   Data   RW          902    .data               heap_4.o
    0x200000ac   0x00000030   Data   RW          916    .data               taskmanage.o
    0x200000dc   0x00000040   Zero   RW          804    .bss                queue.o
    0x2000011c   0x000002e4   Zero   RW          823    .bss                tasks.o
    0x20000400   0x00000028   Zero   RW          855    .bss                timers.o
    0x20000428   0x00005000   Zero   RW          901    .bss                heap_4.o
    0x20005428   0x00000060   Zero   RW         1106    .bss                c_w.l(libspace.o)
    0x20005488   0x00000200   Zero   RW          433    HEAP                startup_stm32f10x_hd.o
    0x20005688   0x00000400   Zero   RW          432    STACK               startup_stm32f10x_hd.o


==============================================================================

Image component sizes


      Code (inc. data)   RO Data    RW Data    ZI Data      Debug   Object Name

       228         10          0          0          0       1067   charger.o
         0          0          0          0          0         32   core_cm3.o
       216         12          0          4          0       1505   delay.o
         0          0          0          0          0      11828   event_groups.o
       248         12          0          0          0       1054   handle.o
       532         66          0         24      20480       3148   heap_4.o
       308         10          0          1          0        956   key.o
      2260         30      13896          0          0       7947   lcd.o
       840          8          0          0          0       4568   lcd_init.o
       264         18          0          0          0        832   led.o
       136          0          0          0          0       1670   list.o
        20          0          0          0          0     252051   main.o
       176         14          0          0          0       1709   misc.o
         0          0      27920          0          0       1055   picture.o
       654         94          0         12          0       7713   port.o
        92          8          0          0          0        859   pwr.o
      2732         52          0          0         64      16172   queue.o
        64         26        304          0       1536        812   startup_stm32f10x_hd.o
       816         24          0          0          0       9469   stm32f10x_adc.o
       612         36          0          0          0       4985   stm32f10x_gpio.o
        12          0          0          0          0        903   stm32f10x_it.o
       696         32          0         20          0       8116   stm32f10x_rcc.o
       808         22          0          0          0       7312   stm32f10x_usart.o
       184         22          0          0          0       1016   sys.o
       344         34          0         20          0       1779   system_stm32f10x.o
       200         14          0          4          0       1402   systick.o
      1332        308          0         48          0       3357   taskmanage.o
      4940        180          0         60        740      29038   tasks.o
      1304        128          0         20         40       7616   timers.o
       148          8          0          4          0       2813   usart.o

    ----------------------------------------------------------------------
     20168       1168      42152        220      22860     392784   Object Totals
         0          0         32          0          0          0   (incl. Generated)
         2          0          0          3          0          0   (incl. Padding)

    ----------------------------------------------------------------------

      Code (inc. data)   RO Data    RW Data    ZI Data      Debug   Library Member Name

         8          0          0          0          0         68   __main.o
       284          0          0          0          0        156   __printf_wp.o
         0          0          0          0          0          0   __rtentry.o
        12          0          0          0          0          0   __rtentry2.o
         6          0          0          0          0          0   __rtentry4.o
        52          8          0          0          0          0   __scatter.o
        26          0          0          0          0          0   __scatter_copy.o
        28          0          0          0          0          0   __scatter_zi.o
         6          0          0          0          0          0   _printf_c.o
        44          0          0          0          0        108   _printf_char.o
        48          6          0          0          0         96   _printf_char_common.o
        36          4          0          0          0         80   _printf_char_file.o
         6          0          0          0          0          0   _printf_d.o
       120         16          0          0          0         92   _printf_dec.o
         6          0          0          0          0          0   _printf_f.o
      1050          0          0          0          0        216   _printf_fp_dec.o
       128         16          0          0          0         84   _printf_fp_infnan.o
       178          0          0          0          0         88   _printf_intcommon.o
        78          0          0          0          0        108   _printf_pad.o
         0          0          0          0          0          0   _printf_percent.o
         4          0          0          0          0          0   _printf_percent_end.o
         6          0          0          0          0          0   _printf_s.o
        82          0          0          0          0         80   _printf_str.o
         6          0          0          0          0          0   _printf_u.o
        10          0          0          0          0         68   _sputc.o
        16          0          0          0          0         68   aeabi_memset.o
       220          4        148          0          0         96   bigflt0.o
      1910        128          0          0          0        672   btod.o
        12          0          0          0          0         72   exit.o
         8          0          0          0          0         68   ferror.o
         6          0          0          0          0        152   heapauxi.o
        44         10         28          0          0         76   lc_numeric_c.o
         2          0          0          0          0          0   libinit.o
        18          0          0          0          0          0   libinit2.o
         2          0          0          0          0          0   libshutdown.o
         2          0          0          0          0          0   libshutdown2.o
         8          4          0          0         96         68   libspace.o
       138          0          0          0          0         80   lludiv10.o
        24          4          0          0          0         84   noretval__2printf.o
        40          6          0          0          0         84   noretval__2sprintf.o
         8          4          0          0          0         68   rt_locale_intlibspace.o
        68          0          0          0          0         68   rt_memclr.o
        78          0          0          0          0         80   rt_memclr_w.o
       138          0          0          0          0         68   rt_memcpy_v6.o
       100          0          0          0          0         80   rt_memcpy_w.o
         2          0          0          0          0          0   rtexit.o
        10          0          0          0          0          0   rtexit2.o
       128          0          0          0          0         68   strcmpv7m.o
        72          0          0          0          0         80   strcpy.o
        62          0          0          0          0         76   strlen.o
        74          0          0          0          0         80   sys_stackheap_outer.o
         2          0          0          0          0         68   use_no_semi.o
         2          0          0          0          0         68   use_no_semi_2.o
        12          0          0          0          0         68   dretinf.o
        86          4          0          0          0         84   f2d.o
        12          4          0          0          0         68   fcheck1.o
       388         76          0          0          0         96   fdiv.o
        62          4          0          0          0         84   ffixu.o
        38          0          0          0          0         68   fflt_clz.o
       258          4          0          0          0         84   fmul.o
       140          4          0          0          0         84   fnaninf.o
        10          0          0          0          0         68   fretinf.o
         4          0          0          0          0         68   printf1.o
       100          0          0          0          0         68   retnan.o
        76          0          0          0          0         68   scalbnf.o
        48          0          0          0          0         68   trapv.o
         0          0          0          0          0          0   usenofp.o
        40          0          0          0          0         68   fpclassify.o

    ----------------------------------------------------------------------
      6712        306        176          0         96       4612   Library Totals
        20          0          0          0          0          0   (incl. Padding)

    ----------------------------------------------------------------------

      Code (inc. data)   RO Data    RW Data    ZI Data      Debug   Library Name

      5418        210        176          0         96       3568   c_w.l
      1234         96          0          0          0        976   fz_ws.l
        40          0          0          0          0         68   m_ws.l

    ----------------------------------------------------------------------
      6712        306        176          0         96       4612   Library Totals

    ----------------------------------------------------------------------

==============================================================================


      Code (inc. data)   RO Data    RW Data    ZI Data      Debug   

     26880       1474      42328        220      22956     391672   Grand Totals
     26880       1474      42328        220      22956     391672   ELF Image Totals
     26880       1474      42328        220          0          0   ROM Totals

==============================================================================

    Total RO  Size (Code + RO Data)                69208 (  67.59kB)
    Total RW  Size (RW Data + ZI Data)             23176 (  22.63kB)
    Total ROM Size (Code + RO Data + RW Data)      69428 (  67.80kB)

==============================================================================

