Component: ARM Compiler 5.05 update 1 (build 106) Tool: armlink [4d0efa]

==============================================================================

Section Cross References

    main.o(.text) refers to sys.o(.text) for SystemHardwareDriverInit
    main.o(.text) refers to systick.o(.text) for SysTick_Init
    main.o(.text) refers to taskmanage.o(.text) for TaskCreateFunction
    main.o(.text) refers to tasks.o(.text) for vTaskStartScheduler
    system_stm32f10x.o(.text) refers to system_stm32f10x.o(.data) for .data
    led.o(.text) refers to stm32f10x_rcc.o(.text) for RCC_APB2PeriphClockCmd
    led.o(.text) refers to stm32f10x_gpio.o(.text) for GPIO_Init
    led.o(.text) refers to fflt_clz.o(x$fpl$ffltu) for __aeabi_ui2f
    led.o(.text) refers to fdiv.o(x$fpl$fdiv) for __aeabi_fdiv
    pwr.o(.text) refers to stm32f10x_rcc.o(.text) for RCC_APB2PeriphClockCmd
    pwr.o(.text) refers to stm32f10x_gpio.o(.text) for GPIO_Init
    handle.o(.text) refers to stm32f10x_rcc.o(.text) for RCC_APB2PeriphClockCmd
    handle.o(.text) refers to stm32f10x_gpio.o(.text) for GPIO_Init
    handle.o(.text) refers to stm32f10x_adc.o(.text) for ADC_DeInit
    handle.o(.text) refers to delay.o(.text) for delay_ms
    lcd.o(.text) refers to lcd_init.o(.text) for LCD_Address_Set
    lcd.o(.text) refers to lcd.o(.constdata) for .constdata
    lcd.o(.text) refers to fmul.o(x$fpl$fmul) for __aeabi_fmul
    lcd.o(.text) refers to ffixu.o(x$fpl$ffixu) for __aeabi_f2uiz
    lcd.o(.text) refers to port.o(.text) for vPortEnterCritical
    lcd_init.o(.text) refers to stm32f10x_rcc.o(.text) for RCC_APB2PeriphClockCmd
    lcd_init.o(.text) refers to stm32f10x_gpio.o(.text) for GPIO_PinRemapConfig
    lcd_init.o(.text) refers to delay.o(.text) for delay_ms
    charger.o(.text) refers to stm32f10x_rcc.o(.text) for RCC_APB2PeriphClockCmd
    charger.o(.text) refers to stm32f10x_gpio.o(.text) for GPIO_Init
    charger.o(.text) refers to stm32f10x_adc.o(.text) for ADC_DeInit
    charger.o(.text) refers to delay.o(.text) for delay_ms
    key.o(.text) refers to stm32f10x_rcc.o(.text) for RCC_APB2PeriphClockCmd
    key.o(.text) refers to stm32f10x_gpio.o(.text) for GPIO_Init
    key.o(.text) refers to delay.o(.text) for delay_ms
    key.o(.text) refers to key.o(.data) for .data
    mot.o(.text) refers to stm32f10x_rcc.o(.text) for RCC_APB2PeriphClockCmd
    mot.o(.text) refers to stm32f10x_gpio.o(.text) for GPIO_Init
    dac.o(.text) refers to stm32f10x_rcc.o(.text) for RCC_APB2PeriphClockCmd
    dac.o(.text) refers to stm32f10x_gpio.o(.text) for GPIO_Init
    dac.o(.text) refers to stm32f10x_dac.o(.text) for DAC_Init
    timer.o(.text) refers to stm32f10x_rcc.o(.text) for RCC_APB1PeriphClockCmd
    timer.o(.text) refers to stm32f10x_tim.o(.text) for TIM_TimeBaseInit
    timer.o(.text) refers to misc.o(.text) for NVIC_Init
    timer.o(.text) refers to stm32f10x_dac.o(.text) for DAC_SetChannel1Data
    timer.o(.text) refers to timer.o(.data) for .data
    timer.o(.text) refers to yinpin.o(.constdata) for anjian1
    delay.o(.text) refers to tasks.o(.text) for xTaskGetSchedulerState
    delay.o(.text) refers to port.o(.text) for xPortSysTickHandler
    delay.o(.text) refers to misc.o(.text) for SysTick_CLKSourceConfig
    delay.o(.text) refers to system_stm32f10x.o(.data) for SystemCoreClock
    delay.o(.text) refers to delay.o(.data) for .data
    sys.o(.text) refers to misc.o(.text) for NVIC_PriorityGroupConfig
    sys.o(.text) refers to pwr.o(.text) for Power_Init
    sys.o(.text) refers to delay.o(.text) for delay_init
    sys.o(.text) refers to timer.o(.text) for TIM3_Int_Init
    sys.o(.text) refers to dac.o(.text) for Dac1_Init
    sys.o(.text) refers to mot.o(.text) for Motor_Init
    sys.o(.text) refers to stm32f10x_tim.o(.text) for TIM_ITConfig
    sys.o(.text) refers to stm32f10x_dac.o(.text) for DAC_Cmd
    sys.o(.text) refers to led.o(.text) for LED_Init
    sys.o(.text) refers to handle.o(.text) for Handle_Init
    sys.o(.text) refers to charger.o(.text) for Charger_Init
    sys.o(.text) refers to key.o(.text) for KEY_Init
    sys.o(.text) refers to i2c.o(.text) for i2cInit
    sys.o(.text) refers to mpu6050.o(.text) for MPU6050_Init
    sys.o(.text) refers to usart.o(.text) for UART4_Config
    sys.o(.text) refers to lcd_init.o(.text) for LCD_Init
    sys.o(.text) refers to lcd.o(.text) for LCD_Fill
    sys.o(.text) refers to timer.o(.data) for Music_Flag
    sys.o(.text) refers to picture_1.o(.constdata) for gImage_Picture
    sys.o(.text) refers to picture_1.o(.constdata) for gImage_Mode
    sys.o(.text) refers to picture_1.o(.constdata) for gImage_Order
    sys.o(.text) refers to picture_1.o(.constdata) for gImage_Handle
    sys.o(.text) refers to picture_1.o(.constdata) for gImage_Stop
    usart.o(.text) refers (Special) to use_no_semi_2.o(.text) for __use_no_semihosting
    usart.o(.text) refers to stm32f10x_rcc.o(.text) for RCC_APB1PeriphClockCmd
    usart.o(.text) refers to stm32f10x_gpio.o(.text) for GPIO_Init
[...]
    DMA1_Channel7_IRQHandler                 0x080019e3   Thumb Code     0  startup_stm32f10x_hd.o(.text)
    DMA2_Channel1_IRQHandler                 0x080019e3   Thumb Code     0  startup_stm32f10x_hd.o(.text)
    DMA2_Channel2_IRQHandler                 0x080019e3   Thumb Code     0  startup_stm32f10x_hd.o(.text)
    DMA2_Channel3_IRQHandler                 0x080019e3   Thumb Code     0  startup_stm32f10x_hd.o(.text)
    DMA2_Channel4_5_IRQHandler               0x080019e3   Thumb Code     0  startup_stm32f10x_hd.o(.text)
    EXTI0_IRQHandler                         0x080019e3   Thumb Code     0  startup_stm32f10x_hd.o(.text)
    EXTI15_10_IRQHandler                     0x080019e3   Thumb Code     0  startup_stm32f10x_hd.o(.text)
    EXTI1_IRQHandler                         0x080019e3   Thumb Code     0  startup_stm32f10x_hd.o(.text)
    EXTI2_IRQHandler                         0x080019e3   Thumb Code     0  startup_stm32f10x_hd.o(.text)
    EXTI3_IRQHandler                         0x080019e3   Thumb Code     0  startup_stm32f10x_hd.o(.text)
    EXTI4_IRQHandler                         0x080019e3   Thumb Code     0  startup_stm32f10x_hd.o(.text)
    EXTI9_5_IRQHandler                       0x080019e3   Thumb Code     0  startup_stm32f10x_hd.o(.text)
    FLASH_IRQHandler                         0x080019e3   Thumb Code     0  startup_stm32f10x_hd.o(.text)
    FSMC_IRQHandler                          0x080019e3   Thumb Code     0  startup_stm32f10x_hd.o(.text)
    I2C1_ER_IRQHandler                       0x080019e3   Thumb Code     0  startup_stm32f10x_hd.o(.text)
    I2C1_EV_IRQHandler                       0x080019e3   Thumb Code     0  startup_stm32f10x_hd.o(.text)
    I2C2_ER_IRQHandler                       0x080019e3   Thumb Code     0  startup_stm32f10x_hd.o(.text)
    I2C2_EV_IRQHandler                       0x080019e3   Thumb Code     0  startup_stm32f10x_hd.o(.text)
    PVD_IRQHandler                           0x080019e3   Thumb Code     0  startup_stm32f10x_hd.o(.text)
    RCC_IRQHandler                           0x080019e3   Thumb Code     0  startup_stm32f10x_hd.o(.text)
    RTCAlarm_IRQHandler                      0x080019e3   Thumb Code     0  startup_stm32f10x_hd.o(.text)
    RTC_IRQHandler                           0x080019e3   Thumb Code     0  startup_stm32f10x_hd.o(.text)
    SDIO_IRQHandler                          0x080019e3   Thumb Code     0  startup_stm32f10x_hd.o(.text)
    SPI1_IRQHandler                          0x080019e3   Thumb Code     0  startup_stm32f10x_hd.o(.text)
    SPI2_IRQHandler                          0x080019e3   Thumb Code     0  startup_stm32f10x_hd.o(.text)
    SPI3_IRQHandler                          0x080019e3   Thumb Code     0  startup_stm32f10x_hd.o(.text)
    TAMPER_IRQHandler                        0x080019e3   Thumb Code     0  startup_stm32f10x_hd.o(.text)
    TIM1_BRK_IRQHandler                      0x080019e3   Thumb Code     0  startup_stm32f10x_hd.o(.text)
    TIM1_CC_IRQHandler                       0x080019e3   Thumb Code     0  startup_stm32f10x_hd.o(.text)
    TIM1_TRG_COM_IRQHandler                  0x080019e3   Thumb Code     0  startup_stm32f10x_hd.o(.text)
    TIM1_UP_IRQHandler                       0x080019e3   Thumb Code     0  startup_stm32f10x_hd.o(.text)
    TIM2_IRQHandler                          0x080019e3   Thumb Code     0  startup_stm32f10x_hd.o(.text)
    TIM4_IRQHandler                          0x080019e3   Thumb Code     0  startup_stm32f10x_hd.o(.text)
    TIM5_IRQHandler                          0x080019e3   Thumb Code     0  startup_stm32f10x_hd.o(.text)
    TIM6_IRQHandler                          0x080019e3   Thumb Code     0  startup_stm32f10x_hd.o(.text)
    TIM7_IRQHandler                          0x080019e3   Thumb Code     0  startup_stm32f10x_hd.o(.text)
    TIM8_BRK_IRQHandler                      0x080019e3   Thumb Code     0  startup_stm32f10x_hd.o(.text)
    TIM8_CC_IRQHandler                       0x080019e3   Thumb Code     0  startup_stm32f10x_hd.o(.text)
    TIM8_TRG_COM_IRQHandler                  0x080019e3   Thumb Code     0  startup_stm32f10x_hd.o(.text)
    TIM8_UP_IRQHandler                       0x080019e3   Thumb Code     0  startup_stm32f10x_hd.o(.text)
    UART4_IRQHandler                         0x080019e3   Thumb Code     0  startup_stm32f10x_hd.o(.text)
    UART5_IRQHandler                         0x080019e3   Thumb Code     0  startup_stm32f10x_hd.o(.text)
    USART1_IRQHandler                        0x080019e3   Thumb Code     0  startup_stm32f10x_hd.o(.text)
    USART2_IRQHandler                        0x080019e3   Thumb Code     0  startup_stm32f10x_hd.o(.text)
    USART3_IRQHandler                        0x080019e3   Thumb Code     0  startup_stm32f10x_hd.o(.text)
    USBWakeUp_IRQHandler                     0x080019e3   Thumb Code     0  startup_stm32f10x_hd.o(.text)
    USB_HP_CAN1_TX_IRQHandler                0x080019e3   Thumb Code     0  startup_stm32f10x_hd.o(.text)
    USB_LP_CAN1_RX0_IRQHandler               0x080019e3   Thumb Code     0  startup_stm32f10x_hd.o(.text)
    WWDG_IRQHandler                          0x080019e3   Thumb Code     0  startup_stm32f10x_hd.o(.text)
    __user_initial_stackheap                 0x080019e5   Thumb Code     0  startup_stm32f10x_hd.o(.text)
    NVIC_PriorityGroupConfig                 0x08001a09   Thumb Code    10  misc.o(.text)
    NVIC_Init                                0x08001a13   Thumb Code    94  misc.o(.text)
    NVIC_SetVectorTable                      0x08001a71   Thumb Code    14  misc.o(.text)
    NVIC_SystemLPConfig                      0x08001a7f   Thumb Code    20  misc.o(.text)
    SysTick_CLKSourceConfig                  0x08001a93   Thumb Code    24  misc.o(.text)
    GPIO_DeInit                              0x08001ab9   Thumb Code   152  stm32f10x_gpio.o(.text)
    GPIO_AFIODeInit                          0x08001b51   Thumb Code    22  stm32f10x_gpio.o(.text)
    GPIO_Init                                0x08001b67   Thumb Code   156  stm32f10x_gpio.o(.text)
    GPIO_StructInit                          0x08001c03   Thumb Code    16  stm32f10x_gpio.o(.text)
    GPIO_ReadInputDataBit                    0x08001c13   Thumb Code    14  stm32f10x_gpio.o(.text)
    GPIO_ReadInputData                       0x08001c21   Thumb Code     6  stm32f10x_gpio.o(.text)
    GPIO_ReadOutputDataBit                   0x08001c27   Thumb Code    14  stm32f10x_gpio.o(.text)
    GPIO_ReadOutputData                      0x08001c35   Thumb Code     6  stm32f10x_gpio.o(.text)
    GPIO_SetBits                             0x08001c3b   Thumb Code     4  stm32f10x_gpio.o(.text)
    GPIO_ResetBits                           0x08001c3f   Thumb Code     4  stm32f10x_gpio.o(.text)
    GPIO_WriteBit                            0x08001c43   Thumb Code    10  stm32f10x_gpio.o(.text)
    GPIO_Write                               0x08001c4d   Thumb Code     4  stm32f10x_gpio.o(.text)
    GPIO_PinLockConfig                       0x08001c51   Thumb Code    16  stm32f10x_gpio.o(.text)
    GPIO_EventOutputConfig                   0x08001c61   Thumb Code    22  stm32f10x_gpio.o(.text)
    GPIO_EventOutputCmd                      0x08001c77   Thumb Code     6  stm32f10x_gpio.o(.text)
    GPIO_PinRemapConfig                      0x08001c7d   Thumb Code    82  stm32f10x_gpio.o(.text)
    GPIO_EXTILineConfig                      0x08001ccf   Thumb Code    34  stm32f10x_gpio.o(.text)
    GPIO_ETH_MediaInterfaceConfig            0x08001cf1   Thumb Code     8  stm32f10x_gpio.o(.text)
    RCC_DeInit                               0x08001d1d   Thumb Code    50  stm32f10x_rcc.o(.text)
    RCC_HSEConfig                            0x08001d4f   Thumb Code    48  stm32f10x_rcc.o(.text)
    RCC_GetFlagStatus                        0x08001d7f   Thumb Code    42  stm32f10x_rcc.o(.text)
    RCC_WaitForHSEStartUp                    0x08001da9   Thumb Code    44  stm32f10x_rcc.o(.text)
    RCC_AdjustHSICalibrationValue            0x08001dd5   Thumb Code    16  stm32f10x_rcc.o(.text)
    RCC_HSICmd                               0x08001de5   Thumb Code     6  stm32f10x_rcc.o(.text)
    RCC_PLLConfig                            0x08001deb   Thumb Code    16  stm32f10x_rcc.o(.text)
    RCC_PLLCmd                               0x08001dfb   Thumb Code     6  stm32f10x_rcc.o(.text)
    RCC_SYSCLKConfig                         0x08001e01   Thumb Code    14  stm32f10x_rcc.o(.text)
    RCC_GetSYSCLKSource                      0x08001e0f   Thumb Code    10  stm32f10x_rcc.o(.text)
    RCC_HCLKConfig                           0x08001e19   Thumb Code    14  stm32f10x_rcc.o(.text)
    RCC_PCLK1Config                          0x08001e27   Thumb Code    14  stm32f10x_rcc.o(.text)
    RCC_PCLK2Config                          0x08001e35   Thumb Code    16  stm32f10x_rcc.o(.text)
    RCC_ITConfig                             0x08001e45   Thumb Code    18  stm32f10x_rcc.o(.text)
    RCC_USBCLKConfig                         0x08001e57   Thumb Code     8  stm32f10x_rcc.o(.text)
    RCC_ADCCLKConfig                         0x08001e5f   Thumb Code    14  stm32f10x_rcc.o(.text)
    RCC_LSEConfig                            0x08001e6d   Thumb Code    28  stm32f10x_rcc.o(.text)
    RCC_LSICmd                               0x08001e89   Thumb Code     6  stm32f10x_rcc.o(.text)
    RCC_RTCCLKConfig                         0x08001e8f   Thumb Code    10  stm32f10x_rcc.o(.text)
    RCC_RTCCLKCmd                            0x08001e99   Thumb Code     8  stm32f10x_rcc.o(.text)
    RCC_GetClocksFreq                        0x08001ea1   Thumb Code   132  stm32f10x_rcc.o(.text)
    RCC_AHBPeriphClockCmd                    0x08001f25   Thumb Code    18  stm32f10x_rcc.o(.text)
    RCC_APB2PeriphClockCmd                   0x08001f37   Thumb Code    18  stm32f10x_rcc.o(.text)
    RCC_APB1PeriphClockCmd                   0x08001f49   Thumb Code    18  stm32f10x_rcc.o(.text)
    RCC_APB2PeriphResetCmd                   0x08001f5b   Thumb Code    18  stm32f10x_rcc.o(.text)
    RCC_APB1PeriphResetCmd                   0x08001f6d   Thumb Code    18  stm32f10x_rcc.o(.text)
    RCC_BackupResetCmd                       0x08001f7f   Thumb Code     8  stm32f10x_rcc.o(.text)
    RCC_ClockSecuritySystemCmd               0x08001f87   Thumb Code     6  stm32f10x_rcc.o(.text)
    RCC_MCOConfig                            0x08001f8d   Thumb Code     6  stm32f10x_rcc.o(.text)
    RCC_ClearFlag                            0x08001f93   Thumb Code    12  stm32f10x_rcc.o(.text)
    RCC_GetITStatus                          0x08001f9f   Thumb Code    16  stm32f10x_rcc.o(.text)
    RCC_ClearITPendingBit                    0x08001faf   Thumb Code     6  stm32f10x_rcc.o(.text)
    USART_DeInit                             0x08001fd5   Thumb Code    96  stm32f10x_usart.o(.text)
    USART_Init                               0x08002035   Thumb Code   166  stm32f10x_usart.o(.text)
    USART_StructInit                         0x080020db   Thumb Code    22  stm32f10x_usart.o(.text)
    USART_ClockInit                          0x080020f1   Thumb Code    30  stm32f10x_usart.o(.text)
    USART_ClockStructInit                    0x0800210f   Thumb Code    12  stm32f10x_usart.o(.text)
    USART_Cmd                                0x0800211b   Thumb Code    20  stm32f10x_usart.o(.text)
    USART_ITConfig                           0x0800212f   Thumb Code    48  stm32f10x_usart.o(.text)
    USART_DMACmd                             0x0800215f   Thumb Code    16  stm32f10x_usart.o(.text)
    USART_SetAddress                         0x0800216f   Thumb Code    16  stm32f10x_usart.o(.text)
    USART_WakeUpConfig                       0x0800217f   Thumb Code    16  stm32f10x_usart.o(.text)
    USART_ReceiverWakeUpCmd                  0x0800218f   Thumb Code    20  stm32f10x_usart.o(.text)
    USART_LINBreakDetectLengthConfig         0x080021a3   Thumb Code    16  stm32f10x_usart.o(.text)
    USART_LINCmd                             0x080021b3   Thumb Code    20  stm32f10x_usart.o(.text)
    USART_SendData                           0x080021c7   Thumb Code     8  stm32f10x_usart.o(.text)
    USART_ReceiveData                        0x080021cf   Thumb Code     8  stm32f10x_usart.o(.text)
    USART_SendBreak                          0x080021d7   Thumb Code    10  stm32f10x_usart.o(.text)
    USART_SetGuardTime                       0x080021e1   Thumb Code    16  stm32f10x_usart.o(.text)
    USART_SetPrescaler                       0x080021f1   Thumb Code    16  stm32f10x_usart.o(.text)
    USART_SmartCardCmd                       0x08002201   Thumb Code    20  stm32f10x_usart.o(.text)
    USART_SmartCardNACKCmd                   0x08002215   Thumb Code    20  stm32f10x_usart.o(.text)
    USART_HalfDuplexCmd                      0x08002229   Thumb Code    20  stm32f10x_usart.o(.text)
    USART_OverSampling8Cmd                   0x0800223d   Thumb Code    20  stm32f10x_usart.o(.text)
    USART_OneBitMethodCmd                    0x08002251   Thumb Code    20  stm32f10x_usart.o(.text)
    USART_IrDAConfig                         0x08002265   Thumb Code    16  stm32f10x_usart.o(.text)
    USART_IrDACmd                            0x08002275   Thumb Code    20  stm32f10x_usart.o(.text)
    USART_GetFlagStatus                      0x08002289   Thumb Code    14  stm32f10x_usart.o(.text)
    USART_ClearFlag                          0x08002297   Thumb Code     6  stm32f10x_usart.o(.text)
    USART_GetITStatus                        0x0800229d   Thumb Code    62  stm32f10x_usart.o(.text)
    USART_ClearITPendingBit                  0x080022db   Thumb Code    12  stm32f10x_usart.o(.text)
    ADC_DeInit                               0x080022fd   Thumb Code    56  stm32f10x_adc.o(.text)
    ADC_Init                                 0x08002335   Thumb Code    62  stm32f10x_adc.o(.text)
    ADC_StructInit                           0x08002373   Thumb Code    18  stm32f10x_adc.o(.text)
    ADC_Cmd                                  0x08002385   Thumb Code    20  stm32f10x_adc.o(.text)
    ADC_DMACmd                               0x08002399   Thumb Code    20  stm32f10x_adc.o(.text)
    ADC_ITConfig                             0x080023ad   Thumb Code    18  stm32f10x_adc.o(.text)
    ADC_ResetCalibration                     0x080023bf   Thumb Code    10  stm32f10x_adc.o(.text)
    ADC_GetResetCalibrationStatus            0x080023c9   Thumb Code    14  stm32f10x_adc.o(.text)
    ADC_StartCalibration                     0x080023d7   Thumb Code    10  stm32f10x_adc.o(.text)
    ADC_GetCalibrationStatus                 0x080023e1   Thumb Code    14  stm32f10x_adc.o(.text)
    ADC_SoftwareStartConvCmd                 0x080023ef   Thumb Code    20  stm32f10x_adc.o(.text)
    ADC_GetSoftwareStartConvStatus           0x08002403   Thumb Code    14  stm32f10x_adc.o(.text)
    ADC_DiscModeChannelCountConfig           0x08002411   Thumb Code    16  stm32f10x_adc.o(.text)
    ADC_DiscModeCmd                          0x08002421   Thumb Code    20  stm32f10x_adc.o(.text)
    ADC_RegularChannelConfig                 0x08002435   Thumb Code   116  stm32f10x_adc.o(.text)
    ADC_ExternalTrigConvCmd                  0x080024a9   Thumb Code    20  stm32f10x_adc.o(.text)
    ADC_GetConversionValue                   0x080024bd   Thumb Code     6  stm32f10x_adc.o(.text)
    ADC_GetDualModeConversionValue           0x080024c3   Thumb Code     8  stm32f10x_adc.o(.text)
    ADC_AutoInjectedConvCmd                  0x080024cb   Thumb Code    20  stm32f10x_adc.o(.text)
    ADC_InjectedDiscModeCmd                  0x080024df   Thumb Code    20  stm32f10x_adc.o(.text)
    ADC_ExternalTrigInjectedConvConfig       0x080024f3   Thumb Code    12  stm32f10x_adc.o(.text)
    ADC_ExternalTrigInjectedConvCmd          0x080024ff   Thumb Code    20  stm32f10x_adc.o(.text)
    ADC_SoftwareStartInjectedConvCmd         0x08002513   Thumb Code    20  stm32f10x_adc.o(.text)
    ADC_GetSoftwareStartInjectedConvCmdStatus 0x08002527   Thumb Code    14  stm32f10x_adc.o(.text)
    ADC_InjectedChannelConfig                0x08002535   Thumb Code    74  stm32f10x_adc.o(.text)
    ADC_InjectedSequencerLengthConfig        0x0800257f   Thumb Code    16  stm32f10x_adc.o(.text)
    ADC_SetInjectedOffset                    0x0800258f   Thumb Code    10  stm32f10x_adc.o(.text)
    ADC_GetInjectedConversionValue           0x08002599   Thumb Code    14  stm32f10x_adc.o(.text)
    ADC_AnalogWatchdogCmd                    0x080025a7   Thumb Code    12  stm32f10x_adc.o(.text)
    ADC_AnalogWatchdogThresholdsConfig       0x080025b3   Thumb Code     6  stm32f10x_adc.o(.text)
    ADC_AnalogWatchdogSingleChannelConfig    0x080025b9   Thumb Code    12  stm32f10x_adc.o(.text)
    ADC_TempSensorVrefintCmd                 0x080025c5   Thumb Code    24  stm32f10x_adc.o(.text)
    ADC_GetFlagStatus                        0x080025dd   Thumb Code    14  stm32f10x_adc.o(.text)
    ADC_ClearFlag                            0x080025eb   Thumb Code     6  stm32f10x_adc.o(.text)
    ADC_GetITStatus                          0x080025f1   Thumb Code    28  stm32f10x_adc.o(.text)
    ADC_ClearITPendingBit                    0x0800260d   Thumb Code     8  stm32f10x_adc.o(.text)
    DAC_DeInit                               0x0800262d   Thumb Code    24  stm32f10x_dac.o(.text)
    DAC_Init                                 0x08002645   Thumb Code    36  stm32f10x_dac.o(.text)
    DAC_StructInit                           0x08002669   Thumb Code    12  stm32f10x_dac.o(.text)
    DAC_Cmd                                  0x08002675   Thumb Code    20  stm32f10x_dac.o(.text)
    DAC_DMACmd                               0x08002689   Thumb Code    20  stm32f10x_dac.o(.text)
    DAC_SoftwareTriggerCmd                   0x0800269d   Thumb Code    26  stm32f10x_dac.o(.text)
    DAC_DualSoftwareTriggerCmd               0x080026b7   Thumb Code    24  stm32f10x_dac.o(.text)
    DAC_WaveGenerationCmd                    0x080026cf   Thumb Code    18  stm32f10x_dac.o(.text)
    DAC_SetChannel1Data                      0x080026e1   Thumb Code    14  stm32f10x_dac.o(.text)
    DAC_SetChannel2Data                      0x080026ef   Thumb Code    14  stm32f10x_dac.o(.text)
    DAC_SetDualChannelData                   0x080026fd   Thumb Code    22  stm32f10x_dac.o(.text)
    DAC_GetDataOutputValue                   0x08002713   Thumb Code    18  stm32f10x_dac.o(.text)
    TIM_DeInit                               0x08002729   Thumb Code   304  stm32f10x_tim.o(.text)
    TIM_TimeBaseInit                         0x08002859   Thumb Code   114  stm32f10x_tim.o(.text)
    TIM_OC1Init                              0x080028cb   Thumb Code   106  stm32f10x_tim.o(.text)
    TIM_OC2Init                              0x08002935   Thumb Code   120  stm32f10x_tim.o(.text)
    TIM_OC3Init                              0x080029ad   Thumb Code   116  stm32f10x_tim.o(.text)
    TIM_OC4Init                              0x08002a21   Thumb Code    90  stm32f10x_tim.o(.text)
    TIM_SetIC4Prescaler                      0x08002a7b   Thumb Code    24  stm32f10x_tim.o(.text)
    TIM_SetIC3Prescaler                      0x08002a93   Thumb Code    16  stm32f10x_tim.o(.text)
    TIM_SetIC2Prescaler                      0x08002aa3   Thumb Code    24  stm32f10x_tim.o(.text)
    TIM_SetIC1Prescaler                      0x08002b61   Thumb Code    16  stm32f10x_tim.o(.text)
    TIM_ICInit                               0x08002bc9   Thumb Code   270  stm32f10x_tim.o(.text)
    TIM_PWMIConfig                           0x08002cd7   Thumb Code   104  stm32f10x_tim.o(.text)
    TIM_BDTRConfig                           0x08002d3f   Thumb Code    34  stm32f10x_tim.o(.text)
    TIM_TimeBaseStructInit                   0x08002d61   Thumb Code    18  stm32f10x_tim.o(.text)
    TIM_OCStructInit                         0x08002d73   Thumb Code    20  stm32f10x_tim.o(.text)
    TIM_ICStructInit                         0x08002d87   Thumb Code    16  stm32f10x_tim.o(.text)
    TIM_BDTRStructInit                       0x08002d97   Thumb Code    18  stm32f10x_tim.o(.text)
    TIM_Cmd                                  0x08002da9   Thumb Code    20  stm32f10x_tim.o(.text)
    TIM_CtrlPWMOutputs                       0x08002dbd   Thumb Code    22  stm32f10x_tim.o(.text)
    TIM_ITConfig                             0x08002dd3   Thumb Code    16  stm32f10x_tim.o(.text)
    TIM_GenerateEvent                        0x08002de3   Thumb Code     4  stm32f10x_tim.o(.text)
    TIM_DMAConfig                            0x08002de7   Thumb Code     8  stm32f10x_tim.o(.text)
    TIM_DMACmd                               0x08002def   Thumb Code    16  stm32f10x_tim.o(.text)
    TIM_InternalClockConfig                  0x08002dff   Thumb Code    10  stm32f10x_tim.o(.text)
    TIM_SelectInputTrigger                   0x08002e09   Thumb Code    12  stm32f10x_tim.o(.text)
    TIM_ITRxExternalClockConfig              0x08002e15   Thumb Code    18  stm32f10x_tim.o(.text)
    TIM_TIxExternalClockConfig               0x08002e27   Thumb Code    46  stm32f10x_tim.o(.text)
    TIM_ETRConfig                            0x08002e55   Thumb Code    24  stm32f10x_tim.o(.text)
    TIM_ETRClockMode1Config                  0x08002e6d   Thumb Code    18  stm32f10x_tim.o(.text)
    TIM_ETRClockMode2Config                  0x08002e7f   Thumb Code    18  stm32f10x_tim.o(.text)
    TIM_PrescalerConfig                      0x08002e91   Thumb Code     6  stm32f10x_tim.o(.text)
    TIM_CounterModeConfig                    0x08002e97   Thumb Code    12  stm32f10x_tim.o(.text)
    TIM_EncoderInterfaceConfig               0x08002ea3   Thumb Code    50  stm32f10x_tim.o(.text)
    TIM_ForcedOC1Config                      0x08002ed5   Thumb Code    12  stm32f10x_tim.o(.text)
    TIM_ForcedOC2Config                      0x08002ee1   Thumb Code    20  stm32f10x_tim.o(.text)
    TIM_ForcedOC3Config                      0x08002ef5   Thumb Code    12  stm32f10x_tim.o(.text)
    TIM_ForcedOC4Config                      0x08002f01   Thumb Code    20  stm32f10x_tim.o(.text)
    TIM_ARRPreloadConfig                     0x08002f15   Thumb Code    20  stm32f10x_tim.o(.text)
    TIM_SelectCOM                            0x08002f29   Thumb Code    20  stm32f10x_tim.o(.text)
    TIM_SelectCCDMA                          0x08002f3d   Thumb Code    20  stm32f10x_tim.o(.text)
    TIM_CCPreloadControl                     0x08002f51   Thumb Code    20  stm32f10x_tim.o(.text)
    TIM_OC1PreloadConfig                     0x08002f65   Thumb Code    32  stm32f10x_tim.o(.text)
    TIM_OC2PreloadConfig                     0x08002f85   Thumb Code    20  stm32f10x_tim.o(.text)
    TIM_OC3PreloadConfig                     0x08002f99   Thumb Code    12  stm32f10x_tim.o(.text)
    TIM_OC4PreloadConfig                     0x08002fa5   Thumb Code    20  stm32f10x_tim.o(.text)
    TIM_OC1FastConfig                        0x08002fb9   Thumb Code    12  stm32f10x_tim.o(.text)
    TIM_OC2FastConfig                        0x08002fc5   Thumb Code    20  stm32f10x_tim.o(.text)
    TIM_OC3FastConfig                        0x08002fd9   Thumb Code    12  stm32f10x_tim.o(.text)
    TIM_OC4FastConfig                        0x08002fe5   Thumb Code    20  stm32f10x_tim.o(.text)
    TIM_ClearOC1Ref                          0x08002ff9   Thumb Code    12  stm32f10x_tim.o(.text)
    TIM_ClearOC2Ref                          0x08003005   Thumb Code    20  stm32f10x_tim.o(.text)
    TIM_ClearOC3Ref                          0x08003019   Thumb Code    12  stm32f10x_tim.o(.text)
    TIM_ClearOC4Ref                          0x08003025   Thumb Code    20  stm32f10x_tim.o(.text)
    TIM_OC1PolarityConfig                    0x08003039   Thumb Code    12  stm32f10x_tim.o(.text)
    TIM_OC1NPolarityConfig                   0x08003045   Thumb Code    12  stm32f10x_tim.o(.text)
    TIM_OC2PolarityConfig                    0x08003051   Thumb Code    20  stm32f10x_tim.o(.text)
    TIM_OC2NPolarityConfig                   0x08003065   Thumb Code    20  stm32f10x_tim.o(.text)
    TIM_OC3PolarityConfig                    0x08003079   Thumb Code    20  stm32f10x_tim.o(.text)
    TIM_OC3NPolarityConfig                   0x0800308d   Thumb Code    20  stm32f10x_tim.o(.text)
    TIM_OC4PolarityConfig                    0x080030a1   Thumb Code    20  stm32f10x_tim.o(.text)
    TIM_CCxCmd                               0x080030b5   Thumb Code    22  stm32f10x_tim.o(.text)
    TIM_CCxNCmd                              0x080030cb   Thumb Code    22  stm32f10x_tim.o(.text)
    TIM_SelectOCxM                           0x080030e1   Thumb Code    70  stm32f10x_tim.o(.text)
    TIM_UpdateDisableConfig                  0x08003127   Thumb Code    20  stm32f10x_tim.o(.text)
    TIM_UpdateRequestConfig                  0x0800313b   Thumb Code    20  stm32f10x_tim.o(.text)
    TIM_SelectHallSensor                     0x0800314f   Thumb Code    20  stm32f10x_tim.o(.text)
    TIM_SelectOnePulseMode                   0x08003163   Thumb Code    16  stm32f10x_tim.o(.text)
    TIM_SelectOutputTrigger                  0x08003173   Thumb Code    16  stm32f10x_tim.o(.text)
    TIM_SelectSlaveMode                      0x08003183   Thumb Code    16  stm32f10x_tim.o(.text)
    TIM_SelectMasterSlaveMode                0x08003193   Thumb Code    16  stm32f10x_tim.o(.text)
    TIM_SetCounter                           0x080031a3   Thumb Code     4  stm32f10x_tim.o(.text)
    TIM_SetAutoreload                        0x080031a7   Thumb Code     4  stm32f10x_tim.o(.text)
    TIM_SetCompare1                          0x080031ab   Thumb Code     4  stm32f10x_tim.o(.text)
    TIM_SetCompare2                          0x080031af   Thumb Code     4  stm32f10x_tim.o(.text)
    TIM_SetCompare3                          0x080031b3   Thumb Code     4  stm32f10x_tim.o(.text)
    TIM_SetCompare4                          0x080031b7   Thumb Code     6  stm32f10x_tim.o(.text)
    TIM_SetClockDivision                     0x080031bd   Thumb Code    16  stm32f10x_tim.o(.text)
    TIM_GetCapture1                          0x080031cd   Thumb Code     4  stm32f10x_tim.o(.text)
    TIM_GetCapture2                          0x080031d1   Thumb Code     4  stm32f10x_tim.o(.text)
    TIM_GetCapture3                          0x080031d5   Thumb Code     4  stm32f10x_tim.o(.text)
    TIM_GetCapture4                          0x080031d9   Thumb Code     6  stm32f10x_tim.o(.text)
    TIM_GetCounter                           0x080031df   Thumb Code     4  stm32f10x_tim.o(.text)
    TIM_GetPrescaler                         0x080031e3   Thumb Code     4  stm32f10x_tim.o(.text)
    TIM_GetFlagStatus                        0x080031e7   Thumb Code    14  stm32f10x_tim.o(.text)
    TIM_ClearFlag                            0x080031f5   Thumb Code     6  stm32f10x_tim.o(.text)
    TIM_GetITStatus                          0x080031fb   Thumb Code    24  stm32f10x_tim.o(.text)
    TIM_ClearITPendingBit                    0x08003213   Thumb Code     6  stm32f10x_tim.o(.text)
    vListInitialise                          0x08003219   Thumb Code    22  list.o(.text)
    vListInitialiseItem                      0x0800322f   Thumb Code     6  list.o(.text)
    vListInsertEnd                           0x08003235   Thumb Code    24  list.o(.text)
    vListInsert                              0x0800324d   Thumb Code    48  list.o(.text)
    uxListRemove                             0x0800327d   Thumb Code    36  list.o(.text)
    xQueueGenericReset                       0x080032a1   Thumb Code   128  queue.o(.text)
    xQueueGenericCreate                      0x08003321   Thumb Code    82  queue.o(.text)
    xQueueGenericSend                        0x080034c1   Thumb Code   350  queue.o(.text)
    xQueueCreateMutex                        0x0800361f   Thumb Code    36  queue.o(.text)
    xQueueGiveMutexRecursive                 0x08003643   Thumb Code    98  queue.o(.text)
    xQueueGenericReceive                     0x080036cb   Thumb Code   356  queue.o(.text)
    xQueueTakeMutexRecursive                 0x0800382f   Thumb Code    68  queue.o(.text)
    xQueueCreateCountingSemaphore            0x08003873   Thumb Code    62  queue.o(.text)
    xQueueGenericSendFromISR                 0x080038b1   Thumb Code   200  queue.o(.text)
    xQueueGiveFromISR                        0x08003979   Thumb Code   172  queue.o(.text)
    xQueueReceiveFromISR                     0x08003a25   Thumb Code   150  queue.o(.text)
    xQueuePeekFromISR                        0x08003abb   Thumb Code   114  queue.o(.text)
    uxQueueMessagesWaiting                   0x08003b2d   Thumb Code    36  queue.o(.text)
    uxQueueSpacesAvailable                   0x08003b51   Thumb Code    40  queue.o(.text)
    uxQueueMessagesWaitingFromISR            0x08003b79   Thumb Code    26  queue.o(.text)
    vQueueUnregisterQueue                    0x08003b93   Thumb Code    36  queue.o(.text)
    vQueueDelete                             0x08003bb7   Thumb Code    38  queue.o(.text)
    uxQueueGetQueueNumber                    0x08003bdd   Thumb Code     4  queue.o(.text)
    vQueueSetQueueNumber                     0x08003be1   Thumb Code     4  queue.o(.text)
    ucQueueGetQueueType                      0x08003be5   Thumb Code     6  queue.o(.text)
    xQueueIsQueueEmptyFromISR                0x08003beb   Thumb Code    34  queue.o(.text)
    xQueueIsQueueFullFromISR                 0x08003c0d   Thumb Code    38  queue.o(.text)
    vQueueAddToRegistry                      0x08003c33   Thumb Code    32  queue.o(.text)
    pcQueueGetName                           0x08003c53   Thumb Code    34  queue.o(.text)
    vQueueWaitForMessageRestricted           0x08003c75   Thumb Code    68  queue.o(.text)
    xQueueCreateSet                          0x08003cb9   Thumb Code     8  queue.o(.text)
    xQueueAddToSet                           0x08003cc1   Thumb Code    34  queue.o(.text)
    xQueueRemoveFromSet                      0x08003ce3   Thumb Code    34  queue.o(.text)
    xQueueSelectFromSet                      0x08003d05   Thumb Code    18  queue.o(.text)
    xQueueSelectFromSetFromISR               0x08003d17   Thumb Code    18  queue.o(.text)
    xTaskCreate                              0x08003e0d   Thumb Code    86  tasks.o(.text)
    vTaskDelete                              0x08003e63   Thumb Code   154  tasks.o(.text)
    xTaskIncrementTick                       0x08003efd   Thumb Code   186  tasks.o(.text)
    xTaskResumeAll                           0x08003fb7   Thumb Code   182  tasks.o(.text)
    vTaskSuspendAll                          0x080040d3   Thumb Code    10  tasks.o(.text)
    vTaskDelayUntil                          0x080040dd   Thumb Code   180  tasks.o(.text)
    vTaskDelay                               0x08004191   Thumb Code    66  tasks.o(.text)
    eTaskGetState                            0x080041d3   Thumb Code    94  tasks.o(.text)
    uxTaskPriorityGet                        0x08004231   Thumb Code    24  tasks.o(.text)
    uxTaskPriorityGetFromISR                 0x08004249   Thumb Code    40  tasks.o(.text)
    vTaskPrioritySet                         0x08004271   Thumb Code   184  tasks.o(.text)
    vTaskSwitchContext                       0x08004329   Thumb Code    84  tasks.o(.text)
    vTaskSuspend                             0x0800437d   Thumb Code   156  tasks.o(.text)
    vTaskResume                              0x08004449   Thumb Code   116  tasks.o(.text)
    xTaskResumeFromISR                       0x080044bd   Thumb Code   126  tasks.o(.text)
    vTaskStartScheduler                      0x08004559   Thumb Code   130  tasks.o(.text)
    vTaskEndScheduler                        0x080045db   Thumb Code    24  tasks.o(.text)
    xTaskGetTickCount                        0x080045f3   Thumb Code     6  tasks.o(.text)
    xTaskGetTickCountFromISR                 0x080045f9   Thumb Code    12  tasks.o(.text)
    uxTaskGetNumberOfTasks                   0x08004605   Thumb Code     6  tasks.o(.text)
    pcTaskGetName                            0x0800460b   Thumb Code    38  tasks.o(.text)
    vTaskGetInfo                             0x08004631   Thumb Code   126  tasks.o(.text)
    uxTaskGetSystemState                     0x08004703   Thumb Code   156  tasks.o(.text)
    vTaskPlaceOnEventList                    0x0800479f   Thumb Code    46  tasks.o(.text)
    vTaskPlaceOnUnorderedEventList           0x080047cd   Thumb Code    78  tasks.o(.text)
    vTaskPlaceOnEventListRestricted          0x0800481b   Thumb Code    54  tasks.o(.text)
    xTaskRemoveFromEventList                 0x08004851   Thumb Code   106  tasks.o(.text)
    xTaskRemoveFromUnorderedEventList        0x080048bb   Thumb Code   116  tasks.o(.text)
    vTaskSetTimeOutState                     0x0800492f   Thumb Code    34  tasks.o(.text)
    xTaskCheckForTimeOut                     0x08004951   Thumb Code   114  tasks.o(.text)
    vTaskMissedYield                         0x080049c3   Thumb Code     8  tasks.o(.text)
    uxTaskGetTaskNumber                      0x080049cb   Thumb Code     8  tasks.o(.text)
    vTaskSetTaskNumber                       0x080049d3   Thumb Code     8  tasks.o(.text)
    xTaskGetCurrentTaskHandle                0x080049db   Thumb Code     6  tasks.o(.text)
    xTaskGetSchedulerState                   0x080049e1   Thumb Code    22  tasks.o(.text)
    vTaskPriorityInherit                     0x080049f7   Thumb Code   124  tasks.o(.text)
    xTaskPriorityDisinherit                  0x08004a73   Thumb Code   144  tasks.o(.text)
    vTaskList                                0x08004b03   Thumb Code   188  tasks.o(.text)
    uxTaskResetEventItemValue                0x08004bbf   Thumb Code    20  tasks.o(.text)
    pvTaskIncrementMutexHeldCount            0x08004bd3   Thumb Code    18  tasks.o(.text)
    ulTaskNotifyTake                         0x08004be5   Thumb Code    96  tasks.o(.text)
    xTaskNotifyWait                          0x08004c45   Thumb Code   128  tasks.o(.text)
    xTaskGenericNotify                       0x08004cc5   Thumb Code   190  tasks.o(.text)
    xTaskGenericNotifyFromISR                0x08004d83   Thumb Code   256  tasks.o(.text)
    vTaskNotifyGiveFromISR                   0x08004e83   Thumb Code   168  tasks.o(.text)
    xTaskNotifyStateClear                    0x08004f2b   Thumb Code    44  tasks.o(.text)
    xTimerGenericCommand                     0x080050cd   Thumb Code    98  timers.o(.text)
    xTimerCreateTimerTask                    0x08005253   Thumb Code    58  timers.o(.text)
    xTimerCreate                             0x0800528d   Thumb Code    72  timers.o(.text)
    xTimerGetTimerDaemonTaskHandle           0x080052d5   Thumb Code    24  timers.o(.text)
    xTimerGetPeriod                          0x080052ed   Thumb Code    22  timers.o(.text)
    xTimerGetExpiryTime                      0x08005303   Thumb Code    22  timers.o(.text)
    pcTimerGetName                           0x08005319   Thumb Code    22  timers.o(.text)
    xTimerIsTimerActive                      0x0800532f   Thumb Code    40  timers.o(.text)
    pvTimerGetTimerID                        0x08005357   Thumb Code    32  timers.o(.text)
    vTimerSetTimerID                         0x08005377   Thumb Code    34  timers.o(.text)
    xTimerPendFunctionCallFromISR            0x08005399   Thumb Code    34  timers.o(.text)
    xTimerPendFunctionCall                   0x080053bb   Thumb Code    60  timers.o(.text)
    pxPortInitialiseStack                    0x080055d3   Thumb Code    32  port.o(.text)
    vPortSetupTimerInterrupt                 0x080055f3   Thumb Code    26  port.o(.text)
    xPortStartScheduler                      0x0800560d   Thumb Code   108  port.o(.text)
    vPortEndScheduler                        0x08005679   Thumb Code    24  port.o(.text)
    vPortEnterCritical                       0x08005691   Thumb Code    52  port.o(.text)
    vPortExitCritical                        0x080056c5   Thumb Code    34  port.o(.text)
    xPortSysTickHandler                      0x080056e7   Thumb Code    40  port.o(.text)
    vPortValidateInterruptPriority           0x0800570f   Thumb Code    72  port.o(.text)
    pvPortMalloc                             0x080057f1   Thumb Code   214  heap_4.o(.text)
    vPortFree                                0x080058c7   Thumb Code    96  heap_4.o(.text)
    xPortGetFreeHeapSize                     0x08005927   Thumb Code     8  heap_4.o(.text)
    xPortGetMinimumEverFreeHeapSize          0x0800592f   Thumb Code     8  heap_4.o(.text)
    vPortInitialiseBlocks                    0x08005937   Thumb Code     2  heap_4.o(.text)
    query_task                               0x080059bd   Thumb Code   122  taskmanage.o(.text)
    photo_task                               0x08005a37   Thumb Code   106  taskmanage.o(.text)
    imu_task                                 0x08005aa1   Thumb Code    66  taskmanage.o(.text)
    key_task                                 0x08005ae3   Thumb Code   488  taskmanage.o(.text)
    charger_task                             0x08005ccb   Thumb Code   366  taskmanage.o(.text)
    lcd_imu_task                             0x08005e39   Thumb Code   208  taskmanage.o(.text)
    lcd_handle_task                          0x08005f09   Thumb Code   242  taskmanage.o(.text)
    handle_task                              0x08005ffb   Thumb Code   128  taskmanage.o(.text)
    uart_task                                0x0800607b   Thumb Code   346  taskmanage.o(.text)
    led_task                                 0x080061d5   Thumb Code    36  taskmanage.o(.text)
    start_task                               0x080061f9   Thumb Code   640  taskmanage.o(.text)
    TaskCreateFunction                       0x08006479   Thumb Code    26  taskmanage.o(.text)
    i2cInit                                  0x080065f7   Thumb Code    42  i2c.o(.text)
    i2cWriteBuffer                           0x08006621   Thumb Code    84  i2c.o(.text)
    i2cwrite                                 0x08006675   Thumb Code    18  i2c.o(.text)
    i2cRead                                  0x08006687   Thumb Code   214  i2c.o(.text)
    i2cread                                  0x0800675d   Thumb Code    18  i2c.o(.text)
    i2cWrite                                 0x0800676f   Thumb Code    66  i2c.o(.text)
    i2cGetErrorCounter                       0x080067b1   Thumb Code     4  i2c.o(.text)
    mpu_reg_dump                             0x08006819   Thumb Code    58  inv_mpu.o(.text)
    mpu_read_reg                             0x08006853   Thumb Code    52  inv_mpu.o(.text)
    mpu_set_int_latched                      0x08006887   Thumb Code    94  inv_mpu.o(.text)
    mpu_set_sensors                          0x080068e5   Thumb Code   178  inv_mpu.o(.text)
    mpu_set_bypass                           0x08006997   Thumb Code   212  inv_mpu.o(.text)
    mpu_reset_fifo                           0x08006a6b   Thumb Code   350  inv_mpu.o(.text)
    mpu_configure_fifo                       0x08006bc9   Thumb Code    84  inv_mpu.o(.text)
    mpu_set_lpf                              0x08006c1d   Thumb Code   102  inv_mpu.o(.text)
    mpu_lp_accel_mode                        0x08006c83   Thumb Code   178  inv_mpu.o(.text)
    mpu_set_sample_rate                      0x08006d35   Thumb Code   116  inv_mpu.o(.text)
    mpu_set_accel_fsr                        0x08006da9   Thumb Code    98  inv_mpu.o(.text)
    mpu_set_gyro_fsr                         0x08006e0b   Thumb Code   104  inv_mpu.o(.text)
    mpu_init                                 0x08006e73   Thumb Code   306  inv_mpu.o(.text)
    mpu_get_gyro_reg                         0x08006fa5   Thumb Code   158  inv_mpu.o(.text)
    mpu_get_accel_reg                        0x08007043   Thumb Code    76  inv_mpu.o(.text)
    mpu_get_temperature                      0x0800708f   Thumb Code   114  inv_mpu.o(.text)
    mpu_set_accel_bias                       0x08007101   Thumb Code   214  inv_mpu.o(.text)
    mpu_get_gyro_fsr                         0x080071d7   Thumb Code    48  inv_mpu.o(.text)
    mpu_get_accel_fsr                        0x08007207   Thumb Code    54  inv_mpu.o(.text)
    mpu_get_lpf                              0x0800723d   Thumb Code    52  inv_mpu.o(.text)
    mpu_get_sample_rate                      0x08007271   Thumb Code    22  inv_mpu.o(.text)
    mpu_get_compass_sample_rate              0x08007287   Thumb Code     8  inv_mpu.o(.text)
    mpu_set_compass_sample_rate              0x0800728f   Thumb Code     6  inv_mpu.o(.text)
    mpu_get_gyro_sens                        0x08007295   Thumb Code    44  inv_mpu.o(.text)
    mpu_get_accel_sens                       0x080072c1   Thumb Code    62  inv_mpu.o(.text)
    mpu_get_fifo_config                      0x080072ff   Thumb Code    10  inv_mpu.o(.text)
    mpu_get_power_state                      0x08007309   Thumb Code    14  inv_mpu.o(.text)
    mpu_get_int_status                       0x08007317   Thumb Code    48  inv_mpu.o(.text)
    mpu_read_fifo                            0x08007347   Thumb Code   372  inv_mpu.o(.text)
    mpu_read_fifo_stream                     0x080074bb   Thumb Code   138  inv_mpu.o(.text)
    mpu_set_int_level                        0x08007545   Thumb Code    10  inv_mpu.o(.text)
    mpu_set_dmp_state                        0x0800785f   Thumb Code   120  inv_mpu.o(.text)
    mpu_run_self_test                        0x080078d7   Thumb Code   234  inv_mpu.o(.text)
    mpu_write_mem                            0x080079c1   Thumb Code    80  inv_mpu.o(.text)
    mpu_read_mem                             0x08007a11   Thumb Code    80  inv_mpu.o(.text)
    mpu_load_firmware                        0x08007a61   Thumb Code   156  inv_mpu.o(.text)
    mpu_get_dmp_state                        0x08007afd   Thumb Code    12  inv_mpu.o(.text)
    mpu_get_compass_reg                      0x08007b09   Thumb Code     6  inv_mpu.o(.text)
    mpu_get_compass_fsr                      0x08007b0f   Thumb Code     6  inv_mpu.o(.text)
    mpu_lp_motion_interrupt                  0x08007b15   Thumb Code   432  inv_mpu.o(.text)
    dmp_load_motion_driver_firmware          0x08007eb5   Thumb Code    16  inv_mpu_dmp_motion_driver.o(.text)
    dmp_set_orientation                      0x08007ec5   Thumb Code   246  inv_mpu_dmp_motion_driver.o(.text)
    dmp_set_gyro_bias                        0x08007fbb   Thumb Code   196  inv_mpu_dmp_motion_driver.o(.text)
    dmp_set_accel_bias                       0x0800807f   Thumb Code   206  inv_mpu_dmp_motion_driver.o(.text)
    dmp_set_fifo_rate                        0x0800814d   Thumb Code    82  inv_mpu_dmp_motion_driver.o(.text)
    dmp_get_fifo_rate                        0x0800819f   Thumb Code    10  inv_mpu_dmp_motion_driver.o(.text)
    dmp_set_tap_thresh                       0x080081a9   Thumb Code   340  inv_mpu_dmp_motion_driver.o(.text)
    dmp_set_tap_axes                         0x080082fd   Thumb Code    64  inv_mpu_dmp_motion_driver.o(.text)
    dmp_set_tap_count                        0x0800833d   Thumb Code    34  inv_mpu_dmp_motion_driver.o(.text)
    dmp_set_tap_time                         0x0800835f   Thumb Code    32  inv_mpu_dmp_motion_driver.o(.text)
    dmp_set_tap_time_multi                   0x0800837f   Thumb Code    32  inv_mpu_dmp_motion_driver.o(.text)
    dmp_set_shake_reject_thresh              0x0800839f   Thumb Code    48  inv_mpu_dmp_motion_driver.o(.text)
    dmp_set_shake_reject_time                0x080083cf   Thumb Code    32  inv_mpu_dmp_motion_driver.o(.text)
    dmp_set_shake_reject_timeout             0x080083ef   Thumb Code    32  inv_mpu_dmp_motion_driver.o(.text)
    dmp_get_pedometer_step_count             0x0800840f   Thumb Code    48  inv_mpu_dmp_motion_driver.o(.text)
    dmp_set_pedometer_step_count             0x0800843f   Thumb Code    38  inv_mpu_dmp_motion_driver.o(.text)
    dmp_get_pedometer_walk_time              0x08008465   Thumb Code    54  inv_mpu_dmp_motion_driver.o(.text)
    dmp_set_pedometer_walk_time              0x0800849b   Thumb Code    44  inv_mpu_dmp_motion_driver.o(.text)
    dmp_enable_6x_lp_quat                    0x080084c7   Thumb Code    58  inv_mpu_dmp_motion_driver.o(.text)
    dmp_enable_lp_quat                       0x08008501   Thumb Code    58  inv_mpu_dmp_motion_driver.o(.text)
    dmp_enable_gyro_cal                      0x0800853b   Thumb Code    32  inv_mpu_dmp_motion_driver.o(.text)
    dmp_enable_feature                       0x0800855b   Thumb Code   468  inv_mpu_dmp_motion_driver.o(.text)
    dmp_get_enabled_features                 0x0800872f   Thumb Code    10  inv_mpu_dmp_motion_driver.o(.text)
    dmp_set_interrupt_mode                   0x08008739   Thumb Code    60  inv_mpu_dmp_motion_driver.o(.text)
    dmp_read_fifo                            0x08008775   Thumb Code   324  inv_mpu_dmp_motion_driver.o(.text)
    dmp_register_tap_cb                      0x080088b9   Thumb Code     8  inv_mpu_dmp_motion_driver.o(.text)
    dmp_register_android_orient_cb           0x080088c1   Thumb Code     8  inv_mpu_dmp_motion_driver.o(.text)
    inv_orientation_matrix_to_scalar         0x08008911   Thumb Code    92  inv_mpu_dmp_motion_driver.o(.text)
    run_self_test                            0x0800896d   Thumb Code   130  inv_mpu_dmp_motion_driver.o(.text)
    MPU6050_Init                             0x08008a15   Thumb Code    70  mpu6050.o(.text)
    MPU6050_Pose                             0x08008a5b   Thumb Code   442  mpu6050.o(.text)
    __use_no_semihosting                     0x08008c21   Thumb Code     2  use_no_semi_2.o(.text)
    __aeabi_ldivmod                          0x08008c23   Thumb Code     0  llsdiv.o(.text)
    _ll_sdiv                                 0x08008c23   Thumb Code    72  llsdiv.o(.text)
    __2printf                                0x08008c6d   Thumb Code    20  noretval__2printf.o(.text)
    __2sprintf                               0x08008c85   Thumb Code    34  noretval__2sprintf.o(.text)
    __printf                                 0x08008cad   Thumb Code   104  __printf.o(.text)
    _printf_str                              0x08008d15   Thumb Code    82  _printf_str.o(.text)
    _printf_int_dec                          0x08008d69   Thumb Code   104  _printf_dec.o(.text)
    memcmp                                   0x08008de1   Thumb Code    88  memcmp.o(.text)
    strcpy                                   0x08008e39   Thumb Code    72  strcpy.o(.text)
    strlen                                   0x08008e81   Thumb Code    62  strlen.o(.text)
    __aeabi_memcpy                           0x08008ebf   Thumb Code     0  rt_memcpy_v6.o(.text)
    __rt_memcpy                              0x08008ebf   Thumb Code   138  rt_memcpy_v6.o(.text)
    _memcpy_lastbytes                        0x08008f25   Thumb Code     0  rt_memcpy_v6.o(.text)
    __aeabi_memset                           0x08008f49   Thumb Code    16  aeabi_memset.o(.text)
    __use_two_region_memory                  0x08008f59   Thumb Code     2  heapauxi.o(.text)
    __rt_heap_escrow$2region                 0x08008f5b   Thumb Code     2  heapauxi.o(.text)
    __rt_heap_expand$2region                 0x08008f5d   Thumb Code     2  heapauxi.o(.text)
    __I$use$semihosting                      0x08008f5f   Thumb Code     0  use_no_semi.o(.text)
    __use_no_semihosting_swi                 0x08008f5f   Thumb Code     2  use_no_semi.o(.text)
    __aeabi_uldivmod                         0x08008f61   Thumb Code     0  lludivv7m.o(.text)
    _ll_udiv                                 0x08008f61   Thumb Code   238  lludivv7m.o(.text)
    __read_errno                             0x0800904f   Thumb Code    10  _rserrno.o(.text)
    __set_errno                              0x08009059   Thumb Code    12  _rserrno.o(.text)
    _printf_int_common                       0x08009065   Thumb Code   178  _printf_intcommon.o(.text)
    _printf_char_common                      0x08009123   Thumb Code    32  _printf_char_common.o(.text)
    _sputc                                   0x08009149   Thumb Code    10  _sputc.o(.text)
    _printf_cs_common                        0x08009153   Thumb Code    20  _printf_char.o(.text)
    _printf_char                             0x08009167   Thumb Code    16  _printf_char.o(.text)
    _printf_string                           0x08009177   Thumb Code     8  _printf_char.o(.text)
    _printf_char_file                        0x08009181   Thumb Code    32  _printf_char_file.o(.text)
    __aeabi_memcpy4                          0x080091a5   Thumb Code     0  rt_memcpy_w.o(.text)
    __aeabi_memcpy8                          0x080091a5   Thumb Code     0  rt_memcpy_w.o(.text)
    __rt_memcpy_w                            0x080091a5   Thumb Code   100  rt_memcpy_w.o(.text)
    _memcpy_lastbytes_aligned                0x080091ed   Thumb Code     0  rt_memcpy_w.o(.text)
    __aeabi_memclr                           0x08009209   Thumb Code     0  rt_memclr.o(.text)
    __rt_memclr                              0x08009209   Thumb Code    68  rt_memclr.o(.text)
    _memset                                  0x0800920d   Thumb Code     0  rt_memclr.o(.text)
    __aeabi_errno_addr                       0x0800924d   Thumb Code     8  rt_errno_addr_intlibspace.o(.text)
    __errno$intlibspace                      0x0800924d   Thumb Code     0  rt_errno_addr_intlibspace.o(.text)
    __rt_errno_addr$intlibspace              0x0800924d   Thumb Code     0  rt_errno_addr_intlibspace.o(.text)
    ferror                                   0x08009255   Thumb Code     8  ferror.o(.text)
    __aeabi_memclr4                          0x0800925d   Thumb Code     0  rt_memclr_w.o(.text)
    __aeabi_memclr8                          0x0800925d   Thumb Code     0  rt_memclr_w.o(.text)
    __rt_memclr_w                            0x0800925d   Thumb Code    78  rt_memclr_w.o(.text)
    _memset_w                                0x08009261   Thumb Code     0  rt_memclr_w.o(.text)
    __user_libspace                          0x080092ad   Thumb Code     8  libspace.o(.text)
    __user_perproc_libspace                  0x080092ad   Thumb Code     0  libspace.o(.text)
    __user_perthread_libspace                0x080092ad   Thumb Code     0  libspace.o(.text)
    __user_setup_stackheap                   0x080092b5   Thumb Code    74  sys_stackheap_outer.o(.text)
    exit                                     0x080092ff   Thumb Code    12  exit.o(.text)
    __ARM_fpclassify                         0x0800930b   Thumb Code    40  fpclassify.o(i.__ARM_fpclassify)
    __kernel_poly                            0x08009333   Thumb Code   170  poly.o(i.__kernel_poly)
    __mathlib_dbl_infnan                     0x080093dd   Thumb Code     6  dunder.o(i.__mathlib_dbl_infnan)
    __mathlib_dbl_infnan2                    0x080093e3   Thumb Code     4  dunder.o(i.__mathlib_dbl_infnan2)
    __mathlib_dbl_invalid                    0x080093e7   Thumb Code    12  dunder.o(i.__mathlib_dbl_invalid)
    __mathlib_dbl_underflow                  0x080093f5   Thumb Code    10  dunder.o(i.__mathlib_dbl_underflow)
    asin                                     0x08009405   Thumb Code   572  asin.o(i.asin)
    atan                                     0x08009675   Thumb Code   474  atan.o(i.atan)
    atan2                                    0x08009895   Thumb Code   346  atan2.o(i.atan2)
    sqrt                                     0x08009a15   Thumb Code    76  sqrt.o(i.sqrt)
    __aeabi_d2f                              0x08009a61   Thumb Code     0  d2f.o(x$fpl$d2f)
    _d2f                                     0x08009a61   Thumb Code    98  d2f.o(x$fpl$d2f)
    __aeabi_dadd                             0x08009ac5   Thumb Code     0  daddsub_clz.o(x$fpl$dadd)
    _dadd                                    0x08009ac5   Thumb Code   332  daddsub_clz.o(x$fpl$dadd)
    __fpl_dcheck_NaN1                        0x08009c15   Thumb Code    10  dcheck1.o(x$fpl$dcheck1)
    __aeabi_ddiv                             0x08009c25   Thumb Code     0  ddiv.o(x$fpl$ddiv)
    _ddiv                                    0x08009c25   Thumb Code   552  ddiv.o(x$fpl$ddiv)
    __aeabi_dmul                             0x08009ed5   Thumb Code     0  dmul.o(x$fpl$dmul)
    _dmul                                    0x08009ed5   Thumb Code   332  dmul.o(x$fpl$dmul)
    __fpl_dnaninf                            0x0800a029   Thumb Code   156  dnaninf.o(x$fpl$dnaninf)
    __fpl_dretinf                            0x0800a0c5   Thumb Code    12  dretinf.o(x$fpl$dretinf)
    __aeabi_drsub                            0x0800a0d1   Thumb Code     0  daddsub_clz.o(x$fpl$drsb)
    _drsb                                    0x0800a0d1   Thumb Code    22  daddsub_clz.o(x$fpl$drsb)
    _dsqrt                                   0x0800a0e9   Thumb Code   456  dsqrt_noumaal.o(x$fpl$dsqrt)
    __aeabi_dsub                             0x0800a2b5   Thumb Code     0  daddsub_clz.o(x$fpl$dsub)
    _dsub                                    0x0800a2b5   Thumb Code   464  daddsub_clz.o(x$fpl$dsub)
    __aeabi_f2d                              0x0800a489   Thumb Code     0  f2d.o(x$fpl$f2d)
    _f2d                                     0x0800a489   Thumb Code    86  f2d.o(x$fpl$f2d)
    __aeabi_fadd                             0x0800a4e1   Thumb Code     0  faddsub_clz.o(x$fpl$fadd)
    _fadd                                    0x0800a4e1   Thumb Code   196  faddsub_clz.o(x$fpl$fadd)
    __fpl_fcheck_NaN1                        0x0800a5a5   Thumb Code     6  fcheck1.o(x$fpl$fcheck1)
    __aeabi_fdiv                             0x0800a5b1   Thumb Code     0  fdiv.o(x$fpl$fdiv)
    _fdiv                                    0x0800a5b1   Thumb Code   384  fdiv.o(x$fpl$fdiv)
    __aeabi_f2iz                             0x0800a735   Thumb Code     0  ffix.o(x$fpl$ffix)
    _ffix                                    0x0800a735   Thumb Code    54  ffix.o(x$fpl$ffix)
    __aeabi_f2uiz                            0x0800a76d   Thumb Code     0  ffixu.o(x$fpl$ffixu)
    _ffixu                                   0x0800a76d   Thumb Code    62  ffixu.o(x$fpl$ffixu)
    __aeabi_i2f                              0x0800a7ad   Thumb Code     0  fflt_clz.o(x$fpl$fflt)
    _fflt                                    0x0800a7ad   Thumb Code    48  fflt_clz.o(x$fpl$fflt)
    __aeabi_ui2f                             0x0800a7dd   Thumb Code     0  fflt_clz.o(x$fpl$ffltu)
    _ffltu                                   0x0800a7dd   Thumb Code    38  fflt_clz.o(x$fpl$ffltu)
    __aeabi_fmul                             0x0800a805   Thumb Code     0  fmul.o(x$fpl$fmul)
    _fmul                                    0x0800a805   Thumb Code   258  fmul.o(x$fpl$fmul)
    __fpl_fnaninf                            0x0800a907   Thumb Code   140  fnaninf.o(x$fpl$fnaninf)
    __fpl_fretinf                            0x0800a993   Thumb Code    10  fretinf.o(x$fpl$fretinf)
    __aeabi_fsub                             0x0800a99d   Thumb Code     0  faddsub_clz.o(x$fpl$fsub)
    _fsub                                    0x0800a99d   Thumb Code   234  faddsub_clz.o(x$fpl$fsub)
    __fpl_return_NaN                         0x0800aa87   Thumb Code   100  retnan.o(x$fpl$retnan)
    __ARM_scalbn                             0x0800aaeb   Thumb Code    92  scalbn.o(x$fpl$scalbn)
    __ARM_scalbnf                            0x0800ab47   Thumb Code    76  scalbnf.o(x$fpl$scalbnf)
    __fpl_cmpreturn                          0x0800ab93   Thumb Code    48  trapv.o(x$fpl$trapveneer)
    __I$use$fp                               0x0800abc2   Number         0  usenofp.o(x$fpl$usenofp)
    ascii_1206                               0x0800abc2   Data        1140  lcd.o(.constdata)
    ascii_1608                               0x0800b036   Data        1520  lcd.o(.constdata)
    ascii_2412                               0x0800b626   Data        4560  lcd.o(.constdata)
    ascii_3216                               0x0800c7f6   Data        6080  lcd.o(.constdata)
    tfont12                                  0x0800dfb6   Data          52  lcd.o(.constdata)
    tfont16                                  0x0800dfea   Data         136  lcd.o(.constdata)
    tfont24                                  0x0800e072   Data         148  lcd.o(.constdata)
    tfont32                                  0x0800e106   Data         260  lcd.o(.constdata)
    gImage_Picture                           0x0800e20a   Data       12800  picture_1.o(.constdata)
    gImage_Mode                              0x0801140a   Data        2520  picture_1.o(.constdata)
    gImage_Order                             0x08011de2   Data        2520  picture_1.o(.constdata)
    gImage_Handle                            0x080127ba   Data        1440  picture_1.o(.constdata)
    gImage_IMU                               0x08012d5a   Data        1440  picture_1.o(.constdata)
    gImage_Stop                              0x080132fa   Data        1440  picture_1.o(.constdata)
    gImage_Left                              0x0801389a   Data        1440  picture_1.o(.constdata)
    gImage_Right                             0x08013e3a   Data        1440  picture_1.o(.constdata)
    gImage_Forward                           0x080143da   Data        1440  picture_1.o(.constdata)
    gImage_Back                              0x0801497a   Data        1440  picture_1.o(.constdata)
    gImage_Dog                               0x08014f1a   Data       32768  photo.o(.constdata)
    gImage_Xiaoxin                           0x0801cf1a   Data       32768  photo.o(.constdata)
    gImage_LineDog                           0x08024f1a   Data       32768  photo.o(.constdata)
    hw                                       0x0802cf1a   Data          12  inv_mpu.o(.constdata)
    reg                                      0x0802cf26   Data          27  inv_mpu.o(.constdata)
    test                                     0x0802cf44   Data          40  inv_mpu.o(.constdata)
    anjian1                                  0x0802db62   Data       18815  yinpin.o(.constdata)
    __mathlib_zero                           0x080325d0   Data           8  qnan.o(.constdata)
    Region$$Table$$Base                      0x08032628   Number         0  anon$$obj.o(Region$$Table)
    Region$$Table$$Limit                     0x08032648   Number         0  anon$$obj.o(Region$$Table)
    SystemCoreClock                          0x20000000   Data           4  system_stm32f10x.o(.data)
    AHBPrescTable                            0x20000004   Data          16  system_stm32f10x.o(.data)
    Music_Flag                               0x20000016   Data           1  timer.o(.data)
    wavecount                                0x20000018   Data           2  timer.o(.data)
    __stdout                                 0x20000020   Data           4  usart.o(.data)
    pxCurrentTCB                             0x2000003c   Data           4  tasks.o(.data)
    StartTask_Handler                        0x200000b0   Data           4  taskmanage.o(.data)
    LEDTask_Handler                          0x200000b4   Data           4  taskmanage.o(.data)
    UARTTask_Handler                         0x200000b8   Data           4  taskmanage.o(.data)
    HANDLETask_Handler                       0x200000bc   Data           4  taskmanage.o(.data)
    LCDHandleTask_Handler                    0x200000c0   Data           4  taskmanage.o(.data)
    LCDIMUTask_Handler                       0x200000c4   Data           4  taskmanage.o(.data)
    CHARGERTask_Handler                      0x200000c8   Data           4  taskmanage.o(.data)
    KEYTask_Handler                          0x200000cc   Data           4  taskmanage.o(.data)
    IMUTask_Handler                          0x200000d0   Data           4  taskmanage.o(.data)
    PHOTOTask_Handler                        0x200000d4   Data           4  taskmanage.o(.data)
    QUERYTask_Handler                        0x200000d8   Data           4  taskmanage.o(.data)
    Handle_LX_Queue                          0x200000dc   Data           4  taskmanage.o(.data)
    Handle_LY_Queue                          0x200000e0   Data           4  taskmanage.o(.data)
    Handle_RX_Queue                          0x200000e4   Data           4  taskmanage.o(.data)
    Handle_RY_Queue                          0x200000e8   Data           4  taskmanage.o(.data)
    KEY1_Queue                               0x200000ec   Data           4  taskmanage.o(.data)
    PITCH_Queue                              0x200000f0   Data           4  taskmanage.o(.data)
    ROLL_Queue                               0x200000f4   Data           4  taskmanage.o(.data)
    YAW_Queue                                0x200000f8   Data           4  taskmanage.o(.data)
    PHOTO_Queue                              0x200000fc   Data           4  taskmanage.o(.data)
    xLCDMutex                                0x20000100   Data           4  taskmanage.o(.data)
    xUARTMutex                               0x20000104   Data           4  taskmanage.o(.data)
    more                                     0x20000134   Data           1  mpu6050.o(.data)
    sensors                                  0x20000136   Data           2  mpu6050.o(.data)
    q0                                       0x20000138   Data           4  mpu6050.o(.data)
    q1                                       0x2000013c   Data           4  mpu6050.o(.data)
    q2                                       0x20000140   Data           4  mpu6050.o(.data)
    q3                                       0x20000144   Data           4  mpu6050.o(.data)
    sensor_timestamp                         0x20000148   Data           4  mpu6050.o(.data)
    gyro                                     0x2000014c   Data           6  mpu6050.o(.data)
    accel                                    0x20000152   Data           6  mpu6050.o(.data)
    xQueueRegistry                           0x20000164   Data          64  queue.o(.bss)
    InfoBuffer                               0x2000a4b0   Data        1000  taskmanage.o(.bss)
    quat                                     0x2000a8a8   Data          16  mpu6050.o(.bss)
    __libspace_start                         0x2000a8b8   Data          96  libspace.o(.bss)
    __temporary_stack_top$libspace           0x2000a918   Data           0  libspace.o(.bss)



==============================================================================

Memory Map of the image

  Image Entry point : 0x08000131

  Load Region LR_IROM1 (Base: 0x08000000, Size: 0x000327ac, Max: 0x00040000, ABSOLUTE, COMPRESSED[0x00032680])

    Execution Region ER_IROM1 (Base: 0x08000000, Size: 0x00032648, Max: 0x00040000, ABSOLUTE)

    Base Addr    Size         Type   Attr      Idx    E Section Name        Object

    0x08000000   0x00000130   Data   RO          488    RESET               startup_stm32f10x_hd.o
    0x08000130   0x00000008   Code   RO         1193  * !!!main             c_w.l(__main.o)
    0x08000138   0x00000034   Code   RO         1515    !!!scatter          c_w.l(__scatter.o)
    0x0800016c   0x0000005a   Code   RO         1513    !!dczerorl2         c_w.l(__dczerorl2.o)
    0x080001c6   0x00000002   PAD
    0x080001c8   0x0000001c   Code   RO         1517    !!handler_zi        c_w.l(__scatter_zi.o)
    0x080001e4   0x00000000   Code   RO         1180    .ARM.Collect$$_printf_percent$$00000000  c_w.l(_printf_percent.o)
    0x080001e4   0x00000006   Code   RO         1178    .ARM.Collect$$_printf_percent$$00000009  c_w.l(_printf_d.o)
    0x080001ea   0x00000006   Code   RO         1179    .ARM.Collect$$_printf_percent$$0000000A  c_w.l(_printf_u.o)
    0x080001f0   0x00000006   Code   RO         1176    .ARM.Collect$$_printf_percent$$00000013  c_w.l(_printf_c.o)
    0x080001f6   0x00000006   Code   RO         1177    .ARM.Collect$$_printf_percent$$00000014  c_w.l(_printf_s.o)
    0x080001fc   0x00000004   Code   RO         1264    .ARM.Collect$$_printf_percent$$00000017  c_w.l(_printf_percent_end.o)
    0x08000200   0x00000002   Code   RO         1383    .ARM.Collect$$libinit$$00000000  c_w.l(libinit.o)
    0x08000202   0x00000000   Code   RO         1395    .ARM.Collect$$libinit$$00000002  c_w.l(libinit2.o)
    0x08000202   0x00000000   Code   RO         1397    .ARM.Collect$$libinit$$00000004  c_w.l(libinit2.o)
    0x08000202   0x00000000   Code   RO         1400    .ARM.Collect$$libinit$$0000000A  c_w.l(libinit2.o)
    0x08000202   0x00000000   Code   RO         1402    .ARM.Collect$$libinit$$0000000C  c_w.l(libinit2.o)
    0x08000202   0x00000000   Code   RO         1404    .ARM.Collect$$libinit$$0000000E  c_w.l(libinit2.o)
    0x08000202   0x00000000   Code   RO         1407    .ARM.Collect$$libinit$$00000011  c_w.l(libinit2.o)
    0x08000202   0x00000000   Code   RO         1409    .ARM.Collect$$libinit$$00000013  c_w.l(libinit2.o)
    0x08000202   0x00000000   Code   RO         1411    .ARM.Collect$$libinit$$00000015  c_w.l(libinit2.o)
    0x08000202   0x00000000   Code   RO         1413    .ARM.Collect$$libinit$$00000017  c_w.l(libinit2.o)
    0x08000202   0x00000000   Code   RO         1415    .ARM.Collect$$libinit$$00000019  c_w.l(libinit2.o)
    0x08000202   0x00000000   Code   RO         1417    .ARM.Collect$$libinit$$0000001B  c_w.l(libinit2.o)
    0x08000202   0x00000000   Code   RO         1419    .ARM.Collect$$libinit$$0000001D  c_w.l(libinit2.o)
    0x08000202   0x00000000   Code   RO         1421    .ARM.Collect$$libinit$$0000001F  c_w.l(libinit2.o)
    0x08000202   0x00000000   Code   RO         1423    .ARM.Collect$$libinit$$00000021  c_w.l(libinit2.o)
    0x08000202   0x00000000   Code   RO         1425    .ARM.Collect$$libinit$$00000023  c_w.l(libinit2.o)
    0x08000202   0x00000000   Code   RO         1427    .ARM.Collect$$libinit$$00000025  c_w.l(libinit2.o)
    0x08000202   0x00000000   Code   RO         1431    .ARM.Collect$$libinit$$0000002C  c_w.l(libinit2.o)
    0x08000202   0x00000000   Code   RO         1433    .ARM.Collect$$libinit$$0000002E  c_w.l(libinit2.o)
    0x08000202   0x00000000   Code   RO         1435    .ARM.Collect$$libinit$$00000030  c_w.l(libinit2.o)
    0x08000202   0x00000000   Code   RO         1437    .ARM.Collect$$libinit$$00000032  c_w.l(libinit2.o)
    0x08000202   0x00000002   Code   RO         1438    .ARM.Collect$$libinit$$00000033  c_w.l(libinit2.o)
    0x08000204   0x00000002   Code   RO         1466    .ARM.Collect$$libshutdown$$00000000  c_w.l(libshutdown.o)
    0x08000206   0x00000000   Code   RO         1481    .ARM.Collect$$libshutdown$$00000003  c_w.l(libshutdown2.o)
    0x08000206   0x00000000   Code   RO         1484    .ARM.Collect$$libshutdown$$00000006  c_w.l(libshutdown2.o)
    0x08000206   0x00000000   Code   RO         1487    .ARM.Collect$$libshutdown$$00000009  c_w.l(libshutdown2.o)
    0x08000206   0x00000000   Code   RO         1489    .ARM.Collect$$libshutdown$$0000000B  c_w.l(libshutdown2.o)
    0x08000206   0x00000000   Code   RO         1492    .ARM.Collect$$libshutdown$$0000000E  c_w.l(libshutdown2.o)
    0x08000206   0x00000002   Code   RO         1493    .ARM.Collect$$libshutdown$$0000000F  c_w.l(libshutdown2.o)
    0x08000208   0x00000000   Code   RO         1249    .ARM.Collect$$rtentry$$00000000  c_w.l(__rtentry.o)
    0x08000208   0x00000000   Code   RO         1330    .ARM.Collect$$rtentry$$00000002  c_w.l(__rtentry2.o)
    0x08000208   0x00000006   Code   RO         1342    .ARM.Collect$$rtentry$$00000004  c_w.l(__rtentry4.o)
    0x0800020e   0x00000000   Code   RO         1332    .ARM.Collect$$rtentry$$00000009  c_w.l(__rtentry2.o)
    0x0800020e   0x00000004   Code   RO         1333    .ARM.Collect$$rtentry$$0000000A  c_w.l(__rtentry2.o)
    0x08000212   0x00000000   Code   RO         1335    .ARM.Collect$$rtentry$$0000000C  c_w.l(__rtentry2.o)
    0x08000212   0x00000008   Code   RO         1336    .ARM.Collect$$rtentry$$0000000D  c_w.l(__rtentry2.o)
    0x0800021a   0x00000002   Code   RO         1388    .ARM.Collect$$rtexit$$00000000  c_w.l(rtexit.o)
    0x0800021c   0x00000000   Code   RO         1440    .ARM.Collect$$rtexit$$00000002  c_w.l(rtexit2.o)
    0x0800021c   0x00000004   Code   RO         1441    .ARM.Collect$$rtexit$$00000003  c_w.l(rtexit2.o)
    0x08000220   0x00000006   Code   RO         1442    .ARM.Collect$$rtexit$$00000004  c_w.l(rtexit2.o)
    0x08000226   0x00000002   PAD
    0x08000228   0x00000096   Code   RO          923    .emb_text           port.o
    0x080002be   0x00000018   Code   RO            1    .text               main.o
    0x080002d6   0x0000000c   Code   RO          218    .text               stm32f10x_it.o
    0x080002e2   0x00000002   PAD
    0x080002e4   0x00000158   Code   RO          259    .text               system_stm32f10x.o
    0x0800043c   0x00000108   Code   RO          277    .text               led.o
    0x08000544   0x0000005c   Code   RO          289    .text               pwr.o
    0x080005a0   0x000000f8   Code   RO          301    .text               handle.o
    0x08000698   0x000008fc   Code   RO          313    .text               lcd.o
    0x08000f94   0x00000348   Code   RO          332    .text               lcd_init.o
    0x080012dc   0x000000e4   Code   RO          345    .text               charger.o
    0x080013c0   0x00000134   Code   RO          357    .text               key.o
    0x080014f4   0x0000005c   Code   RO          370    .text               mot.o
    0x08001550   0x00000064   Code   RO          382    .text               dac.o
    0x080015b4   0x000000c4   Code   RO          394    .text               timer.o
    0x08001678   0x000000dc   Code   RO          412    .text               delay.o
    0x08001754   0x00000118   Code   RO          426    .text               sys.o
    0x0800186c   0x00000094   Code   RO          439    .text               usart.o
    0x08001900   0x000000c8   Code   RO          461    .text               systick.o
    0x080019c8   0x00000040   Code   RO          489    .text               startup_stm32f10x_hd.o
    0x08001a08   0x000000b0   Code   RO          493    .text               misc.o
    0x08001ab8   0x00000264   Code   RO          505    .text               stm32f10x_gpio.o
    0x08001d1c   0x000002b8   Code   RO          517    .text               stm32f10x_rcc.o
    0x08001fd4   0x00000328   Code   RO          531    .text               stm32f10x_usart.o
    0x080022fc   0x00000330   Code   RO          543    .text               stm32f10x_adc.o
    0x0800262c   0x000000fc   Code   RO          603    .text               stm32f10x_dac.o
    0x08002728   0x00000af0   Code   RO          749    .text               stm32f10x_tim.o
    0x08003218   0x00000088   Code   RO          845    .text               list.o
    0x080032a0   0x00000aac   Code   RO          857    .text               queue.o
    0x08003d4c   0x0000134c   Code   RO          876    .text               tasks.o
    0x08005098   0x00000518   Code   RO          908    .text               timers.o
    0x080055b0   0x000001f8   Code   RO          924    .text               port.o
    0x080057a8   0x00000214   Code   RO          954    .text               heap_4.o
    0x080059bc   0x00000b60   Code   RO          969    .text               taskmanage.o
    0x0800651c   0x000002ac   Code   RO         1026    .text               i2c.o
    0x080067c8   0x000016ec   Code   RO         1050    .text               inv_mpu.o
    0x08007eb4   0x00000b60   Code   RO         1080    .text               inv_mpu_dmp_motion_driver.o
    0x08008a14   0x0000020c   Code   RO         1102    .text               mpu6050.o
    0x08008c20   0x00000002   Code   RO         1138    .text               c_w.l(use_no_semi_2.o)
    0x08008c22   0x00000048   Code   RO         1140    .text               c_w.l(llsdiv.o)
    0x08008c6a   0x00000002   PAD
    0x08008c6c   0x00000018   Code   RO         1146    .text               c_w.l(noretval__2printf.o)
    0x08008c84   0x00000028   Code   RO         1148    .text               c_w.l(noretval__2sprintf.o)
    0x08008cac   0x00000068   Code   RO         1150    .text               c_w.l(__printf.o)
    0x08008d14   0x00000052   Code   RO         1152    .text               c_w.l(_printf_str.o)
    0x08008d66   0x00000002   PAD
    0x08008d68   0x00000078   Code   RO         1154    .text               c_w.l(_printf_dec.o)
    0x08008de0   0x00000058   Code   RO         1181    .text               c_w.l(memcmp.o)
    0x08008e38   0x00000048   Code   RO         1183    .text               c_w.l(strcpy.o)
    0x08008e80   0x0000003e   Code   RO         1185    .text               c_w.l(strlen.o)
    0x08008ebe   0x0000008a   Code   RO         1187    .text               c_w.l(rt_memcpy_v6.o)
    0x08008f48   0x00000010   Code   RO         1189    .text               c_w.l(aeabi_memset.o)
    0x08008f58   0x00000006   Code   RO         1191    .text               c_w.l(heapauxi.o)
    0x08008f5e   0x00000002   Code   RO         1247    .text               c_w.l(use_no_semi.o)
    0x08008f60   0x000000ee   Code   RO         1250    .text               c_w.l(lludivv7m.o)
    0x0800904e   0x00000016   Code   RO         1252    .text               c_w.l(_rserrno.o)
    0x08009064   0x000000b2   Code   RO         1254    .text               c_w.l(_printf_intcommon.o)
    0x08009116   0x00000002   PAD
    0x08009118   0x00000030   Code   RO         1256    .text               c_w.l(_printf_char_common.o)
    0x08009148   0x0000000a   Code   RO         1258    .text               c_w.l(_sputc.o)
    0x08009152   0x0000002c   Code   RO         1260    .text               c_w.l(_printf_char.o)
    0x0800917e   0x00000002   PAD
    0x08009180   0x00000024   Code   RO         1262    .text               c_w.l(_printf_char_file.o)
    0x080091a4   0x00000064   Code   RO         1265    .text               c_w.l(rt_memcpy_w.o)
    0x08009208   0x00000044   Code   RO         1267    .text               c_w.l(rt_memclr.o)
    0x0800924c   0x00000008   Code   RO         1351    .text               c_w.l(rt_errno_addr_intlibspace.o)
    0x08009254   0x00000008   Code   RO         1355    .text               c_w.l(ferror.o)
    0x0800925c   0x0000004e   Code   RO         1359    .text               c_w.l(rt_memclr_w.o)
    0x080092aa   0x00000002   PAD
    0x080092ac   0x00000008   Code   RO         1369    .text               c_w.l(libspace.o)
    0x080092b4   0x0000004a   Code   RO         1372    .text               c_w.l(sys_stackheap_outer.o)
    0x080092fe   0x0000000c   Code   RO         1376    .text               c_w.l(exit.o)
    0x0800930a   0x00000028   Code   RO         1316    i.__ARM_fpclassify  m_ws.l(fpclassify.o)
    0x08009332   0x000000aa   Code   RO         1318    i.__kernel_poly     m_ws.l(poly.o)
    0x080093dc   0x00000006   Code   RO         1303    i.__mathlib_dbl_infnan  m_ws.l(dunder.o)
    0x080093e2   0x00000004   Code   RO         1304    i.__mathlib_dbl_infnan2  m_ws.l(dunder.o)
    0x080093e6   0x0000000c   Code   RO         1305    i.__mathlib_dbl_invalid  m_ws.l(dunder.o)
    0x080093f2   0x00000002   PAD
    0x080093f4   0x00000010   Code   RO         1308    i.__mathlib_dbl_underflow  m_ws.l(dunder.o)
    0x08009404   0x00000270   Code   RO         1230    i.asin              m_ws.l(asin.o)
    0x08009674   0x00000220   Code   RO         1293    i.atan              m_ws.l(atan.o)
    0x08009894   0x00000180   Code   RO         1240    i.atan2             m_ws.l(atan2.o)
    0x08009a14   0x0000004c   Code   RO         1322    i.sqrt              m_ws.l(sqrt.o)
    0x08009a60   0x00000062   Code   RO         1195    x$fpl$d2f           fz_ws.l(d2f.o)
    0x08009ac2   0x00000002   PAD
    0x08009ac4   0x00000150   Code   RO         1269    x$fpl$dadd          fz_ws.l(daddsub_clz.o)
    0x08009c14   0x00000010   Code   RO         1361    x$fpl$dcheck1       fz_ws.l(dcheck1.o)
    0x08009c24   0x000002b0   Code   RO         1276    x$fpl$ddiv          fz_ws.l(ddiv.o)
    0x08009ed4   0x00000154   Code   RO         1197    x$fpl$dmul          fz_ws.l(dmul.o)
    0x0800a028   0x0000009c   Code   RO         1279    x$fpl$dnaninf       fz_ws.l(dnaninf.o)
    0x0800a0c4   0x0000000c   Code   RO         1281    x$fpl$dretinf       fz_ws.l(dretinf.o)
    0x0800a0d0   0x00000016   Code   RO         1270    x$fpl$drsb          fz_ws.l(daddsub_clz.o)
    0x0800a0e6   0x00000002   PAD
    0x0800a0e8   0x000001cc   Code   RO         1365    x$fpl$dsqrt         fz_ws.l(dsqrt_noumaal.o)
    0x0800a2b4   0x000001d4   Code   RO         1271    x$fpl$dsub          fz_ws.l(daddsub_clz.o)
    0x0800a488   0x00000056   Code   RO         1199    x$fpl$f2d           fz_ws.l(f2d.o)
    0x0800a4de   0x00000002   PAD
    0x0800a4e0   0x000000c4   Code   RO         1201    x$fpl$fadd          fz_ws.l(faddsub_clz.o)
    0x0800a5a4   0x0000000c   Code   RO         1283    x$fpl$fcheck1       fz_ws.l(fcheck1.o)
    0x0800a5b0   0x00000184   Code   RO         1208    x$fpl$fdiv          fz_ws.l(fdiv.o)
    0x0800a734   0x00000036   Code   RO         1211    x$fpl$ffix          fz_ws.l(ffix.o)
    0x0800a76a   0x00000002   PAD
    0x0800a76c   0x0000003e   Code   RO         1215    x$fpl$ffixu         fz_ws.l(ffixu.o)
    0x0800a7aa   0x00000002   PAD
    0x0800a7ac   0x00000030   Code   RO         1220    x$fpl$fflt          fz_ws.l(fflt_clz.o)
    0x0800a7dc   0x00000026   Code   RO         1219    x$fpl$ffltu         fz_ws.l(fflt_clz.o)
    0x0800a802   0x00000002   PAD
    0x0800a804   0x00000102   Code   RO         1225    x$fpl$fmul          fz_ws.l(fmul.o)
    0x0800a906   0x0000008c   Code   RO         1285    x$fpl$fnaninf       fz_ws.l(fnaninf.o)
    0x0800a992   0x0000000a   Code   RO         1287    x$fpl$fretinf       fz_ws.l(fretinf.o)
    0x0800a99c   0x000000ea   Code   RO         1203    x$fpl$fsub          fz_ws.l(faddsub_clz.o)
    0x0800aa86   0x00000064   Code   RO         1367    x$fpl$retnan        fz_ws.l(retnan.o)
    0x0800aaea   0x0000005c   Code   RO         1289    x$fpl$scalbn        fz_ws.l(scalbn.o)
    0x0800ab46   0x0000004c   Code   RO         1227    x$fpl$scalbnf       fz_ws.l(scalbnf.o)
    0x0800ab92   0x00000030   Code   RO         1386    x$fpl$trapveneer    fz_ws.l(trapv.o)
    0x0800abc2   0x00000000   Code   RO         1291    x$fpl$usenofp       fz_ws.l(usenofp.o)
    0x0800abc2   0x00003648   Data   RO          314    .constdata          lcd.o
    0x0800e20a   0x00003200   Data   RO          991    .constdata          picture_1.o
    0x0801140a   0x000009d8   Data   RO          992    .constdata          picture_1.o
    0x08011de2   0x000009d8   Data   RO          993    .constdata          picture_1.o
    0x080127ba   0x000005a0   Data   RO          994    .constdata          picture_1.o
    0x08012d5a   0x000005a0   Data   RO          995    .constdata          picture_1.o
    0x080132fa   0x000005a0   Data   RO          996    .constdata          picture_1.o
    0x0801389a   0x000005a0   Data   RO          997    .constdata          picture_1.o
    0x08013e3a   0x000005a0   Data   RO          998    .constdata          picture_1.o
    0x080143da   0x000005a0   Data   RO          999    .constdata          picture_1.o
    0x0801497a   0x000005a0   Data   RO         1000    .constdata          picture_1.o
    0x08014f1a   0x00008000   Data   RO         1012    .constdata          photo.o
    0x0801cf1a   0x00008000   Data   RO         1013    .constdata          photo.o
    0x08024f1a   0x00008000   Data   RO         1014    .constdata          photo.o
    0x0802cf1a   0x0000000c   Data   RO         1051    .constdata          inv_mpu.o
    0x0802cf26   0x0000001b   Data   RO         1052    .constdata          inv_mpu.o
    0x0802cf41   0x00000003   PAD
    0x0802cf44   0x00000028   Data   RO         1053    .constdata          inv_mpu.o
    0x0802cf6c   0x00000bf6   Data   RO         1082    .constdata          inv_mpu_dmp_motion_driver.o
    0x0802db62   0x0000497f   Data   RO         1124    .constdata          yinpin.o
    0x080324e1   0x00000007   PAD
    0x080324e8   0x00000050   Data   RO         1231    .constdata          m_ws.l(asin.o)
    0x08032538   0x00000098   Data   RO         1294    .constdata          m_ws.l(atan.o)
    0x080325d0   0x00000008   Data   RO         1320    .constdata          m_ws.l(qnan.o)
    0x080325d8   0x0000004e   Data   RO         1054    .conststring        inv_mpu.o
    0x08032626   0x00000002   PAD
    0x08032628   0x00000020   Data   RO         1511    Region$$Table       anon$$obj.o


    Execution Region RW_IRAM1 (Base: 0x20000000, Size: 0x0000af18, Max: 0x0000c000, ABSOLUTE, COMPRESSED[0x00000038])

    Base Addr    Size         Type   Attr      Idx    E Section Name        Object

    0x20000000   0x00000014   Data   RW          260    .data               system_stm32f10x.o
    0x20000014   0x00000001   Data   RW          358    .data               key.o
    0x20000015   0x00000001   PAD
    0x20000016   0x00000004   Data   RW          395    .data               timer.o
    0x2000001a   0x00000004   Data   RW          413    .data               delay.o
    0x2000001e   0x00000002   PAD
    0x20000020   0x00000004   Data   RW          440    .data               usart.o
    0x20000024   0x00000004   Data   RW          462    .data               systick.o
    0x20000028   0x00000014   Data   RW          518    .data               stm32f10x_rcc.o
    0x2000003c   0x0000003c   Data   RW          878    .data               tasks.o
    0x20000078   0x00000014   Data   RW          910    .data               timers.o
    0x2000008c   0x0000000c   Data   RW          925    .data               port.o
    0x20000098   0x00000018   Data   RW          956    .data               heap_4.o
    0x200000b0   0x00000058   Data   RW          971    .data               taskmanage.o
    0x20000108   0x0000002c   Data   RW         1055    .data               inv_mpu.o
    0x20000134   0x0000002d   Data   RW         1104    .data               mpu6050.o
    0x20000161   0x00000003   PAD
    0x20000164   0x00000040   Zero   RW          858    .bss                queue.o
    0x200001a4   0x000002e4   Zero   RW          877    .bss                tasks.o
    0x20000488   0x00000028   Zero   RW          909    .bss                timers.o
    0x200004b0   0x0000a000   Zero   RW          955    .bss                heap_4.o
    0x2000a4b0   0x000003e8   Zero   RW          970    .bss                taskmanage.o
    0x2000a898   0x00000010   Zero   RW         1081    .bss                inv_mpu_dmp_motion_driver.o
    0x2000a8a8   0x00000010   Zero   RW         1103    .bss                mpu6050.o
    0x2000a8b8   0x00000060   Zero   RW         1370    .bss                c_w.l(libspace.o)
    0x2000a918   0x00000200   Zero   RW          487    HEAP                startup_stm32f10x_hd.o
    0x2000ab18   0x00000400   Zero   RW          486    STACK               startup_stm32f10x_hd.o


==============================================================================

Image component sizes


      Code (inc. data)   RO Data    RW Data    ZI Data      Debug   Object Name

       228         10          0          0          0       1067   charger.o
         0          0          0          0          0         32   core_cm3.o
       100          6          0          0          0        600   dac.o
       220         14          0          4          0       1660   delay.o
         0          0          0          0          0      11828   event_groups.o
       248         12          0          0          0       1054   handle.o
       532         66          0         24      40960       3148   heap_4.o
       684          6          0          0          0       3718   i2c.o
      5868        160        157         44          0      19228   inv_mpu.o
      2912        158       3062          0         16      15144   inv_mpu_dmp_motion_driver.o
       308         10          0          1          0        956   key.o
      2300         30      13896          0          0       8227   lcd.o
       840          8          0          0          0       4568   lcd_init.o
       264         18          0          0          0        832   led.o
       136          0          0          0          0       1670   list.o
        24          0          0          0          0     277123   main.o
       176         14          0          0          0       1709   misc.o
        92          8          0          0          0        748   mot.o
       524         12          0         45         16       1924   mpu6050.o
         0          0      98304          0          0        667   photo.o
         0          0      27920          0          0       1035   picture_1.o
       654         94          0         12          0       7713   port.o
        92          8          0          0          0        859   pwr.o
      2732         52          0          0         64      16172   queue.o
        64         26        304          0       1536        812   startup_stm32f10x_hd.o
       816         24          0          0          0       9469   stm32f10x_adc.o
       252          4          0          0          0       3306   stm32f10x_dac.o
       612         36          0          0          0       4985   stm32f10x_gpio.o
        12          0          0          0          0        903   stm32f10x_it.o
       696         32          0         20          0       8116   stm32f10x_rcc.o
      2800         84          0          0          0      18206   stm32f10x_tim.o
       808         22          0          0          0       7312   stm32f10x_usart.o
       280         28          0          0          0       1052   sys.o
       344         34          0         20          0       1779   system_stm32f10x.o
       200         14          0          4          0       1402   systick.o
      2912        698          0         88       1000       8610   taskmanage.o
      4940        180          0         60        740      29038   tasks.o
       196         12          0          4          0       1107   timer.o
      1304        128          0         20         40       7616   timers.o
       148          8          0          4          0       2801   usart.o
         0          0      18815          0          0        538   yinpin.o

    ----------------------------------------------------------------------
     35320       2016     162502        356      44372     488734   Object Totals
         0          0         32          0          0          0   (incl. Generated)
         2          0         12          6          0          0   (incl. Padding)

    ----------------------------------------------------------------------

      Code (inc. data)   RO Data    RW Data    ZI Data      Debug   Library Member Name

        90          0          0          0          0          0   __dczerorl2.o
         8          0          0          0          0         68   __main.o
       104          0          0          0          0         84   __printf.o
         0          0          0          0          0          0   __rtentry.o
        12          0          0          0          0          0   __rtentry2.o
         6          0          0          0          0          0   __rtentry4.o
        52          8          0          0          0          0   __scatter.o
        28          0          0          0          0          0   __scatter_zi.o
         6          0          0          0          0          0   _printf_c.o
        44          0          0          0          0        108   _printf_char.o
        48          6          0          0          0         96   _printf_char_common.o
        36          4          0          0          0         80   _printf_char_file.o
         6          0          0          0          0          0   _printf_d.o
       120         16          0          0          0         92   _printf_dec.o
       178          0          0          0          0         88   _printf_intcommon.o
         0          0          0          0          0          0   _printf_percent.o
         4          0          0          0          0          0   _printf_percent_end.o
         6          0          0          0          0          0   _printf_s.o
        82          0          0          0          0         80   _printf_str.o
         6          0          0          0          0          0   _printf_u.o
        22          0          0          0          0        100   _rserrno.o
        10          0          0          0          0         68   _sputc.o
        16          0          0          0          0         68   aeabi_memset.o
        12          0          0          0          0         72   exit.o
         8          0          0          0          0         68   ferror.o
         6          0          0          0          0        152   heapauxi.o
         2          0          0          0          0          0   libinit.o
         2          0          0          0          0          0   libinit2.o
         2          0          0          0          0          0   libshutdown.o
         2          0          0          0          0          0   libshutdown2.o
         8          4          0          0         96         68   libspace.o
        72          0          0          0          0         76   llsdiv.o
       238          0          0          0          0        100   lludivv7m.o
        88          0          0          0          0         76   memcmp.o
        24          4          0          0          0         84   noretval__2printf.o
        40          6          0          0          0         84   noretval__2sprintf.o
         8          4          0          0          0         68   rt_errno_addr_intlibspace.o
        68          0          0          0          0         68   rt_memclr.o
        78          0          0          0          0         80   rt_memclr_w.o
       138          0          0          0          0         68   rt_memcpy_v6.o
       100          0          0          0          0         80   rt_memcpy_w.o
         2          0          0          0          0          0   rtexit.o
        10          0          0          0          0          0   rtexit2.o
        72          0          0          0          0         80   strcpy.o
        62          0          0          0          0         76   strlen.o
        74          0          0          0          0         80   sys_stackheap_outer.o
         2          0          0          0          0         68   use_no_semi.o
         2          0          0          0          0         68   use_no_semi_2.o
        98          4          0          0          0         92   d2f.o
       826         16          0          0          0        348   daddsub_clz.o
        16          4          0          0          0         68   dcheck1.o
       688        140          0          0          0        208   ddiv.o
       340         12          0          0          0        104   dmul.o
       156          4          0          0          0         92   dnaninf.o
        12          0          0          0          0         68   dretinf.o
       460         56          0          0          0        120   dsqrt_noumaal.o
        86          4          0          0          0         84   f2d.o
       430          8          0          0          0        168   faddsub_clz.o
        12          4          0          0          0         68   fcheck1.o
       388         76          0          0          0         96   fdiv.o
        54          4          0          0          0         84   ffix.o
        62          4          0          0          0         84   ffixu.o
        86          0          0          0          0        136   fflt_clz.o
       258          4          0          0          0         84   fmul.o
       140          4          0          0          0         84   fnaninf.o
        10          0          0          0          0         68   fretinf.o
       100          0          0          0          0         68   retnan.o
        92          0          0          0          0         68   scalbn.o
        76          0          0          0          0         68   scalbnf.o
        48          0          0          0          0         68   trapv.o
         0          0          0          0          0          0   usenofp.o
       624         52         80          0          0        168   asin.o
       544         70        152          0          0        124   atan.o
       384         38          0          0          0        144   atan2.o
        38          6          0          0          0        272   dunder.o
        40          0          0          0          0         68   fpclassify.o
       170          0          0          0          0         96   poly.o
         0          0          8          0          0          0   qnan.o
        76          0          0          0          0         84   sqrt.o

    ----------------------------------------------------------------------
      8346        562        240          0         96       5732   Library Totals
        28          0          0          0          0          0   (incl. Padding)

    ----------------------------------------------------------------------

      Code (inc. data)   RO Data    RW Data    ZI Data      Debug   Library Name

      2004         52          0          0         96       2448   c_w.l
      4438        344          0          0          0       2328   fz_ws.l
      1876        166        240          0          0        956   m_ws.l

    ----------------------------------------------------------------------
      8346        562        240          0         96       5732   Library Totals

    ----------------------------------------------------------------------

==============================================================================


      Code (inc. data)   RO Data    RW Data    ZI Data      Debug   

     43666       2578     162742        356      44468     487026   Grand Totals
     43666       2578     162742         56      44468     487026   ELF Image Totals (compressed)
     43666       2578     162742         56          0          0   ROM Totals

==============================================================================

    Total RO  Size (Code + RO Data)               206408 ( 201.57kB)
    Total RW  Size (RW Data + ZI Data)             44824 (  43.77kB)
    Total ROM Size (Code + RO Data + RW Data)     206464 ( 201.63kB)

==============================================================================

